Archive member included to satisfy reference by file (symbol)

c:/program files (x86)/atollic/truestudio for stm32 9.3.0/armtools/bin/../lib/gcc/arm-atollic-eabi/6.3.1/../../../../arm-atollic-eabi/lib/armv7e-m/fpu\libc_nano.a(lib_a-errno.o)
                              Src\syscalls.o (__errno)
c:/program files (x86)/atollic/truestudio for stm32 9.3.0/armtools/bin/../lib/gcc/arm-atollic-eabi/6.3.1/../../../../arm-atollic-eabi/lib/armv7e-m/fpu\libc_nano.a(lib_a-impure.o)
                              c:/program files (x86)/atollic/truestudio for stm32 9.3.0/armtools/bin/../lib/gcc/arm-atollic-eabi/6.3.1/../../../../arm-atollic-eabi/lib/armv7e-m/fpu\libc_nano.a(lib_a-errno.o) (_impure_ptr)
c:/program files (x86)/atollic/truestudio for stm32 9.3.0/armtools/bin/../lib/gcc/arm-atollic-eabi/6.3.1/../../../../arm-atollic-eabi/lib/armv7e-m/fpu\libc_nano.a(lib_a-init.o)
                              startup\startup_stm32f446xx.o (__libc_init_array)
c:/program files (x86)/atollic/truestudio for stm32 9.3.0/armtools/bin/../lib/gcc/arm-atollic-eabi/6.3.1/../../../../arm-atollic-eabi/lib/armv7e-m/fpu\libc_nano.a(lib_a-malloc.o)
                              Src\neoPixel.o (malloc)
c:/program files (x86)/atollic/truestudio for stm32 9.3.0/armtools/bin/../lib/gcc/arm-atollic-eabi/6.3.1/../../../../arm-atollic-eabi/lib/armv7e-m/fpu\libc_nano.a(lib_a-memset.o)
                              Src\HGCodeParser.o (memset)
c:/program files (x86)/atollic/truestudio for stm32 9.3.0/armtools/bin/../lib/gcc/arm-atollic-eabi/6.3.1/../../../../arm-atollic-eabi/lib/armv7e-m/fpu\libc_nano.a(lib_a-nano-freer.o)
                              c:/program files (x86)/atollic/truestudio for stm32 9.3.0/armtools/bin/../lib/gcc/arm-atollic-eabi/6.3.1/../../../../arm-atollic-eabi/lib/armv7e-m/fpu\libc_nano.a(lib_a-malloc.o) (_free_r)
c:/program files (x86)/atollic/truestudio for stm32 9.3.0/armtools/bin/../lib/gcc/arm-atollic-eabi/6.3.1/../../../../arm-atollic-eabi/lib/armv7e-m/fpu\libc_nano.a(lib_a-nano-mallocr.o)
                              c:/program files (x86)/atollic/truestudio for stm32 9.3.0/armtools/bin/../lib/gcc/arm-atollic-eabi/6.3.1/../../../../arm-atollic-eabi/lib/armv7e-m/fpu\libc_nano.a(lib_a-malloc.o) (_malloc_r)
c:/program files (x86)/atollic/truestudio for stm32 9.3.0/armtools/bin/../lib/gcc/arm-atollic-eabi/6.3.1/../../../../arm-atollic-eabi/lib/armv7e-m/fpu\libc_nano.a(lib_a-sbrkr.o)
                              c:/program files (x86)/atollic/truestudio for stm32 9.3.0/armtools/bin/../lib/gcc/arm-atollic-eabi/6.3.1/../../../../arm-atollic-eabi/lib/armv7e-m/fpu\libc_nano.a(lib_a-nano-mallocr.o) (_sbrk_r)
c:/program files (x86)/atollic/truestudio for stm32 9.3.0/armtools/bin/../lib/gcc/arm-atollic-eabi/6.3.1/../../../../arm-atollic-eabi/lib/armv7e-m/fpu\libc_nano.a(lib_a-sprintf.o)
                              Src\StepMotorDriver.o (sprintf)
c:/program files (x86)/atollic/truestudio for stm32 9.3.0/armtools/bin/../lib/gcc/arm-atollic-eabi/6.3.1/../../../../arm-atollic-eabi/lib/armv7e-m/fpu\libc_nano.a(lib_a-strlen.o)
                              Src\main.o (strlen)
c:/program files (x86)/atollic/truestudio for stm32 9.3.0/armtools/bin/../lib/gcc/arm-atollic-eabi/6.3.1/../../../../arm-atollic-eabi/lib/armv7e-m/fpu\libc_nano.a(lib_a-mlock.o)
                              c:/program files (x86)/atollic/truestudio for stm32 9.3.0/armtools/bin/../lib/gcc/arm-atollic-eabi/6.3.1/../../../../arm-atollic-eabi/lib/armv7e-m/fpu\libc_nano.a(lib_a-nano-freer.o) (__malloc_lock)
c:/program files (x86)/atollic/truestudio for stm32 9.3.0/armtools/bin/../lib/gcc/arm-atollic-eabi/6.3.1/../../../../arm-atollic-eabi/lib/armv7e-m/fpu\libc_nano.a(lib_a-nano-svfprintf.o)
                              c:/program files (x86)/atollic/truestudio for stm32 9.3.0/armtools/bin/../lib/gcc/arm-atollic-eabi/6.3.1/../../../../arm-atollic-eabi/lib/armv7e-m/fpu\libc_nano.a(lib_a-sprintf.o) (_svfprintf_r)
c:/program files (x86)/atollic/truestudio for stm32 9.3.0/armtools/bin/../lib/gcc/arm-atollic-eabi/6.3.1/../../../../arm-atollic-eabi/lib/armv7e-m/fpu\libc_nano.a(lib_a-nano-vfprintf_i.o)
                              c:/program files (x86)/atollic/truestudio for stm32 9.3.0/armtools/bin/../lib/gcc/arm-atollic-eabi/6.3.1/../../../../arm-atollic-eabi/lib/armv7e-m/fpu\libc_nano.a(lib_a-nano-svfprintf.o) (_printf_i)
c:/program files (x86)/atollic/truestudio for stm32 9.3.0/armtools/bin/../lib/gcc/arm-atollic-eabi/6.3.1/../../../../arm-atollic-eabi/lib/armv7e-m/fpu\libc_nano.a(lib_a-reent.o)
                              c:/program files (x86)/atollic/truestudio for stm32 9.3.0/armtools/bin/../lib/gcc/arm-atollic-eabi/6.3.1/../../../../arm-atollic-eabi/lib/armv7e-m/fpu\libc_nano.a(lib_a-sbrkr.o) (errno)
c:/program files (x86)/atollic/truestudio for stm32 9.3.0/armtools/bin/../lib/gcc/arm-atollic-eabi/6.3.1/../../../../arm-atollic-eabi/lib/armv7e-m/fpu\libc_nano.a(lib_a-memchr.o)
[...]
Memory Configuration

Name             Origin             Length             Attributes
RAM              0x20000000         0x00020000         xrw
FLASH            0x08000000         0x00080000         xr
*default*        0x00000000         0xffffffff

Linker script and memory map

LOAD c:/program files (x86)/atollic/truestudio for stm32 9.3.0/armtools/bin/../lib/gcc/arm-atollic-eabi/6.3.1/armv7e-m/fpu/crti.o
LOAD c:/program files (x86)/atollic/truestudio for stm32 9.3.0/armtools/bin/../lib/gcc/arm-atollic-eabi/6.3.1/armv7e-m/fpu/crtbegin.o
LOAD Drivers\STM32F4xx_HAL_Driver\Src\stm32f4xx_hal.o
LOAD Drivers\STM32F4xx_HAL_Driver\Src\stm32f4xx_hal_cortex.o
LOAD Drivers\STM32F4xx_HAL_Driver\Src\stm32f4xx_hal_dma.o
LOAD Drivers\STM32F4xx_HAL_Driver\Src\stm32f4xx_hal_dma_ex.o
LOAD Drivers\STM32F4xx_HAL_Driver\Src\stm32f4xx_hal_exti.o
LOAD Drivers\STM32F4xx_HAL_Driver\Src\stm32f4xx_hal_flash.o
LOAD Drivers\STM32F4xx_HAL_Driver\Src\stm32f4xx_hal_flash_ex.o
LOAD Drivers\STM32F4xx_HAL_Driver\Src\stm32f4xx_hal_flash_ramfunc.o
LOAD Drivers\STM32F4xx_HAL_Driver\Src\stm32f4xx_hal_gpio.o
LOAD Drivers\STM32F4xx_HAL_Driver\Src\stm32f4xx_hal_pwr.o
LOAD Drivers\STM32F4xx_HAL_Driver\Src\stm32f4xx_hal_pwr_ex.o
LOAD Drivers\STM32F4xx_HAL_Driver\Src\stm32f4xx_hal_rcc.o
LOAD Drivers\STM32F4xx_HAL_Driver\Src\stm32f4xx_hal_rcc_ex.o
LOAD Drivers\STM32F4xx_HAL_Driver\Src\stm32f4xx_hal_tim.o
LOAD Drivers\STM32F4xx_HAL_Driver\Src\stm32f4xx_hal_tim_ex.o
LOAD Drivers\STM32F4xx_HAL_Driver\Src\stm32f4xx_hal_uart.o
LOAD Src\HGCodeFunction.o
LOAD Src\HGCodeParser.o
LOAD Src\PWMStepMotor.o
LOAD Src\StepMotorDriver.o
LOAD Src\dma.o
LOAD Src\gpio.o
LOAD Src\main.o
LOAD Src\neoPixel.o
LOAD Src\stm32f4xx_hal_msp.o
LOAD Src\stm32f4xx_it.o
LOAD Src\syscalls.o
LOAD Src\sysmem.o
LOAD Src\system_stm32f4xx.o
LOAD Src\tim.o
LOAD Src\usart.o
LOAD startup\startup_stm32f446xx.o
                0x00000080                malloc_getpagesize_P = 0x80
START GROUP
LOAD c:/program files (x86)/atollic/truestudio for stm32 9.3.0/armtools/bin/../lib/gcc/arm-atollic-eabi/6.3.1/../../../../arm-atollic-eabi/lib/armv7e-m/fpu\libc_nano.a
LOAD c:/program files (x86)/atollic/truestudio for stm32 9.3.0/armtools/bin/../lib/gcc/arm-atollic-eabi/6.3.1/../../../../arm-atollic-eabi/lib/armv7e-m/fpu\libm.a
END GROUP
START GROUP
LOAD c:/program files (x86)/atollic/truestudio for stm32 9.3.0/armtools/bin/../lib/gcc/arm-atollic-eabi/6.3.1/armv7e-m/fpu\libgcc.a
LOAD c:/program files (x86)/atollic/truestudio for stm32 9.3.0/armtools/bin/../lib/gcc/arm-atollic-eabi/6.3.1/../../../../arm-atollic-eabi/lib/armv7e-m/fpu\libc_nano.a
END GROUP
START GROUP
LOAD c:/program files (x86)/atollic/truestudio for stm32 9.3.0/armtools/bin/../lib/gcc/arm-atollic-eabi/6.3.1/armv7e-m/fpu\libgcc.a
LOAD c:/program files (x86)/atollic/truestudio for stm32 9.3.0/armtools/bin/../lib/gcc/arm-atollic-eabi/6.3.1/../../../../arm-atollic-eabi/lib/armv7e-m/fpu\libc_nano.a
LOAD c:/program files (x86)/atollic/truestudio for stm32 9.3.0/armtools/bin/../lib/gcc/arm-atollic-eabi/6.3.1/../../../../arm-atollic-eabi/lib/armv7e-m/fpu\libnosys.a
END GROUP
START GROUP
LOAD c:/program files (x86)/atollic/truestudio for stm32 9.3.0/armtools/bin/../lib/gcc/arm-atollic-eabi/6.3.1/armv7e-m/fpu\libgcc.a
LOAD c:/program files (x86)/atollic/truestudio for stm32 9.3.0/armtools/bin/../lib/gcc/arm-atollic-eabi/6.3.1/../../../../arm-atollic-eabi/lib/armv7e-m/fpu\libc_nano.a
LOAD c:/program files (x86)/atollic/truestudio for stm32 9.3.0/armtools/bin/../lib/gcc/arm-atollic-eabi/6.3.1/../../../../arm-atollic-eabi/lib/armv7e-m/fpu\libnosys.a
END GROUP
LOAD c:/program files (x86)/atollic/truestudio for stm32 9.3.0/armtools/bin/../lib/gcc/arm-atollic-eabi/6.3.1/armv7e-m/fpu/crtend.o
LOAD c:/program files (x86)/atollic/truestudio for stm32 9.3.0/armtools/bin/../lib/gcc/arm-atollic-eabi/6.3.1/armv7e-m/fpu/crtn.o
                0x20020000                _estack = 0x20020000
                0x00000200                _Min_Heap_Size = 0x200
                0x00000400                _Min_Stack_Size = 0x400

.isr_vector     0x08000000      0x1c4
                0x08000000                . = ALIGN (0x4)
 *(.isr_vector)
 .isr_vector    0x08000000      0x1c4 startup\startup_stm32f446xx.o
                0x08000000                g_pfnVectors
                0x080001c4                . = ALIGN (0x4)

.text           0x080001d0     0x4d10
                0x080001d0                . = ALIGN (0x4)
 *(.text)
 .text          0x080001d0       0x40 c:/program files (x86)/atollic/truestudio for stm32 9.3.0/armtools/bin/../lib/gcc/arm-atollic-eabi/6.3.1/armv7e-m/fpu/crtbegin.o
 .text          0x08000210       0x10 c:/program files (x86)/atollic/truestudio for stm32 9.3.0/armtools/bin/../lib/gcc/arm-atollic-eabi/6.3.1/../../../../arm-atollic-eabi/lib/armv7e-m/fpu\libc_nano.a(lib_a-strlen.o)
                0x08000210                strlen
 .text          0x08000220       0xa0 c:/program files (x86)/atollic/truestudio for stm32 9.3.0/armtools/bin/../lib/gcc/arm-atollic-eabi/6.3.1/../../../../arm-atollic-eabi/lib/armv7e-m/fpu\libc_nano.a(lib_a-memchr.o)
                0x08000220                memchr
 .text          0x080002c0      0x370 c:/program files (x86)/atollic/truestudio for stm32 9.3.0/armtools/bin/../lib/gcc/arm-atollic-eabi/6.3.1/armv7e-m/fpu\libgcc.a(_arm_addsubdf3.o)
                0x080002c0                __aeabi_drsub
                0x080002c8                __aeabi_dsub
                0x080002c8                __subdf3
                0x080002cc                __aeabi_dadd
                0x080002cc                __adddf3
                0x08000544                __floatunsidf
                0x08000544                __aeabi_ui2d
                0x08000564                __floatsidf
                0x08000564                __aeabi_i2d
                0x08000588                __aeabi_f2d
                0x08000588                __extendsfdf2
                0x080005c4                __floatundidf
                0x080005c4                __aeabi_ul2d
                0x080005d4                __floatdidf
                0x080005d4                __aeabi_l2d
 .text          0x08000630      0x424 c:/program files (x86)/atollic/truestudio for stm32 9.3.0/armtools/bin/../lib/gcc/arm-atollic-eabi/6.3.1/armv7e-m/fpu\libgcc.a(_arm_muldivdf3.o)
                0x08000630                __aeabi_dmul
                0x08000630                __muldf3
                0x08000884                __divdf3
                0x08000884                __aeabi_ddiv
 .text          0x08000a54       0x50 c:/program files (x86)/atollic/truestudio for stm32 9.3.0/armtools/bin/../lib/gcc/arm-atollic-eabi/6.3.1/armv7e-m/fpu\libgcc.a(_arm_fixdfsi.o)
                0x08000a54                __aeabi_d2iz
                0x08000a54                __fixdfsi
 .text          0x08000aa4       0x40 c:/program files (x86)/atollic/truestudio for stm32 9.3.0/armtools/bin/../lib/gcc/arm-atollic-eabi/6.3.1/armv7e-m/fpu\libgcc.a(_arm_fixunsdfsi.o)
                0x08000aa4                __aeabi_d2uiz
                0x08000aa4                __fixunsdfsi
 .text          0x08000ae4       0x30 c:/program files (x86)/atollic/truestudio for stm32 9.3.0/armtools/bin/../lib/gcc/arm-atollic-eabi/6.3.1/armv7e-m/fpu\libgcc.a(_aeabi_uldivmod.o)
                0x08000ae4                __aeabi_uldivmod
 .text          0x08000b14      0x2dc c:/program files (x86)/atollic/truestudio for stm32 9.3.0/armtools/bin/../lib/gcc/arm-atollic-eabi/6.3.1/armv7e-m/fpu\libgcc.a(_udivmoddi4.o)
                0x08000b14                __udivmoddi4
 .text          0x08000df0        0x4 c:/program files (x86)/atollic/truestudio for stm32 9.3.0/armtools/bin/../lib/gcc/arm-atollic-eabi/6.3.1/armv7e-m/fpu\libgcc.a(_dvmd_tls.o)
                0x08000df0                __aeabi_idiv0
                0x08000df0                __aeabi_ldiv0
 *(.text*)
 .text.HAL_InitTick
                0x08000df4       0x48 Drivers\STM32F4xx_HAL_Driver\Src\stm32f4xx_hal.o
                0x08000df4                HAL_InitTick
 .text.HAL_Init
                0x08000e3c       0x34 Drivers\STM32F4xx_HAL_Driver\Src\stm32f4xx_hal.o
                0x08000e3c                HAL_Init
 .text.HAL_IncTick
                0x08000e70       0x18 Drivers\STM32F4xx_HAL_Driver\Src\stm32f4xx_hal.o
                0x08000e70                HAL_IncTick
 .text.HAL_GetTick
                0x08000e88        0xc Drivers\STM32F4xx_HAL_Driver\Src\stm32f4xx_hal.o
                0x08000e88                HAL_GetTick
 .text.HAL_Delay
                0x08000e94       0x28 Drivers\STM32F4xx_HAL_Driver\Src\stm32f4xx_hal.o
                0x08000e94                HAL_Delay
 .text.HAL_NVIC_SetPriorityGrouping
                0x08000ebc       0x24 Drivers\STM32F4xx_HAL_Driver\Src\stm32f4xx_hal_cortex.o
                0x08000ebc                HAL_NVIC_SetPriorityGrouping
 .text.HAL_NVIC_SetPriority
                0x08000ee0       0x68 Drivers\STM32F4xx_HAL_Driver\Src\stm32f4xx_hal_cortex.o
                0x08000ee0                HAL_NVIC_SetPriority
 .text.HAL_NVIC_EnableIRQ
                0x08000f48       0x1c Drivers\STM32F4xx_HAL_Driver\Src\stm32f4xx_hal_cortex.o
                0x08000f48                HAL_NVIC_EnableIRQ
 .text.HAL_SYSTICK_Config
                0x08000f64       0x2c Drivers\STM32F4xx_HAL_Driver\Src\stm32f4xx_hal_cortex.o
                0x08000f64                HAL_SYSTICK_Config
 .text.DMA_CalcBaseAndBitshift
                0x08000f90       0x2c Drivers\STM32F4xx_HAL_Driver\Src\stm32f4xx_hal_dma.o
 .text.HAL_DMA_Init
                0x08000fbc       0xfc Drivers\STM32F4xx_HAL_Driver\Src\stm32f4xx_hal_dma.o
                0x08000fbc                HAL_DMA_Init
 .text.HAL_DMA_Start_IT
                0x080010b8       0x7c Drivers\STM32F4xx_HAL_Driver\Src\stm32f4xx_hal_dma.o
                0x080010b8                HAL_DMA_Start_IT
 .text.HAL_DMA_Abort_IT
                0x08001134       0x24 Drivers\STM32F4xx_HAL_Driver\Src\stm32f4xx_hal_dma.o
                0x08001134                HAL_DMA_Abort_IT
 .text.HAL_DMA_IRQHandler
                0x08001158      0x174 Drivers\STM32F4xx_HAL_Driver\Src\stm32f4xx_hal_dma.o
                0x08001158                HAL_DMA_IRQHandler
 .text.HAL_GPIO_Init
                0x080012cc      0x1b4 Drivers\STM32F4xx_HAL_Driver\Src\stm32f4xx_hal_gpio.o
                0x080012cc                HAL_GPIO_Init
 .text.HAL_GPIO_ReadPin
                0x08001480        0xc Drivers\STM32F4xx_HAL_Driver\Src\stm32f4xx_hal_gpio.o
                0x08001480                HAL_GPIO_ReadPin
 .text.HAL_GPIO_WritePin
                0x0800148c        0xa Drivers\STM32F4xx_HAL_Driver\Src\stm32f4xx_hal_gpio.o
                0x0800148c                HAL_GPIO_WritePin
 *fill*         0x08001496        0x2 
 .text.HAL_GPIO_EXTI_IRQHandler
                0x08001498       0x18 Drivers\STM32F4xx_HAL_Driver\Src\stm32f4xx_hal_gpio.o
                0x08001498                HAL_GPIO_EXTI_IRQHandler
 .text.HAL_PWREx_EnableOverDrive
                0x080014b0       0x78 Drivers\STM32F4xx_HAL_Driver\Src\stm32f4xx_hal_pwr_ex.o
                0x080014b0                HAL_PWREx_EnableOverDrive
 .text.HAL_RCC_ClockConfig
                0x08001528      0x134 Drivers\STM32F4xx_HAL_Driver\Src\stm32f4xx_hal_rcc.o
                0x08001528                HAL_RCC_ClockConfig
 .text.HAL_RCC_GetPCLK1Freq
                0x0800165c       0x20 Drivers\STM32F4xx_HAL_Driver\Src\stm32f4xx_hal_rcc.o
                0x0800165c                HAL_RCC_GetPCLK1Freq
 .text.HAL_RCC_GetPCLK2Freq
                0x0800167c       0x20 Drivers\STM32F4xx_HAL_Driver\Src\stm32f4xx_hal_rcc.o
                0x0800167c                HAL_RCC_GetPCLK2Freq
 .text.HAL_RCC_GetSysClockFreq
                0x0800169c       0x90 Drivers\STM32F4xx_HAL_Driver\Src\stm32f4xx_hal_rcc_ex.o
                0x0800169c                HAL_RCC_GetSysClockFreq
 .text.HAL_RCC_OscConfig
                0x0800172c      0x334 Drivers\STM32F4xx_HAL_Driver\Src\stm32f4xx_hal_rcc_ex.o
                0x0800172c                HAL_RCC_OscConfig
 .text.TIM_OC1_SetConfig
                0x08001a60       0x64 Drivers\STM32F4xx_HAL_Driver\Src\stm32f4xx_hal_tim.o
 .text.TIM_OC3_SetConfig
                0x08001ac4       0x6c Drivers\STM32F4xx_HAL_Driver\Src\stm32f4xx_hal_tim.o
 .text.TIM_OC4_SetConfig
                0x08001b30       0x4c Drivers\STM32F4xx_HAL_Driver\Src\stm32f4xx_hal_tim.o
 .text.HAL_TIM_Base_Start_IT
                0x08001b7c       0x20 Drivers\STM32F4xx_HAL_Driver\Src\stm32f4xx_hal_tim.o
                0x08001b7c                HAL_TIM_Base_Start_IT
 .text.HAL_TIM_PeriodElapsedCallback
                0x08001b9c        0x2 Drivers\STM32F4xx_HAL_Driver\Src\stm32f4xx_hal_tim.o
                0x08001b9c                HAL_TIM_PeriodElapsedCallback
 .text.HAL_TIM_OC_DelayElapsedCallback
                0x08001b9e        0x2 Drivers\STM32F4xx_HAL_Driver\Src\stm32f4xx_hal_tim.o
                0x08001b9e                HAL_TIM_OC_DelayElapsedCallback
 .text.HAL_TIM_IC_CaptureCallback
                0x08001ba0        0x2 Drivers\STM32F4xx_HAL_Driver\Src\stm32f4xx_hal_tim.o
                0x08001ba0                HAL_TIM_IC_CaptureCallback
 .text.TIM_DMADelayPulseCplt
                0x08001ba2       0x3c Drivers\STM32F4xx_HAL_Driver\Src\stm32f4xx_hal_tim.o
                0x08001ba2                TIM_DMADelayPulseCplt
 .text.HAL_TIM_PWM_PulseFinishedHalfCpltCallback
                0x08001bde        0x2 Drivers\STM32F4xx_HAL_Driver\Src\stm32f4xx_hal_tim.o
                0x08001bde                HAL_TIM_PWM_PulseFinishedHalfCpltCallback
 .text.TIM_DMADelayPulseHalfCplt
                0x08001be0       0x3c Drivers\STM32F4xx_HAL_Driver\Src\stm32f4xx_hal_tim.o
                0x08001be0                TIM_DMADelayPulseHalfCplt
 .text.HAL_TIM_TriggerCallback
                0x08001c1c        0x2 Drivers\STM32F4xx_HAL_Driver\Src\stm32f4xx_hal_tim.o
                0x08001c1c                HAL_TIM_TriggerCallback
 .text.HAL_TIM_IRQHandler
                0x08001c1e      0x144 Drivers\STM32F4xx_HAL_Driver\Src\stm32f4xx_hal_tim.o
                0x08001c1e                HAL_TIM_IRQHandler
 .text.HAL_TIM_ErrorCallback
                0x08001d62        0x2 Drivers\STM32F4xx_HAL_Driver\Src\stm32f4xx_hal_tim.o
                0x08001d62                HAL_TIM_ErrorCallback
 .text.TIM_DMAError
                0x08001d64       0x10 Drivers\STM32F4xx_HAL_Driver\Src\stm32f4xx_hal_tim.o
                0x08001d64                TIM_DMAError
 .text.TIM_Base_SetConfig
                0x08001d74       0xcc Drivers\STM32F4xx_HAL_Driver\Src\stm32f4xx_hal_tim.o
                0x08001d74                TIM_Base_SetConfig
 .text.HAL_TIM_Base_Init
                0x08001e40       0x34 Drivers\STM32F4xx_HAL_Driver\Src\stm32f4xx_hal_tim.o
                0x08001e40                HAL_TIM_Base_Init
 .text.HAL_TIM_PWM_Init
                0x08001e74       0x34 Drivers\STM32F4xx_HAL_Driver\Src\stm32f4xx_hal_tim.o
                0x08001e74                HAL_TIM_PWM_Init
 .text.TIM_OC2_SetConfig
                0x08001ea8       0x6c Drivers\STM32F4xx_HAL_Driver\Src\stm32f4xx_hal_tim.o
                0x08001ea8                TIM_OC2_SetConfig
 .text.HAL_TIM_PWM_ConfigChannel
                0x08001f14       0xc4 Drivers\STM32F4xx_HAL_Driver\Src\stm32f4xx_hal_tim.o
                0x08001f14                HAL_TIM_PWM_ConfigChannel
 .text.TIM_ETR_SetConfig
                0x08001fd8       0x14 Drivers\STM32F4xx_HAL_Driver\Src\stm32f4xx_hal_tim.o
                0x08001fd8                TIM_ETR_SetConfig
 .text.HAL_TIM_ConfigClockSource
                0x08001fec      0x128 Drivers\STM32F4xx_HAL_Driver\Src\stm32f4xx_hal_tim.o
                0x08001fec                HAL_TIM_ConfigClockSource
 .text.TIM_CCxChannelCmd
                0x08002114       0x1c Drivers\STM32F4xx_HAL_Driver\Src\stm32f4xx_hal_tim.o
                0x08002114                TIM_CCxChannelCmd
 .text.HAL_TIM_PWM_Start_IT
                0x08002130       0x80 Drivers\STM32F4xx_HAL_Driver\Src\stm32f4xx_hal_tim.o
                0x08002130                HAL_TIM_PWM_Start_IT
 .text.HAL_TIM_PWM_Stop_IT
                0x080021b0       0x9c Drivers\STM32F4xx_HAL_Driver\Src\stm32f4xx_hal_tim.o
                0x080021b0                HAL_TIM_PWM_Stop_IT
 .text.HAL_TIM_PWM_Start_DMA
                0x0800224c      0x11c Drivers\STM32F4xx_HAL_Driver\Src\stm32f4xx_hal_tim.o
                0x0800224c                HAL_TIM_PWM_Start_DMA
 .text.HAL_TIM_PWM_Stop_DMA
                0x08002368       0xb8 Drivers\STM32F4xx_HAL_Driver\Src\stm32f4xx_hal_tim.o
                0x08002368                HAL_TIM_PWM_Stop_DMA
 .text.HAL_TIMEx_MasterConfigSynchronization
                0x08002420       0x3c Drivers\STM32F4xx_HAL_Driver\Src\stm32f4xx_hal_tim_ex.o
                0x08002420                HAL_TIMEx_MasterConfigSynchronization
 .text.HAL_TIMEx_ConfigBreakDeadTime
                0x0800245c       0x4c Drivers\STM32F4xx_HAL_Driver\Src\stm32f4xx_hal_tim_ex.o
                0x0800245c                HAL_TIMEx_ConfigBreakDeadTime
 .text.HAL_TIMEx_CommutCallback
                0x080024a8        0x2 Drivers\STM32F4xx_HAL_Driver\Src\stm32f4xx_hal_tim_ex.o
                0x080024a8                HAL_TIMEx_CommutCallback
 .text.HAL_TIMEx_BreakCallback
                0x080024aa        0x2 Drivers\STM32F4xx_HAL_Driver\Src\stm32f4xx_hal_tim_ex.o
                0x080024aa                HAL_TIMEx_BreakCallback
 .text.UART_EndRxTransfer
                0x080024ac       0x1a Drivers\STM32F4xx_HAL_Driver\Src\stm32f4xx_hal_uart.o
 *fill*         0x080024c6        0x2 
 .text.UART_SetConfig
                0x080024c8      0x234 Drivers\STM32F4xx_HAL_Driver\Src\stm32f4xx_hal_uart.o
 .text.UART_WaitOnFlagUntilTimeout.constprop.3
                0x080026fc       0x50 Drivers\STM32F4xx_HAL_Driver\Src\stm32f4xx_hal_uart.o
 .text.HAL_UART_Init
                0x0800274c       0x5c Drivers\STM32F4xx_HAL_Driver\Src\stm32f4xx_hal_uart.o
                0x0800274c                HAL_UART_Init
 .text.HAL_UART_Transmit
                0x080027a8       0xba Drivers\STM32F4xx_HAL_Driver\Src\stm32f4xx_hal_uart.o
                0x080027a8                HAL_UART_Transmit
 .text.HAL_UART_Transmit_IT
                0x08002862       0x3e Drivers\STM32F4xx_HAL_Driver\Src\stm32f4xx_hal_uart.o
                0x08002862                HAL_UART_Transmit_IT
 .text.HAL_UART_Receive_DMA
                0x080028a0       0x90 Drivers\STM32F4xx_HAL_Driver\Src\stm32f4xx_hal_uart.o
                0x080028a0                HAL_UART_Receive_DMA
 .text.HAL_UART_TxCpltCallback
                0x08002930        0x2 Drivers\STM32F4xx_HAL_Driver\Src\stm32f4xx_hal_uart.o
                0x08002930                HAL_UART_TxCpltCallback
 .text.HAL_UART_RxCpltCallback
                0x08002932        0x2 Drivers\STM32F4xx_HAL_Driver\Src\stm32f4xx_hal_uart.o
                0x08002932                HAL_UART_RxCpltCallback
 .text.UART_DMAReceiveCplt
                0x08002934       0x38 Drivers\STM32F4xx_HAL_Driver\Src\stm32f4xx_hal_uart.o
 .text.UART_Receive_IT
                0x0800296c       0x7c Drivers\STM32F4xx_HAL_Driver\Src\stm32f4xx_hal_uart.o
 .text.HAL_UART_RxHalfCpltCallback
                0x080029e8        0x2 Drivers\STM32F4xx_HAL_Driver\Src\stm32f4xx_hal_uart.o
                0x080029e8                HAL_UART_RxHalfCpltCallback
 .text.UART_DMARxHalfCplt
                0x080029ea        0xa Drivers\STM32F4xx_HAL_Driver\Src\stm32f4xx_hal_uart.o
 .text.HAL_UART_ErrorCallback
                0x080029f4        0x2 Drivers\STM32F4xx_HAL_Driver\Src\stm32f4xx_hal_uart.o
                0x080029f4                HAL_UART_ErrorCallback
 .text.UART_DMAError
                0x080029f6       0x4e Drivers\STM32F4xx_HAL_Driver\Src\stm32f4xx_hal_uart.o
 .text.HAL_UART_IRQHandler
                0x08002a44      0x140 Drivers\STM32F4xx_HAL_Driver\Src\stm32f4xx_hal_uart.o
                0x08002a44                HAL_UART_IRQHandler
 .text.UART_DMAAbortOnError
                0x08002b84       0x10 Drivers\STM32F4xx_HAL_Driver\Src\stm32f4xx_hal_uart.o
 .text.startHGCode
                0x08002b94       0x1a Src\HGCodeFunction.o
                0x08002b94                startHGCode
 *fill*         0x08002bae        0x2 
 .text.G01      0x08002bb0       0x24 Src\HGCodeFunction.o
                0x08002bb0                G01
 .text.G02      0x08002bd4       0x2c Src\HGCodeFunction.o
                0x08002bd4                G02
 .text.G27      0x08002c00        0xc Src\HGCodeFunction.o
                0x08002c00                G27
 *fill*         0x08002c0c        0x4 
 .text.G28      0x08002c10       0x5c Src\HGCodeFunction.o
                0x08002c10                G28
 .text.H10      0x08002c6c       0x10 Src\HGCodeFunction.o
                0x08002c6c                H10
 .text.H11      0x08002c7c       0x10 Src\HGCodeFunction.o
                0x08002c7c                H11
 .text.H20      0x08002c8c        0x2 Src\HGCodeFunction.o
                0x08002c8c                H20
 .text.H21      0x08002c8e        0x2 Src\HGCodeFunction.o
                0x08002c8e                H21
 .text.H30      0x08002c90       0x48 Src\HGCodeFunction.o
                0x08002c90                H30
 .text.H31      0x08002cd8       0x48 Src\HGCodeFunction.o
                0x08002cd8                H31
 .text.H32      0x08002d20       0x48 Src\HGCodeFunction.o
                0x08002d20                H32
 .text.H33      0x08002d68       0x48 Src\HGCodeFunction.o
                0x08002d68                H33
 .text.H40      0x08002db0        0x2 Src\HGCodeFunction.o
                0x08002db0                H40
 .text.H41      0x08002db2        0x2 Src\HGCodeFunction.o
                0x08002db2                H41
 .text.H42      0x08002db4        0x2 Src\HGCodeFunction.o
                0x08002db4                H42
 .text.H43      0x08002db6        0x2 Src\HGCodeFunction.o
                0x08002db6                H43
 .text.H50      0x08002db8       0x38 Src\HGCodeFunction.o
                0x08002db8                H50
 .text.H51      0x08002df0       0x32 Src\HGCodeFunction.o
                0x08002df0                H51
 .text.H60      0x08002e22        0x2 Src\HGCodeFunction.o
                0x08002e22                H60
 .text.H100     0x08002e24        0x2 Src\HGCodeFunction.o
                0x08002e24                H100
 *fill*         0x08002e26        0x2 
 .text.sendResponse
                0x08002e28       0x48 Src\HGCodeFunction.o
                0x08002e28                sendResponse
 .text.HGCodeInit
                0x08002e70       0x38 Src\HGCodeParser.o
                0x08002e70                HGCodeInit
 .text.HGCodeDMAStart
                0x08002ea8       0x18 Src\HGCodeParser.o
                0x08002ea8                HGCodeDMAStart
 .text.HGCodeCheckCommandBuffer
                0x08002ec0       0x1c Src\HGCodeParser.o
                0x08002ec0                HGCodeCheckCommandBuffer
 .text.HGCodeCheckDataBuffer
                0x08002edc       0x14 Src\HGCodeParser.o
                0x08002edc                HGCodeCheckDataBuffer
 .text.HGCodeDecodeCommand
                0x08002ef0      0x280 Src\HGCodeParser.o
                0x08002ef0                HGCodeDecodeCommand
 .text.HGCodeGetCommandData
                0x08003170       0x40 Src\HGCodeParser.o
                0x08003170                HGCodeGetCommandData
 .text.DecodeTimerInterruptHandler
                0x080031b0       0x14 Src\HGCodeParser.o
                0x080031b0                DecodeTimerInterruptHandler
 .text.STMotorInitHandler
                0x080031c4       0x48 Src\PWMStepMotor.o
                0x080031c4                STMotorInitHandler
 .text.STMotorInitParam
                0x0800320c       0x2e Src\PWMStepMotor.o
                0x0800320c                STMotorInitParam
 .text.STMotorSetMaxSpeed
                0x0800323a        0x6 Src\PWMStepMotor.o
                0x0800323a                STMotorSetMaxSpeed
 .text.STMotorSetMinSpeed
                0x08003240        0x6 Src\PWMStepMotor.o
                0x08003240                STMotorSetMinSpeed
 .text.STMotorSetAccelSpeed
                0x08003246        0x6 Src\PWMStepMotor.o
                0x08003246                STMotorSetAccelSpeed
 .text.STMotorSetDecelSpeed
                0x0800324c        0x6 Src\PWMStepMotor.o
                0x0800324c                STMotorSetDecelSpeed
 .text.STMotorCalcAccelSpeed
                0x08003252       0x4c Src\PWMStepMotor.o
                0x08003252                STMotorCalcAccelSpeed
 *fill*         0x0800329e        0x2 
 .text.STMotorSetFreq
                0x080032a0       0x64 Src\PWMStepMotor.o
                0x080032a0                STMotorSetFreq
 .text.STMotorStopFreq
                0x08003304       0x1c Src\PWMStepMotor.o
                0x08003304                STMotorStopFreq
 .text.STMotorMoveStart
                0x08003320       0x2c Src\PWMStepMotor.o
                0x08003320                STMotorMoveStart
 .text.STMotorGoStep
                0x0800334c       0x50 Src\PWMStepMotor.o
                0x0800334c                STMotorGoStep
 .text.STMotorGoSpeed
                0x0800339c       0x4c Src\PWMStepMotor.o
                0x0800339c                STMotorGoSpeed
 .text.STMotorAutoHome
                0x080033e8       0x90 Src\PWMStepMotor.o
                0x080033e8                STMotorAutoHome
 .text.STMotorGoMicro
                0x08003478       0x28 Src\PWMStepMotor.o
                0x08003478                STMotorGoMicro
 .text.STMotorIsActivate
                0x080034a0        0x4 Src\PWMStepMotor.o
                0x080034a0                STMotorIsActivate
 .text.STMotorGoHome
                0x080034a4       0x20 Src\PWMStepMotor.o
                0x080034a4                STMotorGoHome
 .text.STMotorCalcMicroToStep
                0x080034c4       0x18 Src\PWMStepMotor.o
                0x080034c4                STMotorCalcMicroToStep
 .text.STMotorPWMPulseInterruptHandle
                0x080034dc      0x150 Src\PWMStepMotor.o
                0x080034dc                STMotorPWMPulseInterruptHandle
 .text.STMotorEXTInterruptHandle
                0x0800362c       0x18 Src\PWMStepMotor.o
                0x0800362c                STMotorEXTInterruptHandle
 .text.FinishCallBack
                0x08003644       0x7c Src\StepMotorDriver.o
                0x08003644                FinishCallBack
 .text.SetDirectionGPIO
                0x080036c0       0x1c Src\StepMotorDriver.o
                0x080036c0                SetDirectionGPIO
 .text.SetEnableGPIO
                0x080036dc       0x1c Src\StepMotorDriver.o
                0x080036dc                SetEnableGPIO
 .text.PWMPulseInterruptHandle
                0x080036f8       0x18 Src\StepMotorDriver.o
                0x080036f8                PWMPulseInterruptHandle
 .text.EXTInterruptHandle
                0x08003710       0x64 Src\StepMotorDriver.o
                0x08003710                EXTInterruptHandle
 .text.MX_DMA_Init
                0x08003774       0x44 Src\dma.o
                0x08003774                MX_DMA_Init
 .text.MX_GPIO_Init
                0x080037b8      0x100 Src\gpio.o
                0x080037b8                MX_GPIO_Init
 .text.SystemClock_Config
                0x080038b8       0x98 Src\main.o
                0x080038b8                SystemClock_Config
 .text.startup.main
                0x08003950      0x250 Src\main.o
                0x08003950                main
 .text.Error_Handler
                0x08003ba0        0x2 Src\main.o
                0x08003ba0                Error_Handler
 .text.setNeoPixel
                0x08003ba2       0x36 Src\neoPixel.o
                0x08003ba2                setNeoPixel
 .text.converColorTo32
                0x08003bd8        0xa Src\neoPixel.o
                0x08003bd8                converColorTo32
 .text.setColor
                0x08003be2       0x2e Src\neoPixel.o
                0x08003be2                setColor
 .text.setColorArr
                0x08003c10       0x2e Src\neoPixel.o
                0x08003c10                setColorArr
 .text.updateColor
                0x08003c3e       0x38 Src\neoPixel.o
                0x08003c3e                updateColor
 .text.updateColorBuff
                0x08003c76       0x32 Src\neoPixel.o
                0x08003c76                updateColorBuff
 .text.setMode  0x08003ca8       0x14 Src\neoPixel.o
                0x08003ca8                setMode
 .text.HAL_MspInit
                0x08003cbc       0x40 Src\stm32f4xx_hal_msp.o
                0x08003cbc                HAL_MspInit
 .text.HAL_TIM_PWM_PulseFinishedCallback
                0x08003cfc        0x4 Src\stm32f4xx_hal_msp.o
                0x08003cfc                HAL_TIM_PWM_PulseFinishedCallback
 .text.NMI_Handler
                0x08003d00        0x2 Src\stm32f4xx_it.o
                0x08003d00                NMI_Handler
 .text.HardFault_Handler
                0x08003d02        0x2 Src\stm32f4xx_it.o
                0x08003d02                HardFault_Handler
 .text.MemManage_Handler
                0x08003d04        0x2 Src\stm32f4xx_it.o
                0x08003d04                MemManage_Handler
 .text.BusFault_Handler
                0x08003d06        0x2 Src\stm32f4xx_it.o
                0x08003d06                BusFault_Handler
 .text.UsageFault_Handler
                0x08003d08        0x2 Src\stm32f4xx_it.o
                0x08003d08                UsageFault_Handler
 .text.SVC_Handler
                0x08003d0a        0x2 Src\stm32f4xx_it.o
                0x08003d0a                SVC_Handler
 .text.DebugMon_Handler
                0x08003d0c        0x2 Src\stm32f4xx_it.o
                0x08003d0c                DebugMon_Handler
 .text.PendSV_Handler
                0x08003d0e        0x2 Src\stm32f4xx_it.o
                0x08003d0e                PendSV_Handler
 .text.SysTick_Handler
                0x08003d10        0x4 Src\stm32f4xx_it.o
                0x08003d10                SysTick_Handler
 .text.DMA1_Stream4_IRQHandler
                0x08003d14        0xc Src\stm32f4xx_it.o
                0x08003d14                DMA1_Stream4_IRQHandler
 .text.DMA1_Stream5_IRQHandler
                0x08003d20        0xc Src\stm32f4xx_it.o
                0x08003d20                DMA1_Stream5_IRQHandler
 .text.EXTI9_5_IRQHandler
                0x08003d2c       0x20 Src\stm32f4xx_it.o
                0x08003d2c                EXTI9_5_IRQHandler
 .text.TIM1_TRG_COM_TIM11_IRQHandler
                0x08003d4c       0x70 Src\stm32f4xx_it.o
                0x08003d4c                TIM1_TRG_COM_TIM11_IRQHandler
 .text.TIM1_CC_IRQHandler
                0x08003dbc        0xc Src\stm32f4xx_it.o
                0x08003dbc                TIM1_CC_IRQHandler
 .text.TIM1_UP_TIM10_IRQHandler
                0x08003dc8        0x4 Src\stm32f4xx_it.o
                0x08003dc8                TIM1_UP_TIM10_IRQHandler
 .text.TIM1_BRK_TIM9_IRQHandler
                0x08003dcc        0x4 Src\stm32f4xx_it.o
                0x08003dcc                TIM1_BRK_TIM9_IRQHandler
 .text.TIM3_IRQHandler
                0x08003dd0        0xc Src\stm32f4xx_it.o
                0x08003dd0                TIM3_IRQHandler
 .text.USART2_IRQHandler
                0x08003ddc        0xc Src\stm32f4xx_it.o
                0x08003ddc                USART2_IRQHandler
 .text.USART3_IRQHandler
                0x08003de8        0xc Src\stm32f4xx_it.o
                0x08003de8                USART3_IRQHandler
 .text.TIM8_UP_TIM13_IRQHandler
                0x08003df4        0xc Src\stm32f4xx_it.o
                0x08003df4                TIM8_UP_TIM13_IRQHandler
 .text.TIM6_DAC_IRQHandler
                0x08003e00       0x14 Src\stm32f4xx_it.o
                0x08003e00                TIM6_DAC_IRQHandler
 .text.TIM7_IRQHandler
                0x08003e14       0x8c Src\stm32f4xx_it.o
                0x08003e14                TIM7_IRQHandler
 .text.HAL_GPIO_EXTI_Callback
                0x08003ea0        0x6 Src\stm32f4xx_it.o
                0x08003ea0                HAL_GPIO_EXTI_Callback
 *fill*         0x08003ea6        0x2 
 .text._sbrk    0x08003ea8       0x34 Src\sysmem.o
                0x08003ea8                _sbrk
 .text.SystemInit
                0x08003edc       0x4c Src\system_stm32f4xx.o
                0x08003edc                SystemInit
 .text.MX_TIM6_Init
                0x08003f28       0x48 Src\tim.o
                0x08003f28                MX_TIM6_Init
 .text.MX_TIM7_Init
                0x08003f70       0x48 Src\tim.o
                0x08003f70                MX_TIM7_Init
 .text.MX_TIM11_Init
                0x08003fb8       0x34 Src\tim.o
                0x08003fb8                MX_TIM11_Init
 .text.HAL_TIM_PWM_MspInit
                0x08003fec       0x6c Src\tim.o
                0x08003fec                HAL_TIM_PWM_MspInit
 .text.HAL_TIM_Base_MspInit
                0x08004058      0x140 Src\tim.o
                0x08004058                HAL_TIM_Base_MspInit
 .text.HAL_TIM_MspPostInit
                0x08004198       0xbc Src\tim.o
                0x08004198                HAL_TIM_MspPostInit
 .text.MX_TIM1_Init
                0x08004254       0xa4 Src\tim.o
                0x08004254                MX_TIM1_Init
 .text.MX_TIM3_Init
                0x080042f8       0x9c Src\tim.o
                0x080042f8                MX_TIM3_Init
 .text.MX_TIM13_Init
                0x08004394       0x68 Src\tim.o
                0x08004394                MX_TIM13_Init
 .text.MX_USART2_UART_Init
                0x080043fc       0x38 Src\usart.o
                0x080043fc                MX_USART2_UART_Init
 .text.MX_USART3_UART_Init
                0x08004434       0x38 Src\usart.o
                0x08004434                MX_USART3_UART_Init
 .text.HAL_UART_MspInit
                0x0800446c      0x15c Src\usart.o
                0x0800446c                HAL_UART_MspInit
 .text.Reset_Handler
                0x080045c8       0x50 startup\startup_stm32f446xx.o
                0x080045c8                Reset_Handler
 .text.Default_Handler
                0x08004618        0x2 startup\startup_stm32f446xx.o
                0x08004618                RTC_Alarm_IRQHandler
                0x08004618                EXTI2_IRQHandler
                0x08004618                TIM8_CC_IRQHandler
                0x08004618                FMPI2C1_EV_IRQHandler
                0x08004618                SPI4_IRQHandler
                0x08004618                DMA2_Stream5_IRQHandler
                0x08004618                PVD_IRQHandler
                0x08004618                SDIO_IRQHandler
                0x08004618                TAMP_STAMP_IRQHandler
                0x08004618                CAN2_RX1_IRQHandler
                0x08004618                EXTI3_IRQHandler
                0x08004618                TIM8_TRG_COM_TIM14_IRQHandler
                0x08004618                I2C3_ER_IRQHandler
                0x08004618                EXTI0_IRQHandler
                0x08004618                I2C2_EV_IRQHandler
                0x08004618                DMA1_Stream2_IRQHandler
                0x08004618                CAN1_RX0_IRQHandler
                0x08004618                FPU_IRQHandler
                0x08004618                OTG_HS_WKUP_IRQHandler
                0x08004618                CAN2_SCE_IRQHandler
                0x08004618                DMA2_Stream2_IRQHandler
                0x08004618                SPI1_IRQHandler
                0x08004618                DCMI_IRQHandler
                0x08004618                CAN2_RX0_IRQHandler
                0x08004618                DMA2_Stream3_IRQHandler
                0x08004618                SAI2_IRQHandler
                0x08004618                USART6_IRQHandler
                0x08004618                CAN1_RX1_IRQHandler
                0x08004618                UART5_IRQHandler
                0x08004618                DMA2_Stream0_IRQHandler
                0x08004618                TIM4_IRQHandler
                0x08004618                QUADSPI_IRQHandler
                0x08004618                I2C1_EV_IRQHandler
                0x08004618                DMA1_Stream6_IRQHandler
                0x08004618                DMA1_Stream1_IRQHandler
                0x08004618                UART4_IRQHandler
                0x08004618                RCC_IRQHandler
                0x08004618                TIM8_BRK_TIM12_IRQHandler
                0x08004618                Default_Handler
                0x08004618                CEC_IRQHandler
                0x08004618                EXTI15_10_IRQHandler
                0x08004618                ADC_IRQHandler
                0x08004618                DMA1_Stream7_IRQHandler
                0x08004618                CAN2_TX_IRQHandler
                0x08004618                TIM5_IRQHandler
                0x08004618                DMA2_Stream7_IRQHandler
                0x08004618                I2C3_EV_IRQHandler
                0x08004618                RTC_WKUP_IRQHandler
                0x08004618                SPDIF_RX_IRQHandler
                0x08004618                SPI2_IRQHandler
                0x08004618                OTG_HS_EP1_IN_IRQHandler
                0x08004618                DMA1_Stream0_IRQHandler
                0x08004618                CAN1_TX_IRQHandler
                0x08004618                FMPI2C1_ER_IRQHandler
                0x08004618                EXTI4_IRQHandler
                0x08004618                OTG_HS_EP1_OUT_IRQHandler
                0x08004618                WWDG_IRQHandler
                0x08004618                TIM2_IRQHandler
                0x08004618                OTG_FS_WKUP_IRQHandler
                0x08004618                OTG_HS_IRQHandler
                0x08004618                EXTI1_IRQHandler
                0x08004618                I2C2_ER_IRQHandler
                0x08004618                DMA2_Stream1_IRQHandler
                0x08004618                CAN1_SCE_IRQHandler
                0x08004618                FLASH_IRQHandler
                0x08004618                DMA2_Stream4_IRQHandler
                0x08004618                USART1_IRQHandler
                0x08004618                OTG_FS_IRQHandler
                0x08004618                SPI3_IRQHandler
                0x08004618                I2C1_ER_IRQHandler
                0x08004618                FMC_IRQHandler
                0x08004618                DMA2_Stream6_IRQHandler
                0x08004618                SAI1_IRQHandler
                0x08004618                DMA1_Stream3_IRQHandler
 *fill*         0x0800461a        0x2 
 .text.__errno  0x0800461c        0xc c:/program files (x86)/atollic/truestudio for stm32 9.3.0/armtools/bin/../lib/gcc/arm-atollic-eabi/6.3.1/../../../../arm-atollic-eabi/lib/armv7e-m/fpu\libc_nano.a(lib_a-errno.o)
                0x0800461c                __errno
 .text.__libc_init_array
                0x08004628       0x48 c:/program files (x86)/atollic/truestudio for stm32 9.3.0/armtools/bin/../lib/gcc/arm-atollic-eabi/6.3.1/../../../../arm-atollic-eabi/lib/armv7e-m/fpu\libc_nano.a(lib_a-init.o)
                0x08004628                __libc_init_array
 .text.malloc   0x08004670       0x10 c:/program files (x86)/atollic/truestudio for stm32 9.3.0/armtools/bin/../lib/gcc/arm-atollic-eabi/6.3.1/../../../../arm-atollic-eabi/lib/armv7e-m/fpu\libc_nano.a(lib_a-malloc.o)
                0x08004670                malloc
 .text.memset   0x08004680       0x10 c:/program files (x86)/atollic/truestudio for stm32 9.3.0/armtools/bin/../lib/gcc/arm-atollic-eabi/6.3.1/../../../../arm-atollic-eabi/lib/armv7e-m/fpu\libc_nano.a(lib_a-memset.o)
                0x08004680                memset
 .text._free_r  0x08004690       0x9c c:/program files (x86)/atollic/truestudio for stm32 9.3.0/armtools/bin/../lib/gcc/arm-atollic-eabi/6.3.1/../../../../arm-atollic-eabi/lib/armv7e-m/fpu\libc_nano.a(lib_a-nano-freer.o)
                0x08004690                _free_r
 .text._malloc_r
                0x0800472c       0xbc c:/program files (x86)/atollic/truestudio for stm32 9.3.0/armtools/bin/../lib/gcc/arm-atollic-eabi/6.3.1/../../../../arm-atollic-eabi/lib/armv7e-m/fpu\libc_nano.a(lib_a-nano-mallocr.o)
                0x0800472c                _malloc_r
 .text._sbrk_r  0x080047e8       0x20 c:/program files (x86)/atollic/truestudio for stm32 9.3.0/armtools/bin/../lib/gcc/arm-atollic-eabi/6.3.1/../../../../arm-atollic-eabi/lib/armv7e-m/fpu\libc_nano.a(lib_a-sbrkr.o)
                0x080047e8                _sbrk_r
 .text.sprintf  0x08004808       0x48 c:/program files (x86)/atollic/truestudio for stm32 9.3.0/armtools/bin/../lib/gcc/arm-atollic-eabi/6.3.1/../../../../arm-atollic-eabi/lib/armv7e-m/fpu\libc_nano.a(lib_a-sprintf.o)
                0x08004808                siprintf
                0x08004808                sprintf
 .text.__malloc_lock
                0x08004850        0x2 c:/program files (x86)/atollic/truestudio for stm32 9.3.0/armtools/bin/../lib/gcc/arm-atollic-eabi/6.3.1/../../../../arm-atollic-eabi/lib/armv7e-m/fpu\libc_nano.a(lib_a-mlock.o)
                0x08004850                __malloc_lock
 .text.__malloc_unlock
                0x08004852        0x2 c:/program files (x86)/atollic/truestudio for stm32 9.3.0/armtools/bin/../lib/gcc/arm-atollic-eabi/6.3.1/../../../../arm-atollic-eabi/lib/armv7e-m/fpu\libc_nano.a(lib_a-mlock.o)
                0x08004852                __malloc_unlock
 .text.__ssputs_r
                0x08004854       0xb6 c:/program files (x86)/atollic/truestudio for stm32 9.3.0/armtools/bin/../lib/gcc/arm-atollic-eabi/6.3.1/../../../../arm-atollic-eabi/lib/armv7e-m/fpu\libc_nano.a(lib_a-nano-svfprintf.o)
                0x08004854                __ssputs_r
 *fill*         0x0800490a        0x2 
 .text._svfprintf_r
                0x0800490c      0x1e8 c:/program files (x86)/atollic/truestudio for stm32 9.3.0/armtools/bin/../lib/gcc/arm-atollic-eabi/6.3.1/../../../../arm-atollic-eabi/lib/armv7e-m/fpu\libc_nano.a(lib_a-nano-svfprintf.o)
                0x0800490c                _svfiprintf_r
                0x0800490c                _svfprintf_r
 .text._printf_common
                0x08004af4       0xec c:/program files (x86)/atollic/truestudio for stm32 9.3.0/armtools/bin/../lib/gcc/arm-atollic-eabi/6.3.1/../../../../arm-atollic-eabi/lib/armv7e-m/fpu\libc_nano.a(lib_a-nano-vfprintf_i.o)
                0x08004af4                _printf_common
 .text._printf_i
                0x08004be0      0x240 c:/program files (x86)/atollic/truestudio for stm32 9.3.0/armtools/bin/../lib/gcc/arm-atollic-eabi/6.3.1/../../../../arm-atollic-eabi/lib/armv7e-m/fpu\libc_nano.a(lib_a-nano-vfprintf_i.o)
                0x08004be0                _printf_i
 .text.memcpy   0x08004e20       0x16 c:/program files (x86)/atollic/truestudio for stm32 9.3.0/armtools/bin/../lib/gcc/arm-atollic-eabi/6.3.1/../../../../arm-atollic-eabi/lib/armv7e-m/fpu\libc_nano.a(lib_a-memcpy-stub.o)
                0x08004e20                memcpy
 .text.memmove  0x08004e36       0x34 c:/program files (x86)/atollic/truestudio for stm32 9.3.0/armtools/bin/../lib/gcc/arm-atollic-eabi/6.3.1/../../../../arm-atollic-eabi/lib/armv7e-m/fpu\libc_nano.a(lib_a-memmove.o)
                0x08004e36                memmove
 .text._realloc_r
                0x08004e6a       0x4c c:/program files (x86)/atollic/truestudio for stm32 9.3.0/armtools/bin/../lib/gcc/arm-atollic-eabi/6.3.1/../../../../arm-atollic-eabi/lib/armv7e-m/fpu\libc_nano.a(lib_a-nano-reallocr.o)
                0x08004e6a                _realloc_r
 .text._malloc_usable_size_r
                0x08004eb6       0x12 c:/program files (x86)/atollic/truestudio for stm32 9.3.0/armtools/bin/../lib/gcc/arm-atollic-eabi/6.3.1/../../../../arm-atollic-eabi/lib/armv7e-m/fpu\libc_nano.a(lib_a-nano-msizer.o)
                0x08004eb6                _malloc_usable_size_r
 *(.glue_7)
 .glue_7        0x08004ec8        0x0 linker stubs
 *(.glue_7t)
 .glue_7t       0x08004ec8        0x0 linker stubs
 *(.eh_frame)
 .eh_frame      0x08004ec8        0x0 c:/program files (x86)/atollic/truestudio for stm32 9.3.0/armtools/bin/../lib/gcc/arm-atollic-eabi/6.3.1/armv7e-m/fpu/crtbegin.o
 *(.init)
 .init          0x08004ec8        0x4 c:/program files (x86)/atollic/truestudio for stm32 9.3.0/armtools/bin/../lib/gcc/arm-atollic-eabi/6.3.1/armv7e-m/fpu/crti.o
                0x08004ec8                _init
 .init          0x08004ecc        0x8 c:/program files (x86)/atollic/truestudio for stm32 9.3.0/armtools/bin/../lib/gcc/arm-atollic-eabi/6.3.1/armv7e-m/fpu/crtn.o
 *(.fini)
 .fini          0x08004ed4        0x4 c:/program files (x86)/atollic/truestudio for stm32 9.3.0/armtools/bin/../lib/gcc/arm-atollic-eabi/6.3.1/armv7e-m/fpu/crti.o
                0x08004ed4                _fini
 .fini          0x08004ed8        0x8 c:/program files (x86)/atollic/truestudio for stm32 9.3.0/armtools/bin/../lib/gcc/arm-atollic-eabi/6.3.1/armv7e-m/fpu/crtn.o
                0x08004ee0                . = ALIGN (0x4)
                0x08004ee0                _etext = .

.vfp11_veneer   0x08004ee0        0x0
 .vfp11_veneer  0x08004ee0        0x0 linker stubs

.v4_bx          0x08004ee0        0x0
 .v4_bx         0x08004ee0        0x0 linker stubs

.iplt           0x08004ee0        0x0
 .iplt          0x08004ee0        0x0 c:/program files (x86)/atollic/truestudio for stm32 9.3.0/armtools/bin/../lib/gcc/arm-atollic-eabi/6.3.1/armv7e-m/fpu/crtbegin.o

.rodata         0x08004ee0      0x130
                0x08004ee0                . = ALIGN (0x4)
 *(.rodata)
 *(.rodata*)
 .rodata.flagBitshiftOffset.8035
                0x08004ee0        0x8 Drivers\STM32F4xx_HAL_Driver\Src\stm32f4xx_hal_dma.o
 .rodata.G28.str1.1
                0x08004ee8        0xe Src\HGCodeFunction.o
 .rodata.HGCodeDecodeCommand.str1.1
                0x08004ef6       0x11 Src\HGCodeParser.o
 .rodata.STMotorAutoHome.str1.1
                0x08004f07        0xe Src\PWMStepMotor.o
 .rodata.EXTInterruptHandle.str1.1
                0x08004f07       0x4a Src\StepMotorDriver.o
 .rodata.FinishCallBack.str1.1
                0x08004f51       0x35 Src\StepMotorDriver.o
 .rodata.main.str1.1
                0x08004f86       0x3f Src\main.o
 .rodata.AHBPrescTable
                0x08004fc5       0x10 Src\system_stm32f4xx.o
                0x08004fc5                AHBPrescTable
 .rodata.APBPrescTable
                0x08004fd5        0x8 Src\system_stm32f4xx.o
                0x08004fd5                APBPrescTable
 .rodata._svfprintf_r.str1.1
                0x08004fdd       0x11 c:/program files (x86)/atollic/truestudio for stm32 9.3.0/armtools/bin/../lib/gcc/arm-atollic-eabi/6.3.1/../../../../arm-atollic-eabi/lib/armv7e-m/fpu\libc_nano.a(lib_a-nano-svfprintf.o)
 .rodata._printf_i.str1.1
                0x08004fee       0x22 c:/program files (x86)/atollic/truestudio for stm32 9.3.0/armtools/bin/../lib/gcc/arm-atollic-eabi/6.3.1/../../../../arm-atollic-eabi/lib/armv7e-m/fpu\libc_nano.a(lib_a-nano-vfprintf_i.o)
                0x08005010                . = ALIGN (0x4)

.ARM.extab
 *(.ARM.extab* .gnu.linkonce.armextab.*)

.ARM            0x08005010        0x8
                0x08005010                __exidx_start = .
 *(.ARM.exidx*)
 .ARM.exidx     0x08005010        0x8 c:/program files (x86)/atollic/truestudio for stm32 9.3.0/armtools/bin/../lib/gcc/arm-atollic-eabi/6.3.1/armv7e-m/fpu\libgcc.a(_udivmoddi4.o)
                0x08005018                __exidx_end = .

.rel.dyn        0x08005018        0x0
 .rel.iplt      0x08005018        0x0 c:/program files (x86)/atollic/truestudio for stm32 9.3.0/armtools/bin/../lib/gcc/arm-atollic-eabi/6.3.1/armv7e-m/fpu/crtbegin.o

.preinit_array  0x08005018        0x0
                0x08005018                PROVIDE (__preinit_array_start, .)
 *(.preinit_array*)
                0x08005018                PROVIDE (__preinit_array_end, .)

.init_array     0x08005018        0x4
                0x08005018                PROVIDE (__init_array_start, .)
 *(SORT(.init_array.*))
 *(.init_array*)
 .init_array    0x08005018        0x4 c:/program files (x86)/atollic/truestudio for stm32 9.3.0/armtools/bin/../lib/gcc/arm-atollic-eabi/6.3.1/armv7e-m/fpu/crtbegin.o
                0x0800501c                PROVIDE (__init_array_end, .)

.fini_array     0x0800501c        0x4
                [!provide]                PROVIDE (__fini_array_start, .)
 *(SORT(.fini_array.*))
 *(.fini_array*)
 .fini_array    0x0800501c        0x4 c:/program files (x86)/atollic/truestudio for stm32 9.3.0/armtools/bin/../lib/gcc/arm-atollic-eabi/6.3.1/armv7e-m/fpu/crtbegin.o
                [!provide]                PROVIDE (__fini_array_end, .)
                0x08005020                _sidata = LOADADDR (.data)

.data           0x20000000       0x90 load address 0x08005020
                0x20000000                . = ALIGN (0x4)
                0x20000000                _sdata = .
 *(.data)
 *(.data*)
 .data.uwTickFreq
                0x20000000        0x1 Drivers\STM32F4xx_HAL_Driver\Src\stm32f4xx_hal.o
                0x20000000                uwTickFreq
 *fill*         0x20000001        0x3 
 .data.uwTickPrio
                0x20000004        0x4 Drivers\STM32F4xx_HAL_Driver\Src\stm32f4xx_hal.o
                0x20000004                uwTickPrio
 .data.STMotorDeviceControl
                0x20000008       0x1c Src\StepMotorDriver.o
                0x20000008                STMotorDeviceControl
 .data.neoPixel_P
                0x20000024        0x4 Src\neoPixel.o
                0x20000024                neoPixel_P
 .data.SystemCoreClock
                0x20000028        0x4 Src\system_stm32f4xx.o
                0x20000028                SystemCoreClock
 .data._impure_ptr
                0x2000002c        0x4 c:/program files (x86)/atollic/truestudio for stm32 9.3.0/armtools/bin/../lib/gcc/arm-atollic-eabi/6.3.1/../../../../arm-atollic-eabi/lib/armv7e-m/fpu\libc_nano.a(lib_a-impure.o)
                0x2000002c                _impure_ptr
 .data.impure_data
                0x20000030       0x60 c:/program files (x86)/atollic/truestudio for stm32 9.3.0/armtools/bin/../lib/gcc/arm-atollic-eabi/6.3.1/../../../../arm-atollic-eabi/lib/armv7e-m/fpu\libc_nano.a(lib_a-impure.o)
                0x20000090                . = ALIGN (0x4)
                0x20000090                _edata = .

.igot.plt       0x20000090        0x0 load address 0x080050b0
 .igot.plt      0x20000090        0x0 c:/program files (x86)/atollic/truestudio for stm32 9.3.0/armtools/bin/../lib/gcc/arm-atollic-eabi/6.3.1/armv7e-m/fpu/crtbegin.o
                0x20000090                . = ALIGN (0x4)

.bss            0x20000090      0x888 load address 0x080050b0
                0x20000090                _sbss = .
                0x20000090                __bss_start__ = _sbss
 *(.bss)
 .bss           0x20000090       0x1c c:/program files (x86)/atollic/truestudio for stm32 9.3.0/armtools/bin/../lib/gcc/arm-atollic-eabi/6.3.1/armv7e-m/fpu/crtbegin.o
 *(.bss*)
 .bss.HGCodeBuffer
                0x200000ac      0x1f4 Src\HGCodeParser.o
                0x200000ac                HGCodeBuffer
 .bss.HGCodeControl
                0x200002a0      0x24c Src\HGCodeParser.o
                0x200002a0                HGCodeControl
 .bss.deviceCount
                0x200004ec        0x1 Src\PWMStepMotor.o
                0x200004ec                deviceCount
 .bss.endStopSignal
                0x200004ed        0x1 Src\PWMStepMotor.o
                0x200004ed                endStopSignal
 .bss.blankMode
                0x200004ee        0x1 Src\neoPixel.o
                0x200004ee                blankMode
 *fill*         0x200004ef        0x1 
 .bss.neoPixel  0x200004f0       0x14 Src\neoPixel.o
                0x200004f0                neoPixel
 .bss.TIM7count
                0x20000504        0x4 Src\stm32f4xx_it.o
                0x20000504                TIM7count
 .bss.blankFlag
                0x20000508        0x1 Src\stm32f4xx_it.o
                0x20000508                blankFlag
 *fill*         0x20000509        0x3 
 .bss.count     0x2000050c        0x4 Src\stm32f4xx_it.o
                0x2000050c                count
 .bss.end_before_time
                0x20000510        0x4 Src\stm32f4xx_it.o
                0x20000510                end_before_time
 .bss.heap_end.6250
                0x20000514        0x4 Src\sysmem.o
 .bss.__malloc_free_list
                0x20000518        0x4 c:/program files (x86)/atollic/truestudio for stm32 9.3.0/armtools/bin/../lib/gcc/arm-atollic-eabi/6.3.1/../../../../arm-atollic-eabi/lib/armv7e-m/fpu\libc_nano.a(lib_a-nano-mallocr.o)
                0x20000518                __malloc_free_list
 .bss.__malloc_sbrk_start
                0x2000051c        0x4 c:/program files (x86)/atollic/truestudio for stm32 9.3.0/armtools/bin/../lib/gcc/arm-atollic-eabi/6.3.1/../../../../arm-atollic-eabi/lib/armv7e-m/fpu\libc_nano.a(lib_a-nano-mallocr.o)
                0x2000051c                __malloc_sbrk_start
 *(COMMON)
 COMMON         0x20000520        0x4 Drivers\STM32F4xx_HAL_Driver\Src\stm32f4xx_hal.o
                0x20000520                uwTick
 COMMON         0x20000524      0x130 Src\StepMotorDriver.o
                0x20000524                STMotorDevices
 COMMON         0x20000654      0x1e0 Src\tim.o
                0x20000654                htim3
                0x20000694                htim13
                0x200006d4                htim11
                0x20000714                hdma_tim3_ch1_trig
                0x20000774                htim6
                0x200007b4                htim1
                0x200007f4                htim7
 COMMON         0x20000834       0xe0 Src\usart.o
                0x20000834                hdma_usart2_rx
                0x20000894                huart3
                0x200008d4                huart2
 COMMON         0x20000914        0x4 c:/program files (x86)/atollic/truestudio for stm32 9.3.0/armtools/bin/../lib/gcc/arm-atollic-eabi/6.3.1/../../../../arm-atollic-eabi/lib/armv7e-m/fpu\libc_nano.a(lib_a-reent.o)
                0x20000914                errno
                0x20000918                . = ALIGN (0x4)
                0x20000918                _ebss = .
                0x20000918                __bss_end__ = _ebss

._user_heap_stack
                0x20000918      0x600 load address 0x080050b0
                0x20000918                . = ALIGN (0x4)
                0x20000918                PROVIDE (end, .)
                [!provide]                PROVIDE (_end, .)
                0x20000b18                . = (. + _Min_Heap_Size)
 *fill*         0x20000918      0x200 
                0x20000f18                . = (. + _Min_Stack_Size)
 *fill*         0x20000b18      0x400 
                0x20000f18                . = ALIGN (0x4)

/DISCARD/
 libc.a(*)
 libm.a(*)
 libgcc.a(*)

.ARM.attributes
                0x00000000       0x30
 *(.ARM.attributes)
 .ARM.attributes
                0x00000000       0x22 c:/program files (x86)/atollic/truestudio for stm32 9.3.0/armtools/bin/../lib/gcc/arm-atollic-eabi/6.3.1/armv7e-m/fpu/crti.o
 .ARM.attributes
                0x00000022       0x34 c:/program files (x86)/atollic/truestudio for stm32 9.3.0/armtools/bin/../lib/gcc/arm-atollic-eabi/6.3.1/armv7e-m/fpu/crtbegin.o
 .ARM.attributes
                0x00000056       0x39 Drivers\STM32F4xx_HAL_Driver\Src\stm32f4xx_hal.o
 .ARM.attributes
                0x0000008f       0x39 Drivers\STM32F4xx_HAL_Driver\Src\stm32f4xx_hal_cortex.o
 .ARM.attributes
                0x000000c8       0x39 Drivers\STM32F4xx_HAL_Driver\Src\stm32f4xx_hal_dma.o
 .ARM.attributes
                0x00000101       0x39 Drivers\STM32F4xx_HAL_Driver\Src\stm32f4xx_hal_gpio.o
 .ARM.attributes
                0x0000013a       0x39 Drivers\STM32F4xx_HAL_Driver\Src\stm32f4xx_hal_pwr_ex.o
 .ARM.attributes
                0x00000173       0x39 Drivers\STM32F4xx_HAL_Driver\Src\stm32f4xx_hal_rcc.o
 .ARM.attributes
                0x000001ac       0x39 Drivers\STM32F4xx_HAL_Driver\Src\stm32f4xx_hal_rcc_ex.o
 .ARM.attributes
                0x000001e5       0x39 Drivers\STM32F4xx_HAL_Driver\Src\stm32f4xx_hal_tim.o
 .ARM.attributes
                0x0000021e       0x39 Drivers\STM32F4xx_HAL_Driver\Src\stm32f4xx_hal_tim_ex.o
 .ARM.attributes
                0x00000257       0x39 Drivers\STM32F4xx_HAL_Driver\Src\stm32f4xx_hal_uart.o
 .ARM.attributes
                0x00000290       0x39 Src\HGCodeFunction.o
 .ARM.attributes
                0x000002c9       0x39 Src\HGCodeParser.o
 .ARM.attributes
                0x00000302       0x39 Src\PWMStepMotor.o
 .ARM.attributes
                0x0000033b       0x39 Src\StepMotorDriver.o
 .ARM.attributes
                0x00000374       0x39 Src\dma.o
 .ARM.attributes
                0x000003ad       0x39 Src\gpio.o
 .ARM.attributes
                0x000003e6       0x39 Src\main.o
 .ARM.attributes
                0x0000041f       0x39 Src\neoPixel.o
 .ARM.attributes
                0x00000458       0x39 Src\stm32f4xx_hal_msp.o
 .ARM.attributes
                0x00000491       0x39 Src\stm32f4xx_it.o
 .ARM.attributes
                0x000004ca       0x39 Src\sysmem.o
 .ARM.attributes
                0x00000503       0x39 Src\system_stm32f4xx.o
 .ARM.attributes
                0x0000053c       0x39 Src\tim.o
 .ARM.attributes
                0x00000575       0x39 Src\usart.o
 .ARM.attributes
                0x000005ae       0x21 startup\startup_stm32f446xx.o
 .ARM.attributes
                0x000005cf       0x34 c:/program files (x86)/atollic/truestudio for stm32 9.3.0/armtools/bin/../lib/gcc/arm-atollic-eabi/6.3.1/../../../../arm-atollic-eabi/lib/armv7e-m/fpu\libc_nano.a(lib_a-errno.o)
 .ARM.attributes
                0x00000603       0x34 c:/program files (x86)/atollic/truestudio for stm32 9.3.0/armtools/bin/../lib/gcc/arm-atollic-eabi/6.3.1/../../../../arm-atollic-eabi/lib/armv7e-m/fpu\libc_nano.a(lib_a-impure.o)
 .ARM.attributes
                0x00000637       0x34 c:/program files (x86)/atollic/truestudio for stm32 9.3.0/armtools/bin/../lib/gcc/arm-atollic-eabi/6.3.1/../../../../arm-atollic-eabi/lib/armv7e-m/fpu\libc_nano.a(lib_a-init.o)
 .ARM.attributes
                0x0000066b       0x34 c:/program files (x86)/atollic/truestudio for stm32 9.3.0/armtools/bin/../lib/gcc/arm-atollic-eabi/6.3.1/../../../../arm-atollic-eabi/lib/armv7e-m/fpu\libc_nano.a(lib_a-malloc.o)
 .ARM.attributes
                0x0000069f       0x34 c:/program files (x86)/atollic/truestudio for stm32 9.3.0/armtools/bin/../lib/gcc/arm-atollic-eabi/6.3.1/../../../../arm-atollic-eabi/lib/armv7e-m/fpu\libc_nano.a(lib_a-memset.o)
 .ARM.attributes
                0x000006d3       0x34 c:/program files (x86)/atollic/truestudio for stm32 9.3.0/armtools/bin/../lib/gcc/arm-atollic-eabi/6.3.1/../../../../arm-atollic-eabi/lib/armv7e-m/fpu\libc_nano.a(lib_a-nano-freer.o)
 .ARM.attributes
                0x00000707       0x34 c:/program files (x86)/atollic/truestudio for stm32 9.3.0/armtools/bin/../lib/gcc/arm-atollic-eabi/6.3.1/../../../../arm-atollic-eabi/lib/armv7e-m/fpu\libc_nano.a(lib_a-nano-mallocr.o)
 .ARM.attributes
                0x0000073b       0x34 c:/program files (x86)/atollic/truestudio for stm32 9.3.0/armtools/bin/../lib/gcc/arm-atollic-eabi/6.3.1/../../../../arm-atollic-eabi/lib/armv7e-m/fpu\libc_nano.a(lib_a-sbrkr.o)
 .ARM.attributes
                0x0000076f       0x34 c:/program files (x86)/atollic/truestudio for stm32 9.3.0/armtools/bin/../lib/gcc/arm-atollic-eabi/6.3.1/../../../../arm-atollic-eabi/lib/armv7e-m/fpu\libc_nano.a(lib_a-sprintf.o)
 .ARM.attributes
                0x000007a3       0x1b c:/program files (x86)/atollic/truestudio for stm32 9.3.0/armtools/bin/../lib/gcc/arm-atollic-eabi/6.3.1/../../../../arm-atollic-eabi/lib/armv7e-m/fpu\libc_nano.a(lib_a-strlen.o)
 .ARM.attributes
                0x000007be       0x34 c:/program files (x86)/atollic/truestudio for stm32 9.3.0/armtools/bin/../lib/gcc/arm-atollic-eabi/6.3.1/../../../../arm-atollic-eabi/lib/armv7e-m/fpu\libc_nano.a(lib_a-mlock.o)
 .ARM.attributes
                0x000007f2       0x34 c:/program files (x86)/atollic/truestudio for stm32 9.3.0/armtools/bin/../lib/gcc/arm-atollic-eabi/6.3.1/../../../../arm-atollic-eabi/lib/armv7e-m/fpu\libc_nano.a(lib_a-nano-svfprintf.o)
 .ARM.attributes
                0x00000826       0x34 c:/program files (x86)/atollic/truestudio for stm32 9.3.0/armtools/bin/../lib/gcc/arm-atollic-eabi/6.3.1/../../../../arm-atollic-eabi/lib/armv7e-m/fpu\libc_nano.a(lib_a-nano-vfprintf_i.o)
 .ARM.attributes
                0x0000085a       0x34 c:/program files (x86)/atollic/truestudio for stm32 9.3.0/armtools/bin/../lib/gcc/arm-atollic-eabi/6.3.1/../../../../arm-atollic-eabi/lib/armv7e-m/fpu\libc_nano.a(lib_a-reent.o)
 .ARM.attributes
                0x0000088e       0x20 c:/program files (x86)/atollic/truestudio for stm32 9.3.0/armtools/bin/../lib/gcc/arm-atollic-eabi/6.3.1/../../../../arm-atollic-eabi/lib/armv7e-m/fpu\libc_nano.a(lib_a-memchr.o)
 .ARM.attributes
                0x000008ae       0x34 c:/program files (x86)/atollic/truestudio for stm32 9.3.0/armtools/bin/../lib/gcc/arm-atollic-eabi/6.3.1/../../../../arm-atollic-eabi/lib/armv7e-m/fpu\libc_nano.a(lib_a-memcpy-stub.o)
 .ARM.attributes
                0x000008e2       0x34 c:/program files (x86)/atollic/truestudio for stm32 9.3.0/armtools/bin/../lib/gcc/arm-atollic-eabi/6.3.1/../../../../arm-atollic-eabi/lib/armv7e-m/fpu\libc_nano.a(lib_a-memmove.o)
 .ARM.attributes
                0x00000916       0x34 c:/program files (x86)/atollic/truestudio for stm32 9.3.0/armtools/bin/../lib/gcc/arm-atollic-eabi/6.3.1/../../../../arm-atollic-eabi/lib/armv7e-m/fpu\libc_nano.a(lib_a-nano-reallocr.o)
 .ARM.attributes
                0x0000094a       0x34 c:/program files (x86)/atollic/truestudio for stm32 9.3.0/armtools/bin/../lib/gcc/arm-atollic-eabi/6.3.1/../../../../arm-atollic-eabi/lib/armv7e-m/fpu\libc_nano.a(lib_a-nano-msizer.o)
 .ARM.attributes
                0x0000097e       0x22 c:/program files (x86)/atollic/truestudio for stm32 9.3.0/armtools/bin/../lib/gcc/arm-atollic-eabi/6.3.1/armv7e-m/fpu\libgcc.a(_arm_addsubdf3.o)
 .ARM.attributes
                0x000009a0       0x22 c:/program files (x86)/atollic/truestudio for stm32 9.3.0/armtools/bin/../lib/gcc/arm-atollic-eabi/6.3.1/armv7e-m/fpu\libgcc.a(_arm_muldivdf3.o)
 .ARM.attributes
                0x000009c2       0x22 c:/program files (x86)/atollic/truestudio for stm32 9.3.0/armtools/bin/../lib/gcc/arm-atollic-eabi/6.3.1/armv7e-m/fpu\libgcc.a(_arm_fixdfsi.o)
 .ARM.attributes
                0x000009e4       0x22 c:/program files (x86)/atollic/truestudio for stm32 9.3.0/armtools/bin/../lib/gcc/arm-atollic-eabi/6.3.1/armv7e-m/fpu\libgcc.a(_arm_fixunsdfsi.o)
 .ARM.attributes
                0x00000a06       0x22 c:/program files (x86)/atollic/truestudio for stm32 9.3.0/armtools/bin/../lib/gcc/arm-atollic-eabi/6.3.1/armv7e-m/fpu\libgcc.a(_aeabi_uldivmod.o)
 .ARM.attributes
                0x00000a28       0x34 c:/program files (x86)/atollic/truestudio for stm32 9.3.0/armtools/bin/../lib/gcc/arm-atollic-eabi/6.3.1/armv7e-m/fpu\libgcc.a(_udivmoddi4.o)
 .ARM.attributes
                0x00000a5c       0x22 c:/program files (x86)/atollic/truestudio for stm32 9.3.0/armtools/bin/../lib/gcc/arm-atollic-eabi/6.3.1/armv7e-m/fpu\libgcc.a(_dvmd_tls.o)
 .ARM.attributes
                0x00000a7e       0x22 c:/program files (x86)/atollic/truestudio for stm32 9.3.0/armtools/bin/../lib/gcc/arm-atollic-eabi/6.3.1/armv7e-m/fpu/crtn.o
OUTPUT(KinematicFW_F446.elf elf32-littlearm)

.debug_info     0x00000000    0x1bc18
 .debug_info    0x00000000      0xa41 Drivers\STM32F4xx_HAL_Driver\Src\stm32f4xx_hal.o
 .debug_info    0x00000a41      0xf57 Drivers\STM32F4xx_HAL_Driver\Src\stm32f4xx_hal_cortex.o
 .debug_info    0x00001998      0xa4c Drivers\STM32F4xx_HAL_Driver\Src\stm32f4xx_hal_dma.o
 .debug_info    0x000023e4      0x7c3 Drivers\STM32F4xx_HAL_Driver\Src\stm32f4xx_hal_gpio.o
 .debug_info    0x00002ba7      0x7c3 Drivers\STM32F4xx_HAL_Driver\Src\stm32f4xx_hal_pwr_ex.o
 .debug_info    0x0000336a      0xa97 Drivers\STM32F4xx_HAL_Driver\Src\stm32f4xx_hal_rcc.o
 .debug_info    0x00003e01      0xbe8 Drivers\STM32F4xx_HAL_Driver\Src\stm32f4xx_hal_rcc_ex.o
 .debug_info    0x000049e9     0x34cf Drivers\STM32F4xx_HAL_Driver\Src\stm32f4xx_hal_tim.o
 .debug_info    0x00007eb8     0x12fe Drivers\STM32F4xx_HAL_Driver\Src\stm32f4xx_hal_tim_ex.o
 .debug_info    0x000091b6     0x16c9 Drivers\STM32F4xx_HAL_Driver\Src\stm32f4xx_hal_uart.o
 .debug_info    0x0000a87f     0x1fa3 Src\HGCodeFunction.o
 .debug_info    0x0000c822     0x1408 Src\HGCodeParser.o
 .debug_info    0x0000dc2a     0x22b9 Src\PWMStepMotor.o
 .debug_info    0x0000fee3     0x1b0b Src\StepMotorDriver.o
 .debug_info    0x000119ee      0x5e8 Src\dma.o
 .debug_info    0x00011fd6      0x81a Src\gpio.o
 .debug_info    0x000127f0     0x21fd Src\main.o
 .debug_info    0x000149ed     0x12d6 Src\neoPixel.o
 .debug_info    0x00015cc3     0x1174 Src\stm32f4xx_hal_msp.o
 .debug_info    0x00016e37     0x1b34 Src\stm32f4xx_it.o
 .debug_info    0x0001896b      0x939 Src\sysmem.o
 .debug_info    0x000192a4      0x53e Src\system_stm32f4xx.o
 .debug_info    0x000197e2     0x15c7 Src\tim.o
 .debug_info    0x0001ada9      0xdf7 Src\usart.o
 .debug_info    0x0001bba0       0x78 startup\startup_stm32f446xx.o

.debug_abbrev   0x00000000     0x3bc0
 .debug_abbrev  0x00000000      0x23d Drivers\STM32F4xx_HAL_Driver\Src\stm32f4xx_hal.o
 .debug_abbrev  0x0000023d      0x314 Drivers\STM32F4xx_HAL_Driver\Src\stm32f4xx_hal_cortex.o
 .debug_abbrev  0x00000551      0x2e8 Drivers\STM32F4xx_HAL_Driver\Src\stm32f4xx_hal_dma.o
 .debug_abbrev  0x00000839      0x1ef Drivers\STM32F4xx_HAL_Driver\Src\stm32f4xx_hal_gpio.o
 .debug_abbrev  0x00000a28      0x1be Drivers\STM32F4xx_HAL_Driver\Src\stm32f4xx_hal_pwr_ex.o
 .debug_abbrev  0x00000be6      0x2cb Drivers\STM32F4xx_HAL_Driver\Src\stm32f4xx_hal_rcc.o
 .debug_abbrev  0x00000eb1      0x20d Drivers\STM32F4xx_HAL_Driver\Src\stm32f4xx_hal_rcc_ex.o
 .debug_abbrev  0x000010be      0x324 Drivers\STM32F4xx_HAL_Driver\Src\stm32f4xx_hal_tim.o
 .debug_abbrev  0x000013e2      0x29c Drivers\STM32F4xx_HAL_Driver\Src\stm32f4xx_hal_tim_ex.o
 .debug_abbrev  0x0000167e      0x2fb Drivers\STM32F4xx_HAL_Driver\Src\stm32f4xx_hal_uart.o
 .debug_abbrev  0x00001979      0x30c Src\HGCodeFunction.o
 .debug_abbrev  0x00001c85      0x399 Src\HGCodeParser.o
 .debug_abbrev  0x0000201e      0x3b1 Src\PWMStepMotor.o
 .debug_abbrev  0x000023cf      0x30c Src\StepMotorDriver.o
 .debug_abbrev  0x000026db      0x139 Src\dma.o
 .debug_abbrev  0x00002814      0x18d Src\gpio.o
 .debug_abbrev  0x000029a1      0x2be Src\main.o
 .debug_abbrev  0x00002c5f      0x30a Src\neoPixel.o
 .debug_abbrev  0x00002f69      0x227 Src\stm32f4xx_hal_msp.o
 .debug_abbrev  0x00003190      0x2f4 Src\stm32f4xx_it.o
 .debug_abbrev  0x00003484      0x1e5 Src\sysmem.o
 .debug_abbrev  0x00003669      0x10e Src\system_stm32f4xx.o
 .debug_abbrev  0x00003777      0x246 Src\tim.o
 .debug_abbrev  0x000039bd      0x1f1 Src\usart.o
 .debug_abbrev  0x00003bae       0x12 startup\startup_stm32f446xx.o

.debug_loc      0x00000000     0x89c1
 .debug_loc     0x00000000      0x11b Drivers\STM32F4xx_HAL_Driver\Src\stm32f4xx_hal.o
 .debug_loc     0x0000011b      0x4fb Drivers\STM32F4xx_HAL_Driver\Src\stm32f4xx_hal_cortex.o
 .debug_loc     0x00000616      0x727 Drivers\STM32F4xx_HAL_Driver\Src\stm32f4xx_hal_dma.o
 .debug_loc     0x00000d3d      0x378 Drivers\STM32F4xx_HAL_Driver\Src\stm32f4xx_hal_gpio.o
 .debug_loc     0x000010b5      0x15d Drivers\STM32F4xx_HAL_Driver\Src\stm32f4xx_hal_pwr_ex.o
 .debug_loc     0x00001212      0x336 Drivers\STM32F4xx_HAL_Driver\Src\stm32f4xx_hal_rcc.o
 .debug_loc     0x00001548      0xa31 Drivers\STM32F4xx_HAL_Driver\Src\stm32f4xx_hal_rcc_ex.o
 .debug_loc     0x00001f79     0x3009 Drivers\STM32F4xx_HAL_Driver\Src\stm32f4xx_hal_tim.o
 .debug_loc     0x00004f82      0xa7c Drivers\STM32F4xx_HAL_Driver\Src\stm32f4xx_hal_tim_ex.o
 .debug_loc     0x000059fe     0x1335 Drivers\STM32F4xx_HAL_Driver\Src\stm32f4xx_hal_uart.o
 .debug_loc     0x00006d33      0x3f5 Src\HGCodeFunction.o
 .debug_loc     0x00007128      0x2a5 Src\HGCodeParser.o
 .debug_loc     0x000073cd      0xce0 Src\PWMStepMotor.o
 .debug_loc     0x000080ad      0x1f5 Src\StepMotorDriver.o
 .debug_loc     0x000082a2       0xa1 Src\main.o
 .debug_loc     0x00008343      0x2d7 Src\neoPixel.o
 .debug_loc     0x0000861a       0x21 Src\stm32f4xx_hal_msp.o
 .debug_loc     0x0000863b       0x34 Src\stm32f4xx_it.o
 .debug_loc     0x0000866f       0x4a Src\sysmem.o
 .debug_loc     0x000086b9      0x11c Src\system_stm32f4xx.o
 .debug_loc     0x000087d5      0x15a Src\tim.o
 .debug_loc     0x0000892f       0x92 Src\usart.o

.debug_aranges  0x00000000      0xe18
 .debug_aranges
                0x00000000       0xe8 Drivers\STM32F4xx_HAL_Driver\Src\stm32f4xx_hal.o
 .debug_aranges
                0x000000e8       0xa8 Drivers\STM32F4xx_HAL_Driver\Src\stm32f4xx_hal_cortex.o
 .debug_aranges
                0x00000190       0x80 Drivers\STM32F4xx_HAL_Driver\Src\stm32f4xx_hal_dma.o
 .debug_aranges
                0x00000210       0x58 Drivers\STM32F4xx_HAL_Driver\Src\stm32f4xx_hal_gpio.o
 .debug_aranges
                0x00000268       0x60 Drivers\STM32F4xx_HAL_Driver\Src\stm32f4xx_hal_pwr_ex.o
 .debug_aranges
                0x000002c8       0x88 Drivers\STM32F4xx_HAL_Driver\Src\stm32f4xx_hal_rcc.o
 .debug_aranges
                0x00000350       0x78 Drivers\STM32F4xx_HAL_Driver\Src\stm32f4xx_hal_rcc_ex.o
 .debug_aranges
                0x000003c8      0x278 Drivers\STM32F4xx_HAL_Driver\Src\stm32f4xx_hal_tim.o
 .debug_aranges
                0x00000640       0xf8 Drivers\STM32F4xx_HAL_Driver\Src\stm32f4xx_hal_tim_ex.o
 .debug_aranges
                0x00000738      0x170 Drivers\STM32F4xx_HAL_Driver\Src\stm32f4xx_hal_uart.o
 .debug_aranges
                0x000008a8       0x98 Src\HGCodeFunction.o
 .debug_aranges
                0x00000940       0x68 Src\HGCodeParser.o
 .debug_aranges
                0x000009a8      0x158 Src\PWMStepMotor.o
 .debug_aranges
                0x00000b00       0x50 Src\StepMotorDriver.o
 .debug_aranges
                0x00000b50       0x20 Src\dma.o
 .debug_aranges
                0x00000b70       0x20 Src\gpio.o
 .debug_aranges
                0x00000b90       0x30 Src\main.o
 .debug_aranges
                0x00000bc0       0x70 Src\neoPixel.o
 .debug_aranges
                0x00000c30       0x28 Src\stm32f4xx_hal_msp.o
 .debug_aranges
                0x00000c58       0xa8 Src\stm32f4xx_it.o
 .debug_aranges
                0x00000d00       0x20 Src\sysmem.o
 .debug_aranges
                0x00000d20       0x28 Src\system_stm32f4xx.o
 .debug_aranges
                0x00000d48       0x70 Src\tim.o
 .debug_aranges
                0x00000db8       0x38 Src\usart.o
 .debug_aranges
                0x00000df0       0x28 startup\startup_stm32f446xx.o

.debug_ranges   0x00000000     0x11d8
 .debug_ranges  0x00000000       0xd8 Drivers\STM32F4xx_HAL_Driver\Src\stm32f4xx_hal.o
 .debug_ranges  0x000000d8      0x128 Drivers\STM32F4xx_HAL_Driver\Src\stm32f4xx_hal_cortex.o
 .debug_ranges  0x00000200       0xc8 Drivers\STM32F4xx_HAL_Driver\Src\stm32f4xx_hal_dma.o
 .debug_ranges  0x000002c8       0x68 Drivers\STM32F4xx_HAL_Driver\Src\stm32f4xx_hal_gpio.o
 .debug_ranges  0x00000330       0xb0 Drivers\STM32F4xx_HAL_Driver\Src\stm32f4xx_hal_pwr_ex.o
 .debug_ranges  0x000003e0       0xb0 Drivers\STM32F4xx_HAL_Driver\Src\stm32f4xx_hal_rcc.o
 .debug_ranges  0x00000490       0x80 Drivers\STM32F4xx_HAL_Driver\Src\stm32f4xx_hal_rcc_ex.o
 .debug_ranges  0x00000510      0x340 Drivers\STM32F4xx_HAL_Driver\Src\stm32f4xx_hal_tim.o
 .debug_ranges  0x00000850       0xe8 Drivers\STM32F4xx_HAL_Driver\Src\stm32f4xx_hal_tim_ex.o
 .debug_ranges  0x00000938      0x178 Drivers\STM32F4xx_HAL_Driver\Src\stm32f4xx_hal_uart.o
 .debug_ranges  0x00000ab0       0xb8 Src\HGCodeFunction.o
 .debug_ranges  0x00000b68       0xa8 Src\HGCodeParser.o
 .debug_ranges  0x00000c10      0x160 Src\PWMStepMotor.o
 .debug_ranges  0x00000d70       0x60 Src\StepMotorDriver.o
 .debug_ranges  0x00000dd0       0x30 Src\dma.o
 .debug_ranges  0x00000e00       0x40 Src\gpio.o
 .debug_ranges  0x00000e40       0x70 Src\main.o
 .debug_ranges  0x00000eb0       0xa8 Src\neoPixel.o
 .debug_ranges  0x00000f58       0x30 Src\stm32f4xx_hal_msp.o
 .debug_ranges  0x00000f88       0x98 Src\stm32f4xx_it.o
 .debug_ranges  0x00001020       0x10 Src\sysmem.o
 .debug_ranges  0x00001030       0x18 Src\system_stm32f4xx.o
 .debug_ranges  0x00001048      0x118 Src\tim.o
 .debug_ranges  0x00001160       0x58 Src\usart.o
 .debug_ranges  0x000011b8       0x20 startup\startup_stm32f446xx.o

.debug_line     0x00000000     0x7a61
 .debug_line    0x00000000      0x41b Drivers\STM32F4xx_HAL_Driver\Src\stm32f4xx_hal.o
 .debug_line    0x0000041b      0x456 Drivers\STM32F4xx_HAL_Driver\Src\stm32f4xx_hal_cortex.o
 .debug_line    0x00000871      0x56f Drivers\STM32F4xx_HAL_Driver\Src\stm32f4xx_hal_dma.o
 .debug_line    0x00000de0      0x3d7 Drivers\STM32F4xx_HAL_Driver\Src\stm32f4xx_hal_gpio.o
 .debug_line    0x000011b7      0x334 Drivers\STM32F4xx_HAL_Driver\Src\stm32f4xx_hal_pwr_ex.o
 .debug_line    0x000014eb      0x4f4 Drivers\STM32F4xx_HAL_Driver\Src\stm32f4xx_hal_rcc.o
 .debug_line    0x000019df      0x6f3 Drivers\STM32F4xx_HAL_Driver\Src\stm32f4xx_hal_rcc_ex.o
 .debug_line    0x000020d2     0x1183 Drivers\STM32F4xx_HAL_Driver\Src\stm32f4xx_hal_tim.o
 .debug_line    0x00003255      0x67d Drivers\STM32F4xx_HAL_Driver\Src\stm32f4xx_hal_tim_ex.o
 .debug_line    0x000038d2      0xb76 Drivers\STM32F4xx_HAL_Driver\Src\stm32f4xx_hal_uart.o
 .debug_line    0x00004448      0x53b Src\HGCodeFunction.o
 .debug_line    0x00004983      0x44f Src\HGCodeParser.o
 .debug_line    0x00004dd2      0x7a9 Src\PWMStepMotor.o
 .debug_line    0x0000557b      0x445 Src\StepMotorDriver.o
 .debug_line    0x000059c0      0x1e4 Src\dma.o
 .debug_line    0x00005ba4      0x224 Src\gpio.o
 .debug_line    0x00005dc8      0x4f8 Src\main.o
 .debug_line    0x000062c0      0x40f Src\neoPixel.o
 .debug_line    0x000066cf      0x377 Src\stm32f4xx_hal_msp.o
 .debug_line    0x00006a46      0x514 Src\stm32f4xx_it.o
 .debug_line    0x00006f5a      0x156 Src\sysmem.o
 .debug_line    0x000070b0      0x1de Src\system_stm32f4xx.o
 .debug_line    0x0000728e      0x445 Src\tim.o
 .debug_line    0x000076d3      0x30f Src\usart.o
 .debug_line    0x000079e2       0x7f startup\startup_stm32f446xx.o

.debug_str      0x00000000     0x4d98
 .debug_str     0x00000000      0xb98 Drivers\STM32F4xx_HAL_Driver\Src\stm32f4xx_hal.o
                                0xc1b (size before relaxing)
 .debug_str     0x00000b98      0x4a1 Drivers\STM32F4xx_HAL_Driver\Src\stm32f4xx_hal_cortex.o
                                0xcc1 (size before relaxing)
 .debug_str     0x00001039      0x527 Drivers\STM32F4xx_HAL_Driver\Src\stm32f4xx_hal_dma.o
                                0x7cc (size before relaxing)
 .debug_str     0x00001560      0x1d8 Drivers\STM32F4xx_HAL_Driver\Src\stm32f4xx_hal_gpio.o
                                0x56b (size before relaxing)
 .debug_str     0x00001738      0x164 Drivers\STM32F4xx_HAL_Driver\Src\stm32f4xx_hal_pwr_ex.o
                                0x556 (size before relaxing)
 .debug_str     0x0000189c      0x2e2 Drivers\STM32F4xx_HAL_Driver\Src\stm32f4xx_hal_rcc.o
                                0x743 (size before relaxing)
 .debug_str     0x00001b7e      0x33f Drivers\STM32F4xx_HAL_Driver\Src\stm32f4xx_hal_rcc_ex.o
                                0x846 (size before relaxing)
 .debug_str     0x00001ebd      0xff6 Drivers\STM32F4xx_HAL_Driver\Src\stm32f4xx_hal_tim.o
                               0x1523 (size before relaxing)
 .debug_str     0x00002eb3      0x548 Drivers\STM32F4xx_HAL_Driver\Src\stm32f4xx_hal_tim_ex.o
                                0xd3b (size before relaxing)
 .debug_str     0x000033fb      0x6d3 Drivers\STM32F4xx_HAL_Driver\Src\stm32f4xx_hal_uart.o
                                0xc6e (size before relaxing)
 .debug_str     0x00003ace      0x995 Src\HGCodeFunction.o
                               0x17d2 (size before relaxing)
 .debug_str     0x00004463      0x129 Src\HGCodeParser.o
                                0xd21 (size before relaxing)
 .debug_str     0x0000458c      0x2ff Src\PWMStepMotor.o
                               0x1871 (size before relaxing)
 .debug_str     0x0000488b       0x5b Src\StepMotorDriver.o
                               0x1621 (size before relaxing)
 .debug_str     0x000048e6       0x19 Src\dma.o
                                0x89c (size before relaxing)
 .debug_str     0x000048ff       0x1b Src\gpio.o
                                0x962 (size before relaxing)
 .debug_str     0x0000491a       0xbf Src\main.o
                               0x1989 (size before relaxing)
 .debug_str     0x000049d9       0xb2 Src\neoPixel.o
                                0xc40 (size before relaxing)
 .debug_str     0x00004a8b       0x1b Src\stm32f4xx_hal_msp.o
                                0xcc9 (size before relaxing)
 .debug_str     0x00004aa6      0x1f1 Src\stm32f4xx_it.o
                               0x17f6 (size before relaxing)
 .debug_str     0x00004c97       0x5a Src\sysmem.o
                                0x617 (size before relaxing)
 .debug_str     0x00004cf1       0x45 Src\system_stm32f4xx.o
                                0x3cf (size before relaxing)
 .debug_str     0x00004d36       0x48 Src\tim.o
                               0x111b (size before relaxing)
 .debug_str     0x00004d7e       0x1a Src\usart.o
                                0xe15 (size before relaxing)

.comment        0x00000000       0x7c
 .comment       0x00000000       0x7c Drivers\STM32F4xx_HAL_Driver\Src\stm32f4xx_hal.o
                                 0x7d (size before relaxing)
 .comment       0x0000007c       0x7d Drivers\STM32F4xx_HAL_Driver\Src\stm32f4xx_hal_cortex.o
 .comment       0x0000007c       0x7d Drivers\STM32F4xx_HAL_Driver\Src\stm32f4xx_hal_dma.o
 .comment       0x0000007c       0x7d Drivers\STM32F4xx_HAL_Driver\Src\stm32f4xx_hal_gpio.o
 .comment       0x0000007c       0x7d Drivers\STM32F4xx_HAL_Driver\Src\stm32f4xx_hal_pwr_ex.o
 .comment       0x0000007c       0x7d Drivers\STM32F4xx_HAL_Driver\Src\stm32f4xx_hal_rcc.o
 .comment       0x0000007c       0x7d Drivers\STM32F4xx_HAL_Driver\Src\stm32f4xx_hal_rcc_ex.o
 .comment       0x0000007c       0x7d Drivers\STM32F4xx_HAL_Driver\Src\stm32f4xx_hal_tim.o
 .comment       0x0000007c       0x7d Drivers\STM32F4xx_HAL_Driver\Src\stm32f4xx_hal_tim_ex.o
 .comment       0x0000007c       0x7d Drivers\STM32F4xx_HAL_Driver\Src\stm32f4xx_hal_uart.o
 .comment       0x0000007c       0x7d Src\HGCodeFunction.o
 .comment       0x0000007c       0x7d Src\HGCodeParser.o
 .comment       0x0000007c       0x7d Src\PWMStepMotor.o
 .comment       0x0000007c       0x7d Src\StepMotorDriver.o
 .comment       0x0000007c       0x7d Src\dma.o
 .comment       0x0000007c       0x7d Src\gpio.o
 .comment       0x0000007c       0x7d Src\main.o
 .comment       0x0000007c       0x7d Src\neoPixel.o
 .comment       0x0000007c       0x7d Src\stm32f4xx_hal_msp.o
 .comment       0x0000007c       0x7d Src\stm32f4xx_it.o
 .comment       0x0000007c       0x7d Src\sysmem.o
 .comment       0x0000007c       0x7d Src\system_stm32f4xx.o
 .comment       0x0000007c       0x7d Src\tim.o
 .comment       0x0000007c       0x7d Src\usart.o

.debug_frame    0x00000000     0x2d54
 .debug_frame   0x00000000      0x1f0 Drivers\STM32F4xx_HAL_Driver\Src\stm32f4xx_hal.o
 .debug_frame   0x000001f0      0x158 Drivers\STM32F4xx_HAL_Driver\Src\stm32f4xx_hal_cortex.o
 .debug_frame   0x00000348      0x150 Drivers\STM32F4xx_HAL_Driver\Src\stm32f4xx_hal_dma.o
 .debug_frame   0x00000498       0xd8 Drivers\STM32F4xx_HAL_Driver\Src\stm32f4xx_hal_gpio.o
 .debug_frame   0x00000570       0xf4 Drivers\STM32F4xx_HAL_Driver\Src\stm32f4xx_hal_pwr_ex.o
 .debug_frame   0x00000664      0x13c Drivers\STM32F4xx_HAL_Driver\Src\stm32f4xx_hal_rcc.o
 .debug_frame   0x000007a0      0x150 Drivers\STM32F4xx_HAL_Driver\Src\stm32f4xx_hal_rcc_ex.o
 .debug_frame   0x000008f0      0x928 Drivers\STM32F4xx_HAL_Driver\Src\stm32f4xx_hal_tim.o
 .debug_frame   0x00001218      0x360 Drivers\STM32F4xx_HAL_Driver\Src\stm32f4xx_hal_tim_ex.o
 .debug_frame   0x00001578      0x4a0 Drivers\STM32F4xx_HAL_Driver\Src\stm32f4xx_hal_uart.o
 .debug_frame   0x00001a18      0x290 Src\HGCodeFunction.o
 .debug_frame   0x00001ca8       0xe4 Src\HGCodeParser.o
 .debug_frame   0x00001d8c      0x354 Src\PWMStepMotor.o
 .debug_frame   0x000020e0       0xc0 Src\StepMotorDriver.o
 .debug_frame   0x000021a0       0x2c Src\dma.o
 .debug_frame   0x000021cc       0x38 Src\gpio.o
 .debug_frame   0x00002204       0x68 Src\main.o
 .debug_frame   0x0000226c      0x128 Src\neoPixel.o
 .debug_frame   0x00002394       0x38 Src\stm32f4xx_hal_msp.o
 .debug_frame   0x000023cc      0x1c0 Src\stm32f4xx_it.o
 .debug_frame   0x0000258c       0x28 Src\sysmem.o
 .debug_frame   0x000025b4       0x38 Src\system_stm32f4xx.o
 .debug_frame   0x000025ec      0x164 Src\tim.o
 .debug_frame   0x00002750       0x9c Src\usart.o
 .debug_frame   0x000027ec       0x20 c:/program files (x86)/atollic/truestudio for stm32 9.3.0/armtools/bin/../lib/gcc/arm-atollic-eabi/6.3.1/../../../../arm-atollic-eabi/lib/armv7e-m/fpu\libc_nano.a(lib_a-errno.o)
 .debug_frame   0x0000280c       0x2c c:/program files (x86)/atollic/truestudio for stm32 9.3.0/armtools/bin/../lib/gcc/arm-atollic-eabi/6.3.1/../../../../arm-atollic-eabi/lib/armv7e-m/fpu\libc_nano.a(lib_a-init.o)
 .debug_frame   0x00002838       0x30 c:/program files (x86)/atollic/truestudio for stm32 9.3.0/armtools/bin/../lib/gcc/arm-atollic-eabi/6.3.1/../../../../arm-atollic-eabi/lib/armv7e-m/fpu\libc_nano.a(lib_a-malloc.o)
 .debug_frame   0x00002868       0x20 c:/program files (x86)/atollic/truestudio for stm32 9.3.0/armtools/bin/../lib/gcc/arm-atollic-eabi/6.3.1/../../../../arm-atollic-eabi/lib/armv7e-m/fpu\libc_nano.a(lib_a-memset.o)
 .debug_frame   0x00002888       0x38 c:/program files (x86)/atollic/truestudio for stm32 9.3.0/armtools/bin/../lib/gcc/arm-atollic-eabi/6.3.1/../../../../arm-atollic-eabi/lib/armv7e-m/fpu\libc_nano.a(lib_a-nano-freer.o)
 .debug_frame   0x000028c0       0x2c c:/program files (x86)/atollic/truestudio for stm32 9.3.0/armtools/bin/../lib/gcc/arm-atollic-eabi/6.3.1/../../../../arm-atollic-eabi/lib/armv7e-m/fpu\libc_nano.a(lib_a-nano-mallocr.o)
 .debug_frame   0x000028ec       0x2c c:/program files (x86)/atollic/truestudio for stm32 9.3.0/armtools/bin/../lib/gcc/arm-atollic-eabi/6.3.1/../../../../arm-atollic-eabi/lib/armv7e-m/fpu\libc_nano.a(lib_a-sbrkr.o)
 .debug_frame   0x00002918       0x70 c:/program files (x86)/atollic/truestudio for stm32 9.3.0/armtools/bin/../lib/gcc/arm-atollic-eabi/6.3.1/../../../../arm-atollic-eabi/lib/armv7e-m/fpu\libc_nano.a(lib_a-sprintf.o)
 .debug_frame   0x00002988       0x30 c:/program files (x86)/atollic/truestudio for stm32 9.3.0/armtools/bin/../lib/gcc/arm-atollic-eabi/6.3.1/../../../../arm-atollic-eabi/lib/armv7e-m/fpu\libc_nano.a(lib_a-mlock.o)
 .debug_frame   0x000029b8       0x90 c:/program files (x86)/atollic/truestudio for stm32 9.3.0/armtools/bin/../lib/gcc/arm-atollic-eabi/6.3.1/../../../../arm-atollic-eabi/lib/armv7e-m/fpu\libc_nano.a(lib_a-nano-svfprintf.o)
 .debug_frame   0x00002a48       0x60 c:/program files (x86)/atollic/truestudio for stm32 9.3.0/armtools/bin/../lib/gcc/arm-atollic-eabi/6.3.1/../../../../arm-atollic-eabi/lib/armv7e-m/fpu\libc_nano.a(lib_a-nano-vfprintf_i.o)
 .debug_frame   0x00002aa8       0x5c c:/program files (x86)/atollic/truestudio for stm32 9.3.0/armtools/bin/../lib/gcc/arm-atollic-eabi/6.3.1/../../../../arm-atollic-eabi/lib/armv7e-m/fpu\libc_nano.a(lib_a-reent.o)
 .debug_frame   0x00002b04       0x28 c:/program files (x86)/atollic/truestudio for stm32 9.3.0/armtools/bin/../lib/gcc/arm-atollic-eabi/6.3.1/../../../../arm-atollic-eabi/lib/armv7e-m/fpu\libc_nano.a(lib_a-memcpy-stub.o)
 .debug_frame   0x00002b2c       0x28 c:/program files (x86)/atollic/truestudio for stm32 9.3.0/armtools/bin/../lib/gcc/arm-atollic-eabi/6.3.1/../../../../arm-atollic-eabi/lib/armv7e-m/fpu\libc_nano.a(lib_a-memmove.o)
 .debug_frame   0x00002b54       0x3c c:/program files (x86)/atollic/truestudio for stm32 9.3.0/armtools/bin/../lib/gcc/arm-atollic-eabi/6.3.1/../../../../arm-atollic-eabi/lib/armv7e-m/fpu\libc_nano.a(lib_a-nano-reallocr.o)
 .debug_frame   0x00002b90       0x20 c:/program files (x86)/atollic/truestudio for stm32 9.3.0/armtools/bin/../lib/gcc/arm-atollic-eabi/6.3.1/../../../../arm-atollic-eabi/lib/armv7e-m/fpu\libc_nano.a(lib_a-nano-msizer.o)
 .debug_frame   0x00002bb0       0xac c:/program files (x86)/atollic/truestudio for stm32 9.3.0/armtools/bin/../lib/gcc/arm-atollic-eabi/6.3.1/armv7e-m/fpu\libgcc.a(_arm_addsubdf3.o)
 .debug_frame   0x00002c5c       0x50 c:/program files (x86)/atollic/truestudio for stm32 9.3.0/armtools/bin/../lib/gcc/arm-atollic-eabi/6.3.1/armv7e-m/fpu\libgcc.a(_arm_muldivdf3.o)
 .debug_frame   0x00002cac       0x24 c:/program files (x86)/atollic/truestudio for stm32 9.3.0/armtools/bin/../lib/gcc/arm-atollic-eabi/6.3.1/armv7e-m/fpu\libgcc.a(_arm_fixdfsi.o)
 .debug_frame   0x00002cd0       0x24 c:/program files (x86)/atollic/truestudio for stm32 9.3.0/armtools/bin/../lib/gcc/arm-atollic-eabi/6.3.1/armv7e-m/fpu\libgcc.a(_arm_fixunsdfsi.o)
 .debug_frame   0x00002cf4       0x2c c:/program files (x86)/atollic/truestudio for stm32 9.3.0/armtools/bin/../lib/gcc/arm-atollic-eabi/6.3.1/armv7e-m/fpu\libgcc.a(_aeabi_uldivmod.o)
 .debug_frame   0x00002d20       0x34 c:/program files (x86)/atollic/truestudio for stm32 9.3.0/armtools/bin/../lib/gcc/arm-atollic-eabi/6.3.1/armv7e-m/fpu\libgcc.a(_udivmoddi4.o)
