Archive member included to satisfy reference by file (symbol)

c:/program files (x86)/atollic/truestudio for stm32 9.3.0/armtools/bin/../lib/gcc/arm-atollic-eabi/6.3.1/../../../../arm-atollic-eabi/lib/armv7e-m/fpu\libc_nano.a(lib_a-init.o)
                              startup\startup_stm32f410rx.o (__libc_init_array)
c:/program files (x86)/atollic/truestudio for stm32 9.3.0/armtools/bin/../lib/gcc/arm-atollic-eabi/6.3.1/../../../../arm-atollic-eabi/lib/armv7e-m/fpu\libc_nano.a(lib_a-memset.o)
                              Src\HGCodeFunction.o (memset)
c:/program files (x86)/atollic/truestudio for stm32 9.3.0/armtools/bin/../lib/gcc/arm-atollic-eabi/6.3.1/armv7e-m/fpu\libgcc.a(_arm_addsubdf3.o)
                              Src\HGCodeParser.o (__aeabi_dadd)
c:/program files (x86)/atollic/truestudio for stm32 9.3.0/armtools/bin/../lib/gcc/arm-atollic-eabi/6.3.1/armv7e-m/fpu\libgcc.a(_arm_muldivdf3.o)
                              Src\HGCodeParser.o (__aeabi_dmul)
c:/program files (x86)/atollic/truestudio for stm32 9.3.0/armtools/bin/../lib/gcc/arm-atollic-eabi/6.3.1/armv7e-m/fpu\libgcc.a(_arm_fixdfsi.o)
                              Src\HGCodeParser.o (__aeabi_d2iz)
c:/program files (x86)/atollic/truestudio for stm32 9.3.0/armtools/bin/../lib/gcc/arm-atollic-eabi/6.3.1/armv7e-m/fpu\libgcc.a(_arm_fixunsdfsi.o)
                              Src\PWMStepMotor.o (__aeabi_d2uiz)
c:/program files (x86)/atollic/truestudio for stm32 9.3.0/armtools/bin/../lib/gcc/arm-atollic-eabi/6.3.1/armv7e-m/fpu\libgcc.a(_aeabi_uldivmod.o)
                              Drivers\STM32F4xx_HAL_Driver\Src\stm32f4xx_hal_rcc.o (__aeabi_uldivmod)
c:/program files (x86)/atollic/truestudio for stm32 9.3.0/armtools/bin/../lib/gcc/arm-atollic-eabi/6.3.1/armv7e-m/fpu\libgcc.a(_udivmoddi4.o)
                              c:/program files (x86)/atollic/truestudio for stm32 9.3.0/armtools/bin/../lib/gcc/arm-atollic-eabi/6.3.1/armv7e-m/fpu\libgcc.a(_aeabi_uldivmod.o) (__udivmoddi4)
c:/program files (x86)/atollic/truestudio for stm32 9.3.0/armtools/bin/../lib/gcc/arm-atollic-eabi/6.3.1/armv7e-m/fpu\libgcc.a(_dvmd_tls.o)
                              c:/program files (x86)/atollic/truestudio for stm32 9.3.0/armtools/bin/../lib/gcc/arm-atollic-eabi/6.3.1/armv7e-m/fpu\libgcc.a(_aeabi_uldivmod.o) (__aeabi_ldiv0)

Allocating common symbols
Common symbol       size              file

hdma_usart2_rx      0x60              Src\usart.o
hi2c2               0x54              Src\i2c.o
buff                0x64              Src\PWMStepMotor.o
uwTick              0x4               Drivers\STM32F4xx_HAL_Driver\Src\stm32f4xx_hal.o
pFlash              0x20              Drivers\STM32F4xx_HAL_Driver\Src\stm32f4xx_hal_flash.o
htim5               0x3c              Src\tim.o
STMotorDevices      0x110             Src\StepMotorDriver.o
huart1              0x40              Src\usart.o
htim6               0x3c              Src\tim.o
huart2              0x40              Src\usart.o

Discarded input sections

 .text          0x00000000        0x0 c:/program files (x86)/atollic/truestudio for stm32 9.3.0/armtools/bin/../lib/gcc/arm-atollic-eabi/6.3.1/armv7e-m/fpu/crti.o
 .data          0x00000000        0x0 c:/program files (x86)/atollic/truestudio for stm32 9.3.0/armtools/bin/../lib/gcc/arm-atollic-eabi/6.3.1/armv7e-m/fpu/crti.o
 .bss           0x00000000        0x0 c:/program files (x86)/atollic/truestudio for stm32 9.3.0/armtools/bin/../lib/gcc/arm-atollic-eabi/6.3.1/armv7e-m/fpu/crti.o
 .data          0x00000000        0x4 c:/program files (x86)/atollic/truestudio for stm32 9.3.0/armtools/bin/../lib/gcc/arm-atollic-eabi/6.3.1/armv7e-m/fpu/crtbegin.o
 .text          0x00000000        0x0 Drivers\STM32F4xx_HAL_Driver\Src\stm32f4xx_hal.o
 .data          0x00000000        0x0 Drivers\STM32F4xx_HAL_Driver\Src\stm32f4xx_hal.o
 .bss           0x00000000        0x0 Drivers\STM32F4xx_HAL_Driver\Src\stm32f4xx_hal.o
 .text.HAL_MspInit
                0x00000000        0x2 Drivers\STM32F4xx_HAL_Driver\Src\stm32f4xx_hal.o
 .text.HAL_MspDeInit
                0x00000000        0x2 Drivers\STM32F4xx_HAL_Driver\Src\stm32f4xx_hal.o
 .text.HAL_DeInit
                0x00000000       0x24 Drivers\STM32F4xx_HAL_Driver\Src\stm32f4xx_hal.o
 .text.HAL_GetTickPrio
                0x00000000        0xc Drivers\STM32F4xx_HAL_Driver\Src\stm32f4xx_hal.o
 .text.HAL_SetTickFreq
                0x00000000       0x24 Drivers\STM32F4xx_HAL_Driver\Src\stm32f4xx_hal.o
 .text.HAL_GetTickFreq
                0x00000000        0xc Drivers\STM32F4xx_HAL_Driver\Src\stm32f4xx_hal.o
 .text.HAL_Delay
                0x00000000       0x28 Drivers\STM32F4xx_HAL_Driver\Src\stm32f4xx_hal.o
 .text.HAL_SuspendTick
                0x00000000       0x10 Drivers\STM32F4xx_HAL_Driver\Src\stm32f4xx_hal.o
 .text.HAL_ResumeTick
                0x00000000       0x10 Drivers\STM32F4xx_HAL_Driver\Src\stm32f4xx_hal.o
 .text.HAL_GetHalVersion
                0x00000000        0x8 Drivers\STM32F4xx_HAL_Driver\Src\stm32f4xx_hal.o
[...]
Memory Configuration

Name             Origin             Length             Attributes
RAM              0x20000000         0x00008000         xrw
FLASH            0x08000000         0x00020000         xr
*default*        0x00000000         0xffffffff

Linker script and memory map

LOAD c:/program files (x86)/atollic/truestudio for stm32 9.3.0/armtools/bin/../lib/gcc/arm-atollic-eabi/6.3.1/armv7e-m/fpu/crti.o
LOAD c:/program files (x86)/atollic/truestudio for stm32 9.3.0/armtools/bin/../lib/gcc/arm-atollic-eabi/6.3.1/armv7e-m/fpu/crtbegin.o
LOAD Drivers\STM32F4xx_HAL_Driver\Src\stm32f4xx_hal.o
LOAD Drivers\STM32F4xx_HAL_Driver\Src\stm32f4xx_hal_cortex.o
LOAD Drivers\STM32F4xx_HAL_Driver\Src\stm32f4xx_hal_dma.o
LOAD Drivers\STM32F4xx_HAL_Driver\Src\stm32f4xx_hal_dma_ex.o
LOAD Drivers\STM32F4xx_HAL_Driver\Src\stm32f4xx_hal_flash.o
LOAD Drivers\STM32F4xx_HAL_Driver\Src\stm32f4xx_hal_flash_ex.o
LOAD Drivers\STM32F4xx_HAL_Driver\Src\stm32f4xx_hal_flash_ramfunc.o
LOAD Drivers\STM32F4xx_HAL_Driver\Src\stm32f4xx_hal_gpio.o
LOAD Drivers\STM32F4xx_HAL_Driver\Src\stm32f4xx_hal_i2c.o
LOAD Drivers\STM32F4xx_HAL_Driver\Src\stm32f4xx_hal_i2c_ex.o
LOAD Drivers\STM32F4xx_HAL_Driver\Src\stm32f4xx_hal_pwr.o
LOAD Drivers\STM32F4xx_HAL_Driver\Src\stm32f4xx_hal_pwr_ex.o
LOAD Drivers\STM32F4xx_HAL_Driver\Src\stm32f4xx_hal_rcc.o
LOAD Drivers\STM32F4xx_HAL_Driver\Src\stm32f4xx_hal_rcc_ex.o
LOAD Drivers\STM32F4xx_HAL_Driver\Src\stm32f4xx_hal_tim.o
LOAD Drivers\STM32F4xx_HAL_Driver\Src\stm32f4xx_hal_tim_ex.o
LOAD Drivers\STM32F4xx_HAL_Driver\Src\stm32f4xx_hal_uart.o
LOAD Src\HGCodeFunction.o
LOAD Src\HGCodeParser.o
LOAD Src\PWMStepMotor.o
LOAD Src\StepMotorDriver.o
LOAD Src\dma.o
LOAD Src\gpio.o
LOAD Src\i2c.o
LOAD Src\main.o
LOAD Src\stm32f4xx_hal_msp.o
LOAD Src\stm32f4xx_it.o
LOAD Src\system_stm32f4xx.o
LOAD Src\tim.o
LOAD Src\usart.o
LOAD startup\startup_stm32f410rx.o
                0x00000080                malloc_getpagesize_P = 0x80
START GROUP
LOAD c:/program files (x86)/atollic/truestudio for stm32 9.3.0/armtools/bin/../lib/gcc/arm-atollic-eabi/6.3.1/../../../../arm-atollic-eabi/lib/armv7e-m/fpu\libc_nano.a
LOAD c:/program files (x86)/atollic/truestudio for stm32 9.3.0/armtools/bin/../lib/gcc/arm-atollic-eabi/6.3.1/../../../../arm-atollic-eabi/lib/armv7e-m/fpu\libm.a
END GROUP
START GROUP
LOAD c:/program files (x86)/atollic/truestudio for stm32 9.3.0/armtools/bin/../lib/gcc/arm-atollic-eabi/6.3.1/armv7e-m/fpu\libgcc.a
LOAD c:/program files (x86)/atollic/truestudio for stm32 9.3.0/armtools/bin/../lib/gcc/arm-atollic-eabi/6.3.1/../../../../arm-atollic-eabi/lib/armv7e-m/fpu\libc_nano.a
END GROUP
START GROUP
LOAD c:/program files (x86)/atollic/truestudio for stm32 9.3.0/armtools/bin/../lib/gcc/arm-atollic-eabi/6.3.1/armv7e-m/fpu\libgcc.a
LOAD c:/program files (x86)/atollic/truestudio for stm32 9.3.0/armtools/bin/../lib/gcc/arm-atollic-eabi/6.3.1/../../../../arm-atollic-eabi/lib/armv7e-m/fpu\libc_nano.a
LOAD c:/program files (x86)/atollic/truestudio for stm32 9.3.0/armtools/bin/../lib/gcc/arm-atollic-eabi/6.3.1/../../../../arm-atollic-eabi/lib/armv7e-m/fpu\libnosys.a
END GROUP
START GROUP
LOAD c:/program files (x86)/atollic/truestudio for stm32 9.3.0/armtools/bin/../lib/gcc/arm-atollic-eabi/6.3.1/armv7e-m/fpu\libgcc.a
LOAD c:/program files (x86)/atollic/truestudio for stm32 9.3.0/armtools/bin/../lib/gcc/arm-atollic-eabi/6.3.1/../../../../arm-atollic-eabi/lib/armv7e-m/fpu\libc_nano.a
LOAD c:/program files (x86)/atollic/truestudio for stm32 9.3.0/armtools/bin/../lib/gcc/arm-atollic-eabi/6.3.1/../../../../arm-atollic-eabi/lib/armv7e-m/fpu\libnosys.a
END GROUP
LOAD c:/program files (x86)/atollic/truestudio for stm32 9.3.0/armtools/bin/../lib/gcc/arm-atollic-eabi/6.3.1/armv7e-m/fpu/crtend.o
LOAD c:/program files (x86)/atollic/truestudio for stm32 9.3.0/armtools/bin/../lib/gcc/arm-atollic-eabi/6.3.1/armv7e-m/fpu/crtn.o
                0x20008000                _estack = 0x20008000
                0x00000200                _Min_Heap_Size = 0x200
                0x00000400                _Min_Stack_Size = 0x400

.isr_vector     0x08000000      0x1c8
                0x08000000                . = ALIGN (0x4)
 *(.isr_vector)
 .isr_vector    0x08000000      0x1c8 startup\startup_stm32f410rx.o
                0x08000000                g_pfnVectors
                0x080001c8                . = ALIGN (0x4)

.text           0x080001c8     0x3598
                0x080001c8                . = ALIGN (0x4)
 *(.text)
 .text          0x080001c8       0x40 c:/program files (x86)/atollic/truestudio for stm32 9.3.0/armtools/bin/../lib/gcc/arm-atollic-eabi/6.3.1/armv7e-m/fpu/crtbegin.o
 .text          0x08000208      0x370 c:/program files (x86)/atollic/truestudio for stm32 9.3.0/armtools/bin/../lib/gcc/arm-atollic-eabi/6.3.1/armv7e-m/fpu\libgcc.a(_arm_addsubdf3.o)
                0x08000208                __aeabi_drsub
                0x08000210                __aeabi_dsub
                0x08000210                __subdf3
                0x08000214                __aeabi_dadd
                0x08000214                __adddf3
                0x0800048c                __floatunsidf
                0x0800048c                __aeabi_ui2d
                0x080004ac                __floatsidf
                0x080004ac                __aeabi_i2d
                0x080004d0                __aeabi_f2d
                0x080004d0                __extendsfdf2
                0x0800050c                __floatundidf
                0x0800050c                __aeabi_ul2d
                0x0800051c                __floatdidf
                0x0800051c                __aeabi_l2d
 .text          0x08000578      0x424 c:/program files (x86)/atollic/truestudio for stm32 9.3.0/armtools/bin/../lib/gcc/arm-atollic-eabi/6.3.1/armv7e-m/fpu\libgcc.a(_arm_muldivdf3.o)
                0x08000578                __aeabi_dmul
                0x08000578                __muldf3
                0x080007cc                __divdf3
                0x080007cc                __aeabi_ddiv
 .text          0x0800099c       0x40 c:/program files (x86)/atollic/truestudio for stm32 9.3.0/armtools/bin/../lib/gcc/arm-atollic-eabi/6.3.1/armv7e-m/fpu\libgcc.a(_arm_fixunsdfsi.o)
                0x0800099c                __aeabi_d2uiz
                0x0800099c                __fixunsdfsi
 .text          0x080009dc       0x30 c:/program files (x86)/atollic/truestudio for stm32 9.3.0/armtools/bin/../lib/gcc/arm-atollic-eabi/6.3.1/armv7e-m/fpu\libgcc.a(_aeabi_uldivmod.o)
                0x080009dc                __aeabi_uldivmod
 .text          0x08000a0c      0x2dc c:/program files (x86)/atollic/truestudio for stm32 9.3.0/armtools/bin/../lib/gcc/arm-atollic-eabi/6.3.1/armv7e-m/fpu\libgcc.a(_udivmoddi4.o)
                0x08000a0c                __udivmoddi4
 .text          0x08000ce8        0x4 c:/program files (x86)/atollic/truestudio for stm32 9.3.0/armtools/bin/../lib/gcc/arm-atollic-eabi/6.3.1/armv7e-m/fpu\libgcc.a(_dvmd_tls.o)
                0x08000ce8                __aeabi_idiv0
                0x08000ce8                __aeabi_ldiv0
 *(.text*)
 .text.HAL_InitTick
                0x08000cec       0x48 Drivers\STM32F4xx_HAL_Driver\Src\stm32f4xx_hal.o
                0x08000cec                HAL_InitTick
 .text.HAL_Init
                0x08000d34       0x34 Drivers\STM32F4xx_HAL_Driver\Src\stm32f4xx_hal.o
                0x08000d34                HAL_Init
 .text.HAL_IncTick
                0x08000d68       0x18 Drivers\STM32F4xx_HAL_Driver\Src\stm32f4xx_hal.o
                0x08000d68                HAL_IncTick
 .text.HAL_GetTick
                0x08000d80        0xc Drivers\STM32F4xx_HAL_Driver\Src\stm32f4xx_hal.o
                0x08000d80                HAL_GetTick
 .text.HAL_NVIC_SetPriorityGrouping
                0x08000d8c       0x24 Drivers\STM32F4xx_HAL_Driver\Src\stm32f4xx_hal_cortex.o
                0x08000d8c                HAL_NVIC_SetPriorityGrouping
 .text.HAL_NVIC_SetPriority
                0x08000db0       0x68 Drivers\STM32F4xx_HAL_Driver\Src\stm32f4xx_hal_cortex.o
                0x08000db0                HAL_NVIC_SetPriority
 .text.HAL_NVIC_EnableIRQ
                0x08000e18       0x18 Drivers\STM32F4xx_HAL_Driver\Src\stm32f4xx_hal_cortex.o
                0x08000e18                HAL_NVIC_EnableIRQ
 .text.HAL_NVIC_DisableIRQ
                0x08000e30       0x1c Drivers\STM32F4xx_HAL_Driver\Src\stm32f4xx_hal_cortex.o
                0x08000e30                HAL_NVIC_DisableIRQ
 .text.HAL_SYSTICK_Config
                0x08000e4c       0x2c Drivers\STM32F4xx_HAL_Driver\Src\stm32f4xx_hal_cortex.o
                0x08000e4c                HAL_SYSTICK_Config
 .text.DMA_CalcBaseAndBitshift
                0x08000e78       0x2c Drivers\STM32F4xx_HAL_Driver\Src\stm32f4xx_hal_dma.o
 .text.HAL_DMA_Init
                0x08000ea4       0xfc Drivers\STM32F4xx_HAL_Driver\Src\stm32f4xx_hal_dma.o
                0x08000ea4                HAL_DMA_Init
 .text.HAL_DMA_Start_IT
                0x08000fa0       0x7c Drivers\STM32F4xx_HAL_Driver\Src\stm32f4xx_hal_dma.o
                0x08000fa0                HAL_DMA_Start_IT
 .text.HAL_DMA_Abort_IT
                0x0800101c       0x24 Drivers\STM32F4xx_HAL_Driver\Src\stm32f4xx_hal_dma.o
                0x0800101c                HAL_DMA_Abort_IT
 .text.HAL_DMA_IRQHandler
                0x08001040      0x174 Drivers\STM32F4xx_HAL_Driver\Src\stm32f4xx_hal_dma.o
                0x08001040                HAL_DMA_IRQHandler
 .text.HAL_GPIO_Init
                0x080011b4      0x178 Drivers\STM32F4xx_HAL_Driver\Src\stm32f4xx_hal_gpio.o
                0x080011b4                HAL_GPIO_Init
 .text.HAL_GPIO_WritePin
                0x0800132c        0xa Drivers\STM32F4xx_HAL_Driver\Src\stm32f4xx_hal_gpio.o
                0x0800132c                HAL_GPIO_WritePin
 .text.HAL_GPIO_TogglePin
                0x08001336        0x8 Drivers\STM32F4xx_HAL_Driver\Src\stm32f4xx_hal_gpio.o
                0x08001336                HAL_GPIO_TogglePin
 .text.HAL_GPIO_EXTI_Callback
                0x0800133e        0x2 Drivers\STM32F4xx_HAL_Driver\Src\stm32f4xx_hal_gpio.o
                0x0800133e                HAL_GPIO_EXTI_Callback
 .text.HAL_GPIO_EXTI_IRQHandler
                0x08001340       0x18 Drivers\STM32F4xx_HAL_Driver\Src\stm32f4xx_hal_gpio.o
                0x08001340                HAL_GPIO_EXTI_IRQHandler
 .text.HAL_I2C_Init
                0x08001358       0xdc Drivers\STM32F4xx_HAL_Driver\Src\stm32f4xx_hal_i2c.o
                0x08001358                HAL_I2C_Init
 .text.HAL_RCC_GetSysClockFreq
                0x08001434       0x5c Drivers\STM32F4xx_HAL_Driver\Src\stm32f4xx_hal_rcc.o
                0x08001434                HAL_RCC_GetSysClockFreq
 .text.HAL_RCC_ClockConfig
                0x08001490      0x134 Drivers\STM32F4xx_HAL_Driver\Src\stm32f4xx_hal_rcc.o
                0x08001490                HAL_RCC_ClockConfig
 .text.HAL_RCC_GetPCLK1Freq
                0x080015c4       0x20 Drivers\STM32F4xx_HAL_Driver\Src\stm32f4xx_hal_rcc.o
                0x080015c4                HAL_RCC_GetPCLK1Freq
 .text.HAL_RCC_GetPCLK2Freq
                0x080015e4       0x20 Drivers\STM32F4xx_HAL_Driver\Src\stm32f4xx_hal_rcc.o
                0x080015e4                HAL_RCC_GetPCLK2Freq
 .text.HAL_RCC_OscConfig
                0x08001604      0x308 Drivers\STM32F4xx_HAL_Driver\Src\stm32f4xx_hal_rcc_ex.o
                0x08001604                HAL_RCC_OscConfig
 .text.TIM_OC1_SetConfig
                0x0800190c       0x50 Drivers\STM32F4xx_HAL_Driver\Src\stm32f4xx_hal_tim.o
 .text.TIM_OC3_SetConfig
                0x0800195c       0x54 Drivers\STM32F4xx_HAL_Driver\Src\stm32f4xx_hal_tim.o
 .text.TIM_OC4_SetConfig
                0x080019b0       0x44 Drivers\STM32F4xx_HAL_Driver\Src\stm32f4xx_hal_tim.o
 .text.HAL_TIM_Base_Start_IT
                0x080019f4       0x16 Drivers\STM32F4xx_HAL_Driver\Src\stm32f4xx_hal_tim.o
                0x080019f4                HAL_TIM_Base_Start_IT
 .text.HAL_TIM_PeriodElapsedCallback
                0x08001a0a        0x2 Drivers\STM32F4xx_HAL_Driver\Src\stm32f4xx_hal_tim.o
                0x08001a0a                HAL_TIM_PeriodElapsedCallback
 .text.HAL_TIM_OC_DelayElapsedCallback
                0x08001a0c        0x2 Drivers\STM32F4xx_HAL_Driver\Src\stm32f4xx_hal_tim.o
                0x08001a0c                HAL_TIM_OC_DelayElapsedCallback
 .text.HAL_TIM_IC_CaptureCallback
                0x08001a0e        0x2 Drivers\STM32F4xx_HAL_Driver\Src\stm32f4xx_hal_tim.o
                0x08001a0e                HAL_TIM_IC_CaptureCallback
 .text.HAL_TIM_TriggerCallback
                0x08001a10        0x2 Drivers\STM32F4xx_HAL_Driver\Src\stm32f4xx_hal_tim.o
                0x08001a10                HAL_TIM_TriggerCallback
 .text.HAL_TIM_IRQHandler
                0x08001a12      0x144 Drivers\STM32F4xx_HAL_Driver\Src\stm32f4xx_hal_tim.o
                0x08001a12                HAL_TIM_IRQHandler
 *fill*         0x08001b56        0x2 
 .text.TIM_Base_SetConfig
                0x08001b58       0x64 Drivers\STM32F4xx_HAL_Driver\Src\stm32f4xx_hal_tim.o
                0x08001b58                TIM_Base_SetConfig
 .text.HAL_TIM_Base_Init
                0x08001bbc       0x34 Drivers\STM32F4xx_HAL_Driver\Src\stm32f4xx_hal_tim.o
                0x08001bbc                HAL_TIM_Base_Init
 .text.HAL_TIM_PWM_Init
                0x08001bf0       0x34 Drivers\STM32F4xx_HAL_Driver\Src\stm32f4xx_hal_tim.o
                0x08001bf0                HAL_TIM_PWM_Init
 .text.TIM_OC2_SetConfig
                0x08001c24       0x58 Drivers\STM32F4xx_HAL_Driver\Src\stm32f4xx_hal_tim.o
                0x08001c24                TIM_OC2_SetConfig
 .text.HAL_TIM_PWM_ConfigChannel
                0x08001c7c       0xc4 Drivers\STM32F4xx_HAL_Driver\Src\stm32f4xx_hal_tim.o
                0x08001c7c                HAL_TIM_PWM_ConfigChannel
 .text.TIM_CCxChannelCmd
                0x08001d40       0x18 Drivers\STM32F4xx_HAL_Driver\Src\stm32f4xx_hal_tim.o
                0x08001d40                TIM_CCxChannelCmd
 .text.HAL_TIM_PWM_Start_IT
                0x08001d58       0x6c Drivers\STM32F4xx_HAL_Driver\Src\stm32f4xx_hal_tim.o
                0x08001d58                HAL_TIM_PWM_Start_IT
 .text.HAL_TIM_PWM_Stop_IT
                0x08001dc4       0x94 Drivers\STM32F4xx_HAL_Driver\Src\stm32f4xx_hal_tim.o
                0x08001dc4                HAL_TIM_PWM_Stop_IT
 .text.HAL_TIMEx_MasterConfigSynchronization
                0x08001e58       0x44 Drivers\STM32F4xx_HAL_Driver\Src\stm32f4xx_hal_tim_ex.o
                0x08001e58                HAL_TIMEx_MasterConfigSynchronization
 .text.HAL_TIMEx_CommutationCallback
                0x08001e9c        0x2 Drivers\STM32F4xx_HAL_Driver\Src\stm32f4xx_hal_tim_ex.o
                0x08001e9c                HAL_TIMEx_CommutationCallback
 .text.HAL_TIMEx_BreakCallback
                0x08001e9e        0x2 Drivers\STM32F4xx_HAL_Driver\Src\stm32f4xx_hal_tim_ex.o
                0x08001e9e                HAL_TIMEx_BreakCallback
 .text.UART_EndRxTransfer
                0x08001ea0       0x1a Drivers\STM32F4xx_HAL_Driver\Src\stm32f4xx_hal_uart.o
 *fill*         0x08001eba        0x2 
 .text.UART_SetConfig
                0x08001ebc      0x234 Drivers\STM32F4xx_HAL_Driver\Src\stm32f4xx_hal_uart.o
 .text.UART_WaitOnFlagUntilTimeout.constprop.3
                0x080020f0       0x50 Drivers\STM32F4xx_HAL_Driver\Src\stm32f4xx_hal_uart.o
 .text.HAL_UART_Init
                0x08002140       0x5c Drivers\STM32F4xx_HAL_Driver\Src\stm32f4xx_hal_uart.o
                0x08002140                HAL_UART_Init
 .text.HAL_UART_Transmit
                0x0800219c       0xba Drivers\STM32F4xx_HAL_Driver\Src\stm32f4xx_hal_uart.o
                0x0800219c                HAL_UART_Transmit
 .text.HAL_UART_Transmit_IT
                0x08002256       0x3e Drivers\STM32F4xx_HAL_Driver\Src\stm32f4xx_hal_uart.o
                0x08002256                HAL_UART_Transmit_IT
 .text.HAL_UART_Receive_DMA
                0x08002294       0x90 Drivers\STM32F4xx_HAL_Driver\Src\stm32f4xx_hal_uart.o
                0x08002294                HAL_UART_Receive_DMA
 .text.HAL_UART_TxCpltCallback
                0x08002324        0x2 Drivers\STM32F4xx_HAL_Driver\Src\stm32f4xx_hal_uart.o
                0x08002324                HAL_UART_TxCpltCallback
 .text.HAL_UART_RxCpltCallback
                0x08002326        0x2 Drivers\STM32F4xx_HAL_Driver\Src\stm32f4xx_hal_uart.o
                0x08002326                HAL_UART_RxCpltCallback
 .text.UART_DMAReceiveCplt
                0x08002328       0x38 Drivers\STM32F4xx_HAL_Driver\Src\stm32f4xx_hal_uart.o
 .text.UART_Receive_IT
                0x08002360       0x74 Drivers\STM32F4xx_HAL_Driver\Src\stm32f4xx_hal_uart.o
 .text.HAL_UART_RxHalfCpltCallback
                0x080023d4        0x2 Drivers\STM32F4xx_HAL_Driver\Src\stm32f4xx_hal_uart.o
                0x080023d4                HAL_UART_RxHalfCpltCallback
 .text.UART_DMARxHalfCplt
                0x080023d6        0xa Drivers\STM32F4xx_HAL_Driver\Src\stm32f4xx_hal_uart.o
 .text.HAL_UART_ErrorCallback
                0x080023e0        0x2 Drivers\STM32F4xx_HAL_Driver\Src\stm32f4xx_hal_uart.o
                0x080023e0                HAL_UART_ErrorCallback
 .text.UART_DMAError
                0x080023e2       0x4e Drivers\STM32F4xx_HAL_Driver\Src\stm32f4xx_hal_uart.o
 .text.HAL_UART_IRQHandler
                0x08002430      0x140 Drivers\STM32F4xx_HAL_Driver\Src\stm32f4xx_hal_uart.o
                0x08002430                HAL_UART_IRQHandler
 .text.UART_DMAAbortOnError
                0x08002570       0x10 Drivers\STM32F4xx_HAL_Driver\Src\stm32f4xx_hal_uart.o
 .text.G01      0x08002580       0x30 Src\HGCodeFunction.o
                0x08002580                G01
 .text.G28      0x080025b0       0x28 Src\HGCodeFunction.o
                0x080025b0                G28
 .text.H10      0x080025d8       0x2c Src\HGCodeFunction.o
                0x080025d8                H10
 .text.H11      0x08002604       0x2c Src\HGCodeFunction.o
                0x08002604                H11
 .text.H20      0x08002630       0x2c Src\HGCodeFunction.o
                0x08002630                H20
 .text.H21      0x0800265c       0x2c Src\HGCodeFunction.o
                0x0800265c                H21
 .text.H100     0x08002688       0x28 Src\HGCodeFunction.o
                0x08002688                H100
 .text.startHGCode
                0x080026b0       0xbc Src\HGCodeFunction.o
                0x080026b0                startHGCode
 .text.HGCodeInit
                0x0800276c       0x38 Src\HGCodeParser.o
                0x0800276c                HGCodeInit
 .text.HGCodeDMAStart
                0x080027a4       0x18 Src\HGCodeParser.o
                0x080027a4                HGCodeDMAStart
 .text.HGCodeCheckCommandBuffer
                0x080027bc       0x1c Src\HGCodeParser.o
                0x080027bc                HGCodeCheckCommandBuffer
 .text.HGCodeCheckDataBuffer
                0x080027d8       0x14 Src\HGCodeParser.o
                0x080027d8                HGCodeCheckDataBuffer
 .text.HGCodeGetCommandData
                0x080027ec       0x40 Src\HGCodeParser.o
                0x080027ec                HGCodeGetCommandData
 .text.HGCodeCharToInt
                0x0800282c       0x24 Src\HGCodeParser.o
                0x0800282c                HGCodeCharToInt
 .text.HGCodeCharToDouble
                0x08002850       0x94 Src\HGCodeParser.o
                0x08002850                HGCodeCharToDouble
 .text.HGCodeDecodeCommand
                0x080028e4      0x2c0 Src\HGCodeParser.o
                0x080028e4                HGCodeDecodeCommand
 .text.DecodeTimerInterruptHandler
                0x08002ba4       0x14 Src\HGCodeParser.o
                0x08002ba4                DecodeTimerInterruptHandler
 .text.STMotorInitHandler
                0x08002bb8       0x40 Src\PWMStepMotor.o
                0x08002bb8                STMotorInitHandler
 .text.STMotorInitParam
                0x08002bf8       0x24 Src\PWMStepMotor.o
                0x08002bf8                STMotorInitParam
 .text.STMotorCalcAccelSpeed
                0x08002c1c       0x44 Src\PWMStepMotor.o
                0x08002c1c                STMotorCalcAccelSpeed
 .text.STMotorSetFreq
                0x08002c60       0x3a Src\PWMStepMotor.o
                0x08002c60                STMotorSetFreq
 *fill*         0x08002c9a        0x2 
 .text.STMotorStopFreq
                0x08002c9c       0x24 Src\PWMStepMotor.o
                0x08002c9c                STMotorStopFreq
 .text.STMotorMoveStart
                0x08002cc0       0x30 Src\PWMStepMotor.o
                0x08002cc0                STMotorMoveStart
 .text.STMotorGoStep
                0x08002cf0       0x40 Src\PWMStepMotor.o
                0x08002cf0                STMotorGoStep
 .text.STMotorGoSpeed
                0x08002d30       0x60 Src\PWMStepMotor.o
                0x08002d30                STMotorGoSpeed
 .text.STMotorAutoHome
                0x08002d90       0x22 Src\PWMStepMotor.o
                0x08002d90                STMotorAutoHome
 *fill*         0x08002db2        0x2 
 .text.STMotorGoMilli
                0x08002db4       0x30 Src\PWMStepMotor.o
                0x08002db4                STMotorGoMilli
 .text.STMotorPWMPulseInterruptHandle
                0x08002de4      0x12c Src\PWMStepMotor.o
                0x08002de4                STMotorPWMPulseInterruptHandle
 .text.STMotorEXTInterruptHandle
                0x08002f10       0x16 Src\PWMStepMotor.o
                0x08002f10                STMotorEXTInterruptHandle
 *fill*         0x08002f26        0x2 
 .text.SetDirectionGPIO
                0x08002f28       0x1c Src\StepMotorDriver.o
                0x08002f28                SetDirectionGPIO
 .text.SetEnableGPIO
                0x08002f44       0x1c Src\StepMotorDriver.o
                0x08002f44                SetEnableGPIO
 .text.FinishCallBack
                0x08002f60       0x40 Src\StepMotorDriver.o
                0x08002f60                FinishCallBack
 .text.PWMPulseInterruptHandle
                0x08002fa0       0x18 Src\StepMotorDriver.o
                0x08002fa0                PWMPulseInterruptHandle
 .text.EXTInterruptHandle
                0x08002fb8       0x18 Src\StepMotorDriver.o
                0x08002fb8                EXTInterruptHandle
 .text.MX_DMA_Init
                0x08002fd0       0x34 Src\dma.o
                0x08002fd0                MX_DMA_Init
 .text.MX_GPIO_Init
                0x08003004      0x11c Src\gpio.o
                0x08003004                MX_GPIO_Init
 .text.MX_I2C2_Init
                0x08003120       0x40 Src\i2c.o
                0x08003120                MX_I2C2_Init
 .text.HAL_I2C_MspInit
                0x08003160       0x74 Src\i2c.o
                0x08003160                HAL_I2C_MspInit
 .text.SystemClock_Config
                0x080031d4       0x90 Src\main.o
                0x080031d4                SystemClock_Config
 .text.startup.main
                0x08003264       0x40 Src\main.o
                0x08003264                main
 .text.Error_Handler
                0x080032a4        0x2 Src\main.o
                0x080032a4                Error_Handler
 *fill*         0x080032a6        0x2 
 .text.HAL_MspInit
                0x080032a8       0x40 Src\stm32f4xx_hal_msp.o
                0x080032a8                HAL_MspInit
 .text.HAL_TIM_PWM_PulseFinishedCallback
                0x080032e8        0x4 Src\stm32f4xx_hal_msp.o
                0x080032e8                HAL_TIM_PWM_PulseFinishedCallback
 .text.NMI_Handler
                0x080032ec        0x2 Src\stm32f4xx_it.o
                0x080032ec                NMI_Handler
 .text.HardFault_Handler
                0x080032ee        0x2 Src\stm32f4xx_it.o
                0x080032ee                HardFault_Handler
 .text.MemManage_Handler
                0x080032f0        0x2 Src\stm32f4xx_it.o
                0x080032f0                MemManage_Handler
 .text.BusFault_Handler
                0x080032f2        0x2 Src\stm32f4xx_it.o
                0x080032f2                BusFault_Handler
 .text.UsageFault_Handler
                0x080032f4        0x2 Src\stm32f4xx_it.o
                0x080032f4                UsageFault_Handler
 .text.SVC_Handler
                0x080032f6        0x2 Src\stm32f4xx_it.o
                0x080032f6                SVC_Handler
 .text.DebugMon_Handler
                0x080032f8        0x2 Src\stm32f4xx_it.o
                0x080032f8                DebugMon_Handler
 .text.PendSV_Handler
                0x080032fa        0x2 Src\stm32f4xx_it.o
                0x080032fa                PendSV_Handler
 .text.SysTick_Handler
                0x080032fc        0x4 Src\stm32f4xx_it.o
                0x080032fc                SysTick_Handler
 .text.EXTI0_IRQHandler
                0x08003300       0x10 Src\stm32f4xx_it.o
                0x08003300                EXTI0_IRQHandler
 .text.EXTI3_IRQHandler
                0x08003310        0x6 Src\stm32f4xx_it.o
                0x08003310                EXTI3_IRQHandler
 *fill*         0x08003316        0x2 
 .text.DMA1_Stream5_IRQHandler
                0x08003318        0xc Src\stm32f4xx_it.o
                0x08003318                DMA1_Stream5_IRQHandler
 .text.USART2_IRQHandler
                0x08003324        0xc Src\stm32f4xx_it.o
                0x08003324                USART2_IRQHandler
 .text.TIM5_IRQHandler
                0x08003330        0xc Src\stm32f4xx_it.o
                0x08003330                TIM5_IRQHandler
 .text.TIM6_DAC_IRQHandler
                0x0800333c       0x14 Src\stm32f4xx_it.o
                0x0800333c                TIM6_DAC_IRQHandler
 .text.SystemInit
                0x08003350       0x4c Src\system_stm32f4xx.o
                0x08003350                SystemInit
 .text.MX_TIM6_Init
                0x0800339c       0x44 Src\tim.o
                0x0800339c                MX_TIM6_Init
 .text.HAL_TIM_PWM_MspInit
                0x080033e0       0x3c Src\tim.o
                0x080033e0                HAL_TIM_PWM_MspInit
 .text.HAL_TIM_Base_MspInit
                0x0800341c       0x3c Src\tim.o
                0x0800341c                HAL_TIM_Base_MspInit
 .text.HAL_TIM_MspPostInit
                0x08003458       0x54 Src\tim.o
                0x08003458                HAL_TIM_MspPostInit
 .text.MX_TIM5_Init
                0x080034ac       0x6c Src\tim.o
                0x080034ac                MX_TIM5_Init
 .text.MX_USART1_UART_Init
                0x08003518       0x38 Src\usart.o
                0x08003518                MX_USART1_UART_Init
 .text.MX_USART2_UART_Init
                0x08003550       0x38 Src\usart.o
                0x08003550                MX_USART2_UART_Init
 .text.HAL_UART_MspInit
                0x08003588      0x114 Src\usart.o
                0x08003588                HAL_UART_MspInit
 .text.Reset_Handler
                0x0800369c       0x50 startup\startup_stm32f410rx.o
                0x0800369c                Reset_Handler
 .text.Default_Handler
                0x080036ec        0x2 startup\startup_stm32f410rx.o
                0x080036ec                RTC_Alarm_IRQHandler
                0x080036ec                EXTI2_IRQHandler
                0x080036ec                FMPI2C1_EV_IRQHandler
                0x080036ec                TIM1_CC_IRQHandler
                0x080036ec                DMA2_Stream5_IRQHandler
                0x080036ec                PVD_IRQHandler
                0x080036ec                TAMP_STAMP_IRQHandler
                0x080036ec                I2C2_EV_IRQHandler
                0x080036ec                DMA1_Stream2_IRQHandler
                0x080036ec                FPU_IRQHandler
                0x080036ec                DMA2_Stream2_IRQHandler
                0x080036ec                SPI1_IRQHandler
                0x080036ec                TIM1_BRK_TIM9_IRQHandler
                0x080036ec                DMA2_Stream3_IRQHandler
                0x080036ec                USART6_IRQHandler
                0x080036ec                DMA2_Stream0_IRQHandler
                0x080036ec                I2C1_EV_IRQHandler
                0x080036ec                DMA1_Stream6_IRQHandler
                0x080036ec                DMA1_Stream1_IRQHandler
                0x080036ec                RCC_IRQHandler
                0x080036ec                Default_Handler
                0x080036ec                EXTI15_10_IRQHandler
                0x080036ec                ADC_IRQHandler
                0x080036ec                DMA1_Stream7_IRQHandler
                0x080036ec                SPI5_IRQHandler
                0x080036ec                DMA2_Stream7_IRQHandler
                0x080036ec                EXTI9_5_IRQHandler
                0x080036ec                RTC_WKUP_IRQHandler
                0x080036ec                SPI2_IRQHandler
                0x080036ec                DMA1_Stream0_IRQHandler
                0x080036ec                FMPI2C1_ER_IRQHandler
                0x080036ec                EXTI4_IRQHandler
                0x080036ec                RNG_IRQHandler
                0x080036ec                TIM1_UP_IRQHandler
                0x080036ec                WWDG_IRQHandler
                0x080036ec                TIM1_TRG_COM_TIM11_IRQHandler
                0x080036ec                EXTI1_IRQHandler
                0x080036ec                I2C2_ER_IRQHandler
                0x080036ec                DMA2_Stream1_IRQHandler
                0x080036ec                FLASH_IRQHandler
                0x080036ec                DMA2_Stream4_IRQHandler
                0x080036ec                USART1_IRQHandler
                0x080036ec                DMA1_Stream4_IRQHandler
                0x080036ec                I2C1_ER_IRQHandler
                0x080036ec                LPTIM1_IRQHandler
                0x080036ec                DMA2_Stream6_IRQHandler
                0x080036ec                DMA1_Stream3_IRQHandler
 *fill*         0x080036ee        0x2 
 .text.__libc_init_array
                0x080036f0       0x48 c:/program files (x86)/atollic/truestudio for stm32 9.3.0/armtools/bin/../lib/gcc/arm-atollic-eabi/6.3.1/../../../../arm-atollic-eabi/lib/armv7e-m/fpu\libc_nano.a(lib_a-init.o)
                0x080036f0                __libc_init_array
 .text.memset   0x08003738       0x10 c:/program files (x86)/atollic/truestudio for stm32 9.3.0/armtools/bin/../lib/gcc/arm-atollic-eabi/6.3.1/../../../../arm-atollic-eabi/lib/armv7e-m/fpu\libc_nano.a(lib_a-memset.o)
                0x08003738                memset
 *(.glue_7)
 .glue_7        0x08003748        0x0 linker stubs
 *(.glue_7t)
 .glue_7t       0x08003748        0x0 linker stubs
 *(.eh_frame)
 .eh_frame      0x08003748        0x0 c:/program files (x86)/atollic/truestudio for stm32 9.3.0/armtools/bin/../lib/gcc/arm-atollic-eabi/6.3.1/armv7e-m/fpu/crtbegin.o
 *(.init)
 .init          0x08003748        0x4 c:/program files (x86)/atollic/truestudio for stm32 9.3.0/armtools/bin/../lib/gcc/arm-atollic-eabi/6.3.1/armv7e-m/fpu/crti.o
                0x08003748                _init
 .init          0x0800374c        0x8 c:/program files (x86)/atollic/truestudio for stm32 9.3.0/armtools/bin/../lib/gcc/arm-atollic-eabi/6.3.1/armv7e-m/fpu/crtn.o
 *(.fini)
 .fini          0x08003754        0x4 c:/program files (x86)/atollic/truestudio for stm32 9.3.0/armtools/bin/../lib/gcc/arm-atollic-eabi/6.3.1/armv7e-m/fpu/crti.o
                0x08003754                _fini
 .fini          0x08003758        0x8 c:/program files (x86)/atollic/truestudio for stm32 9.3.0/armtools/bin/../lib/gcc/arm-atollic-eabi/6.3.1/armv7e-m/fpu/crtn.o
                0x08003760                . = ALIGN (0x4)
                0x08003760                _etext = .

.vfp11_veneer   0x08003760        0x0
 .vfp11_veneer  0x08003760        0x0 linker stubs

.v4_bx          0x08003760        0x0
 .v4_bx         0x08003760        0x0 linker stubs

.iplt           0x08003760        0x0
 .iplt          0x08003760        0x0 c:/program files (x86)/atollic/truestudio for stm32 9.3.0/armtools/bin/../lib/gcc/arm-atollic-eabi/6.3.1/armv7e-m/fpu/crtbegin.o

.rodata         0x08003760       0x84
                0x08003760                . = ALIGN (0x4)
 *(.rodata)
 *(.rodata*)
 .rodata.flagBitshiftOffset.8816
                0x08003760        0x8 Drivers\STM32F4xx_HAL_Driver\Src\stm32f4xx_hal_dma.o
 .rodata.G01.str1.1
                0x08003768        0x7 Src\HGCodeFunction.o
 .rodata.G28.str1.1
                0x0800376f        0x7 Src\HGCodeFunction.o
 .rodata.H10.str1.1
                0x08003776        0x7 Src\HGCodeFunction.o
 .rodata.H100.str1.1
                0x0800377d        0x8 Src\HGCodeFunction.o
 .rodata.H11.str1.1
                0x08003785        0x7 Src\HGCodeFunction.o
 .rodata.H20.str1.1
                0x0800378c        0x7 Src\HGCodeFunction.o
 .rodata.H21.str1.1
                0x08003793        0x7 Src\HGCodeFunction.o
 .rodata.HGCodeDecodeCommand.str1.1
                0x0800379a        0x8 Src\HGCodeParser.o
 .rodata.FinishCallBack.str1.1
                0x080037a2       0x28 Src\StepMotorDriver.o
 .rodata.AHBPrescTable
                0x080037ca       0x10 Src\system_stm32f4xx.o
                0x080037ca                AHBPrescTable
 .rodata.APBPrescTable
                0x080037da        0x8 Src\system_stm32f4xx.o
                0x080037da                APBPrescTable
                0x080037e4                . = ALIGN (0x4)
 *fill*         0x080037e2        0x2 

.ARM.extab
 *(.ARM.extab* .gnu.linkonce.armextab.*)

.ARM            0x080037e4        0x8
                0x080037e4                __exidx_start = .
 *(.ARM.exidx*)
 .ARM.exidx     0x080037e4        0x8 c:/program files (x86)/atollic/truestudio for stm32 9.3.0/armtools/bin/../lib/gcc/arm-atollic-eabi/6.3.1/armv7e-m/fpu\libgcc.a(_udivmoddi4.o)
                0x080037ec                __exidx_end = .

.rel.dyn        0x080037ec        0x0
 .rel.iplt      0x080037ec        0x0 c:/program files (x86)/atollic/truestudio for stm32 9.3.0/armtools/bin/../lib/gcc/arm-atollic-eabi/6.3.1/armv7e-m/fpu/crtbegin.o

.preinit_array  0x080037ec        0x0
                0x080037ec                PROVIDE (__preinit_array_start, .)
 *(.preinit_array*)
                0x080037ec                PROVIDE (__preinit_array_end, .)

.init_array     0x080037ec        0x4
                0x080037ec                PROVIDE (__init_array_start, .)
 *(SORT(.init_array.*))
 *(.init_array*)
 .init_array    0x080037ec        0x4 c:/program files (x86)/atollic/truestudio for stm32 9.3.0/armtools/bin/../lib/gcc/arm-atollic-eabi/6.3.1/armv7e-m/fpu/crtbegin.o
                0x080037f0                PROVIDE (__init_array_end, .)

.fini_array     0x080037f0        0x4
                [!provide]                PROVIDE (__fini_array_start, .)
 *(SORT(.fini_array.*))
 *(.fini_array*)
 .fini_array    0x080037f0        0x4 c:/program files (x86)/atollic/truestudio for stm32 9.3.0/armtools/bin/../lib/gcc/arm-atollic-eabi/6.3.1/armv7e-m/fpu/crtbegin.o
                [!provide]                PROVIDE (__fini_array_end, .)
                0x080037f4                _sidata = LOADADDR (.data)

.data           0x20000000       0x28 load address 0x080037f4
                0x20000000                . = ALIGN (0x4)
                0x20000000                _sdata = .
 *(.data)
 *(.data*)
 .data.uwTickFreq
                0x20000000        0x1 Drivers\STM32F4xx_HAL_Driver\Src\stm32f4xx_hal.o
                0x20000000                uwTickFreq
 *fill*         0x20000001        0x3 
 .data.uwTickPrio
                0x20000004        0x4 Drivers\STM32F4xx_HAL_Driver\Src\stm32f4xx_hal.o
                0x20000004                uwTickPrio
 .data.STMotorDeviceControl
                0x20000008       0x1c Src\StepMotorDriver.o
                0x20000008                STMotorDeviceControl
 .data.SystemCoreClock
                0x20000024        0x4 Src\system_stm32f4xx.o
                0x20000024                SystemCoreClock
                0x20000028                . = ALIGN (0x4)
                0x20000028                _edata = .

.igot.plt       0x20000028        0x0 load address 0x0800381c
 .igot.plt      0x20000028        0x0 c:/program files (x86)/atollic/truestudio for stm32 9.3.0/armtools/bin/../lib/gcc/arm-atollic-eabi/6.3.1/armv7e-m/fpu/crtbegin.o
                0x20000028                . = ALIGN (0x4)

.bss            0x20000028      0x724 load address 0x0800381c
                0x20000028                _sbss = .
                0x20000028                __bss_start__ = _sbss
 *(.bss)
 .bss           0x20000028       0x1c c:/program files (x86)/atollic/truestudio for stm32 9.3.0/armtools/bin/../lib/gcc/arm-atollic-eabi/6.3.1/armv7e-m/fpu/crtbegin.o
 *(.bss*)
 .bss.temp      0x20000044        0x4 Src\HGCodeFunction.o
                0x20000044                temp
 .bss.HGCodeBuffer
                0x20000048      0x1f4 Src\HGCodeParser.o
                0x20000048                HGCodeBuffer
 *fill*         0x2000023c        0x4 
 .bss.HGCodeControl
                0x20000240      0x248 Src\HGCodeParser.o
                0x20000240                HGCodeControl
 .bss.deviceCount
                0x20000488        0x1 Src\PWMStepMotor.o
                0x20000488                deviceCount
 *(COMMON)
 *fill*         0x20000489        0x3 
 COMMON         0x2000048c        0x4 Drivers\STM32F4xx_HAL_Driver\Src\stm32f4xx_hal.o
                0x2000048c                uwTick
 COMMON         0x20000490      0x110 Src\StepMotorDriver.o
                0x20000490                STMotorDevices
 COMMON         0x200005a0       0x54 Src\i2c.o
                0x200005a0                hi2c2
 COMMON         0x200005f4       0x78 Src\tim.o
                0x200005f4                htim5
                0x20000630                htim6
 COMMON         0x2000066c       0xe0 Src\usart.o
                0x2000066c                hdma_usart2_rx
                0x200006cc                huart1
                0x2000070c                huart2
                0x2000074c                . = ALIGN (0x4)
                0x2000074c                _ebss = .
                0x2000074c                __bss_end__ = _ebss

._user_heap_stack
                0x2000074c      0x600 load address 0x0800381c
                0x2000074c                . = ALIGN (0x4)
                [!provide]                PROVIDE (end, .)
                [!provide]                PROVIDE (_end, .)
                0x2000094c                . = (. + _Min_Heap_Size)
 *fill*         0x2000074c      0x200 
                0x20000d4c                . = (. + _Min_Stack_Size)
 *fill*         0x2000094c      0x400 
                0x20000d4c                . = ALIGN (0x4)

/DISCARD/
 libc.a(*)
 libm.a(*)
 libgcc.a(*)

.ARM.attributes
                0x00000000       0x30
 *(.ARM.attributes)
 .ARM.attributes
                0x00000000       0x22 c:/program files (x86)/atollic/truestudio for stm32 9.3.0/armtools/bin/../lib/gcc/arm-atollic-eabi/6.3.1/armv7e-m/fpu/crti.o
 .ARM.attributes
                0x00000022       0x34 c:/program files (x86)/atollic/truestudio for stm32 9.3.0/armtools/bin/../lib/gcc/arm-atollic-eabi/6.3.1/armv7e-m/fpu/crtbegin.o
 .ARM.attributes
                0x00000056       0x39 Drivers\STM32F4xx_HAL_Driver\Src\stm32f4xx_hal.o
 .ARM.attributes
                0x0000008f       0x39 Drivers\STM32F4xx_HAL_Driver\Src\stm32f4xx_hal_cortex.o
 .ARM.attributes
                0x000000c8       0x39 Drivers\STM32F4xx_HAL_Driver\Src\stm32f4xx_hal_dma.o
 .ARM.attributes
                0x00000101       0x39 Drivers\STM32F4xx_HAL_Driver\Src\stm32f4xx_hal_gpio.o
 .ARM.attributes
                0x0000013a       0x39 Drivers\STM32F4xx_HAL_Driver\Src\stm32f4xx_hal_i2c.o
 .ARM.attributes
                0x00000173       0x39 Drivers\STM32F4xx_HAL_Driver\Src\stm32f4xx_hal_rcc.o
 .ARM.attributes
                0x000001ac       0x39 Drivers\STM32F4xx_HAL_Driver\Src\stm32f4xx_hal_rcc_ex.o
 .ARM.attributes
                0x000001e5       0x39 Drivers\STM32F4xx_HAL_Driver\Src\stm32f4xx_hal_tim.o
 .ARM.attributes
                0x0000021e       0x39 Drivers\STM32F4xx_HAL_Driver\Src\stm32f4xx_hal_tim_ex.o
 .ARM.attributes
                0x00000257       0x39 Drivers\STM32F4xx_HAL_Driver\Src\stm32f4xx_hal_uart.o
 .ARM.attributes
                0x00000290       0x39 Src\HGCodeFunction.o
 .ARM.attributes
                0x000002c9       0x39 Src\HGCodeParser.o
 .ARM.attributes
                0x00000302       0x39 Src\PWMStepMotor.o
 .ARM.attributes
                0x0000033b       0x39 Src\StepMotorDriver.o
 .ARM.attributes
                0x00000374       0x39 Src\dma.o
 .ARM.attributes
                0x000003ad       0x39 Src\gpio.o
 .ARM.attributes
                0x000003e6       0x39 Src\i2c.o
 .ARM.attributes
                0x0000041f       0x39 Src\main.o
 .ARM.attributes
                0x00000458       0x39 Src\stm32f4xx_hal_msp.o
 .ARM.attributes
                0x00000491       0x39 Src\stm32f4xx_it.o
 .ARM.attributes
                0x000004ca       0x39 Src\system_stm32f4xx.o
 .ARM.attributes
                0x00000503       0x39 Src\tim.o
 .ARM.attributes
                0x0000053c       0x39 Src\usart.o
 .ARM.attributes
                0x00000575       0x21 startup\startup_stm32f410rx.o
 .ARM.attributes
                0x00000596       0x34 c:/program files (x86)/atollic/truestudio for stm32 9.3.0/armtools/bin/../lib/gcc/arm-atollic-eabi/6.3.1/../../../../arm-atollic-eabi/lib/armv7e-m/fpu\libc_nano.a(lib_a-init.o)
 .ARM.attributes
                0x000005ca       0x34 c:/program files (x86)/atollic/truestudio for stm32 9.3.0/armtools/bin/../lib/gcc/arm-atollic-eabi/6.3.1/../../../../arm-atollic-eabi/lib/armv7e-m/fpu\libc_nano.a(lib_a-memset.o)
 .ARM.attributes
                0x000005fe       0x22 c:/program files (x86)/atollic/truestudio for stm32 9.3.0/armtools/bin/../lib/gcc/arm-atollic-eabi/6.3.1/armv7e-m/fpu\libgcc.a(_arm_addsubdf3.o)
 .ARM.attributes
                0x00000620       0x22 c:/program files (x86)/atollic/truestudio for stm32 9.3.0/armtools/bin/../lib/gcc/arm-atollic-eabi/6.3.1/armv7e-m/fpu\libgcc.a(_arm_muldivdf3.o)
 .ARM.attributes
                0x00000642       0x22 c:/program files (x86)/atollic/truestudio for stm32 9.3.0/armtools/bin/../lib/gcc/arm-atollic-eabi/6.3.1/armv7e-m/fpu\libgcc.a(_arm_fixunsdfsi.o)
 .ARM.attributes
                0x00000664       0x22 c:/program files (x86)/atollic/truestudio for stm32 9.3.0/armtools/bin/../lib/gcc/arm-atollic-eabi/6.3.1/armv7e-m/fpu\libgcc.a(_aeabi_uldivmod.o)
 .ARM.attributes
                0x00000686       0x34 c:/program files (x86)/atollic/truestudio for stm32 9.3.0/armtools/bin/../lib/gcc/arm-atollic-eabi/6.3.1/armv7e-m/fpu\libgcc.a(_udivmoddi4.o)
 .ARM.attributes
                0x000006ba       0x22 c:/program files (x86)/atollic/truestudio for stm32 9.3.0/armtools/bin/../lib/gcc/arm-atollic-eabi/6.3.1/armv7e-m/fpu\libgcc.a(_dvmd_tls.o)
 .ARM.attributes
                0x000006dc       0x22 c:/program files (x86)/atollic/truestudio for stm32 9.3.0/armtools/bin/../lib/gcc/arm-atollic-eabi/6.3.1/armv7e-m/fpu/crtn.o
OUTPUT(KinematicFW.elf elf32-littlearm)

.debug_info     0x00000000    0x22320
 .debug_info    0x00000000     0x1121 Drivers\STM32F4xx_HAL_Driver\Src\stm32f4xx_hal.o
 .debug_info    0x00001121     0x1696 Drivers\STM32F4xx_HAL_Driver\Src\stm32f4xx_hal_cortex.o
 .debug_info    0x000027b7     0x1255 Drivers\STM32F4xx_HAL_Driver\Src\stm32f4xx_hal_dma.o
 .debug_info    0x00003a0c      0xf8b Drivers\STM32F4xx_HAL_Driver\Src\stm32f4xx_hal_gpio.o
 .debug_info    0x00004997     0x3792 Drivers\STM32F4xx_HAL_Driver\Src\stm32f4xx_hal_i2c.o
 .debug_info    0x00008129     0x125e Drivers\STM32F4xx_HAL_Driver\Src\stm32f4xx_hal_rcc.o
 .debug_info    0x00009387      0xfee Drivers\STM32F4xx_HAL_Driver\Src\stm32f4xx_hal_rcc_ex.o
 .debug_info    0x0000a375     0x3b9b Drivers\STM32F4xx_HAL_Driver\Src\stm32f4xx_hal_tim.o
 .debug_info    0x0000df10     0x199e Drivers\STM32F4xx_HAL_Driver\Src\stm32f4xx_hal_tim_ex.o
 .debug_info    0x0000f8ae     0x1e9c Drivers\STM32F4xx_HAL_Driver\Src\stm32f4xx_hal_uart.o
 .debug_info    0x0001174a     0x1b01 Src\HGCodeFunction.o
 .debug_info    0x0001324b     0x14d5 Src\HGCodeParser.o
 .debug_info    0x00014720     0x1fb2 Src\PWMStepMotor.o
 .debug_info    0x000166d2     0x1807 Src\StepMotorDriver.o
 .debug_info    0x00017ed9      0xcaf Src\dma.o
 .debug_info    0x00018b88      0xf6a Src\gpio.o
 .debug_info    0x00019af2     0x1232 Src\i2c.o
 .debug_info    0x0001ad24     0x1bc7 Src\main.o
 .debug_info    0x0001c8eb     0x1020 Src\stm32f4xx_hal_msp.o
 .debug_info    0x0001d90b     0x11df Src\stm32f4xx_it.o
 .debug_info    0x0001eaea      0xd05 Src\system_stm32f4xx.o
 .debug_info    0x0001f7ef     0x1652 Src\tim.o
 .debug_info    0x00020e41     0x147d Src\usart.o
 .debug_info    0x000222be       0x62 startup\startup_stm32f410rx.o

.debug_abbrev   0x00000000     0x4071
 .debug_abbrev  0x00000000      0x308 Drivers\STM32F4xx_HAL_Driver\Src\stm32f4xx_hal.o
 .debug_abbrev  0x00000308      0x399 Drivers\STM32F4xx_HAL_Driver\Src\stm32f4xx_hal_cortex.o
 .debug_abbrev  0x000006a1      0x33d Drivers\STM32F4xx_HAL_Driver\Src\stm32f4xx_hal_dma.o
 .debug_abbrev  0x000009de      0x268 Drivers\STM32F4xx_HAL_Driver\Src\stm32f4xx_hal_gpio.o
 .debug_abbrev  0x00000c46      0x3b4 Drivers\STM32F4xx_HAL_Driver\Src\stm32f4xx_hal_i2c.o
 .debug_abbrev  0x00000ffa      0x353 Drivers\STM32F4xx_HAL_Driver\Src\stm32f4xx_hal_rcc.o
 .debug_abbrev  0x0000134d      0x230 Drivers\STM32F4xx_HAL_Driver\Src\stm32f4xx_hal_rcc_ex.o
 .debug_abbrev  0x0000157d      0x3ac Drivers\STM32F4xx_HAL_Driver\Src\stm32f4xx_hal_tim.o
 .debug_abbrev  0x00001929      0x300 Drivers\STM32F4xx_HAL_Driver\Src\stm32f4xx_hal_tim_ex.o
 .debug_abbrev  0x00001c29      0x397 Drivers\STM32F4xx_HAL_Driver\Src\stm32f4xx_hal_uart.o
 .debug_abbrev  0x00001fc0      0x2a1 Src\HGCodeFunction.o
 .debug_abbrev  0x00002261      0x374 Src\HGCodeParser.o
 .debug_abbrev  0x000025d5      0x3e0 Src\PWMStepMotor.o
 .debug_abbrev  0x000029b5      0x2a6 Src\StepMotorDriver.o
 .debug_abbrev  0x00002c5b      0x1f5 Src\dma.o
 .debug_abbrev  0x00002e50      0x21e Src\gpio.o
 .debug_abbrev  0x0000306e      0x24d Src\i2c.o
 .debug_abbrev  0x000032bb      0x275 Src\main.o
 .debug_abbrev  0x00003530      0x227 Src\stm32f4xx_hal_msp.o
 .debug_abbrev  0x00003757      0x265 Src\stm32f4xx_it.o
 .debug_abbrev  0x000039bc      0x1ca Src\system_stm32f4xx.o
 .debug_abbrev  0x00003b86      0x257 Src\tim.o
 .debug_abbrev  0x00003ddd      0x282 Src\usart.o
 .debug_abbrev  0x0000405f       0x12 startup\startup_stm32f410rx.o

.debug_loc      0x00000000     0xa78b
 .debug_loc     0x00000000      0x11b Drivers\STM32F4xx_HAL_Driver\Src\stm32f4xx_hal.o
 .debug_loc     0x0000011b      0x4fb Drivers\STM32F4xx_HAL_Driver\Src\stm32f4xx_hal_cortex.o
 .debug_loc     0x00000616      0x727 Drivers\STM32F4xx_HAL_Driver\Src\stm32f4xx_hal_dma.o
 .debug_loc     0x00000d3d      0x38b Drivers\STM32F4xx_HAL_Driver\Src\stm32f4xx_hal_gpio.o
 .debug_loc     0x000010c8     0x2bba Drivers\STM32F4xx_HAL_Driver\Src\stm32f4xx_hal_i2c.o
 .debug_loc     0x00003c82      0x336 Drivers\STM32F4xx_HAL_Driver\Src\stm32f4xx_hal_rcc.o
 .debug_loc     0x00003fb8      0x418 Drivers\STM32F4xx_HAL_Driver\Src\stm32f4xx_hal_rcc_ex.o
 .debug_loc     0x000043d0     0x2ff9 Drivers\STM32F4xx_HAL_Driver\Src\stm32f4xx_hal_tim.o
 .debug_loc     0x000073c9      0x84a Drivers\STM32F4xx_HAL_Driver\Src\stm32f4xx_hal_tim_ex.o
 .debug_loc     0x00007c13     0x132c Drivers\STM32F4xx_HAL_Driver\Src\stm32f4xx_hal_uart.o
 .debug_loc     0x00008f3f       0x79 Src\HGCodeFunction.o
 .debug_loc     0x00008fb8      0x7d8 Src\HGCodeParser.o
 .debug_loc     0x00009790      0xb88 Src\PWMStepMotor.o
 .debug_loc     0x0000a318      0x19f Src\StepMotorDriver.o
 .debug_loc     0x0000a4b7       0x58 Src\i2c.o
 .debug_loc     0x0000a50f       0x21 Src\stm32f4xx_hal_msp.o
 .debug_loc     0x0000a530      0x11c Src\system_stm32f4xx.o
 .debug_loc     0x0000a64c       0xc6 Src\tim.o
 .debug_loc     0x0000a712       0x79 Src\usart.o

.debug_aranges  0x00000000      0xdf0
 .debug_aranges
                0x00000000       0xd8 Drivers\STM32F4xx_HAL_Driver\Src\stm32f4xx_hal.o
 .debug_aranges
                0x000000d8       0xa8 Drivers\STM32F4xx_HAL_Driver\Src\stm32f4xx_hal_cortex.o
 .debug_aranges
                0x00000180       0x80 Drivers\STM32F4xx_HAL_Driver\Src\stm32f4xx_hal_dma.o
 .debug_aranges
                0x00000200       0x58 Drivers\STM32F4xx_HAL_Driver\Src\stm32f4xx_hal_gpio.o
 .debug_aranges
                0x00000258      0x190 Drivers\STM32F4xx_HAL_Driver\Src\stm32f4xx_hal_i2c.o
 .debug_aranges
                0x000003e8       0x88 Drivers\STM32F4xx_HAL_Driver\Src\stm32f4xx_hal_rcc.o
 .debug_aranges
                0x00000470       0x50 Drivers\STM32F4xx_HAL_Driver\Src\stm32f4xx_hal_rcc_ex.o
 .debug_aranges
                0x000004c0      0x250 Drivers\STM32F4xx_HAL_Driver\Src\stm32f4xx_hal_tim.o
 .debug_aranges
                0x00000710       0xf0 Drivers\STM32F4xx_HAL_Driver\Src\stm32f4xx_hal_tim_ex.o
 .debug_aranges
                0x00000800      0x170 Drivers\STM32F4xx_HAL_Driver\Src\stm32f4xx_hal_uart.o
 .debug_aranges
                0x00000970       0x68 Src\HGCodeFunction.o
 .debug_aranges
                0x000009d8       0x70 Src\HGCodeParser.o
 .debug_aranges
                0x00000a48      0x140 Src\PWMStepMotor.o
 .debug_aranges
                0x00000b88       0x50 Src\StepMotorDriver.o
 .debug_aranges
                0x00000bd8       0x20 Src\dma.o
 .debug_aranges
                0x00000bf8       0x20 Src\gpio.o
 .debug_aranges
                0x00000c18       0x30 Src\i2c.o
 .debug_aranges
                0x00000c48       0x30 Src\main.o
 .debug_aranges
                0x00000c78       0x28 Src\stm32f4xx_hal_msp.o
 .debug_aranges
                0x00000ca0       0x78 Src\stm32f4xx_it.o
 .debug_aranges
                0x00000d18       0x28 Src\system_stm32f4xx.o
 .debug_aranges
                0x00000d40       0x50 Src\tim.o
 .debug_aranges
                0x00000d90       0x38 Src\usart.o
 .debug_aranges
                0x00000dc8       0x28 startup\startup_stm32f410rx.o

.debug_ranges   0x00000000     0x13e0
 .debug_ranges  0x00000000       0xc8 Drivers\STM32F4xx_HAL_Driver\Src\stm32f4xx_hal.o
 .debug_ranges  0x000000c8      0x138 Drivers\STM32F4xx_HAL_Driver\Src\stm32f4xx_hal_cortex.o
 .debug_ranges  0x00000200       0xc8 Drivers\STM32F4xx_HAL_Driver\Src\stm32f4xx_hal_dma.o
 .debug_ranges  0x000002c8       0x68 Drivers\STM32F4xx_HAL_Driver\Src\stm32f4xx_hal_gpio.o
 .debug_ranges  0x00000330      0x358 Drivers\STM32F4xx_HAL_Driver\Src\stm32f4xx_hal_i2c.o
 .debug_ranges  0x00000688       0xb0 Drivers\STM32F4xx_HAL_Driver\Src\stm32f4xx_hal_rcc.o
 .debug_ranges  0x00000738       0x58 Drivers\STM32F4xx_HAL_Driver\Src\stm32f4xx_hal_rcc_ex.o
 .debug_ranges  0x00000790      0x330 Drivers\STM32F4xx_HAL_Driver\Src\stm32f4xx_hal_tim.o
 .debug_ranges  0x00000ac0       0xe0 Drivers\STM32F4xx_HAL_Driver\Src\stm32f4xx_hal_tim_ex.o
 .debug_ranges  0x00000ba0      0x178 Drivers\STM32F4xx_HAL_Driver\Src\stm32f4xx_hal_uart.o
 .debug_ranges  0x00000d18       0x58 Src\HGCodeFunction.o
 .debug_ranges  0x00000d70      0x1f8 Src\HGCodeParser.o
 .debug_ranges  0x00000f68      0x1b0 Src\PWMStepMotor.o
 .debug_ranges  0x00001118       0x40 Src\StepMotorDriver.o
 .debug_ranges  0x00001158       0x28 Src\dma.o
 .debug_ranges  0x00001180       0x40 Src\gpio.o
 .debug_ranges  0x000011c0       0x38 Src\i2c.o
 .debug_ranges  0x000011f8       0x38 Src\main.o
 .debug_ranges  0x00001230       0x30 Src\stm32f4xx_hal_msp.o
 .debug_ranges  0x00001260       0x68 Src\stm32f4xx_it.o
 .debug_ranges  0x000012c8       0x18 Src\system_stm32f4xx.o
 .debug_ranges  0x000012e0       0x88 Src\tim.o
 .debug_ranges  0x00001368       0x58 Src\usart.o
 .debug_ranges  0x000013c0       0x20 startup\startup_stm32f410rx.o

.debug_line     0x00000000     0x8b8e
 .debug_line    0x00000000      0x490 Drivers\STM32F4xx_HAL_Driver\Src\stm32f4xx_hal.o
 .debug_line    0x00000490      0x4dc Drivers\STM32F4xx_HAL_Driver\Src\stm32f4xx_hal_cortex.o
 .debug_line    0x0000096c      0x5f7 Drivers\STM32F4xx_HAL_Driver\Src\stm32f4xx_hal_dma.o
 .debug_line    0x00000f63      0x448 Drivers\STM32F4xx_HAL_Driver\Src\stm32f4xx_hal_gpio.o
 .debug_line    0x000013ab     0x1887 Drivers\STM32F4xx_HAL_Driver\Src\stm32f4xx_hal_i2c.o
 .debug_line    0x00002c32      0x58f Drivers\STM32F4xx_HAL_Driver\Src\stm32f4xx_hal_rcc.o
 .debug_line    0x000031c1      0x547 Drivers\STM32F4xx_HAL_Driver\Src\stm32f4xx_hal_rcc_ex.o
 .debug_line    0x00003708     0x1085 Drivers\STM32F4xx_HAL_Driver\Src\stm32f4xx_hal_tim.o
 .debug_line    0x0000478d      0x6cb Drivers\STM32F4xx_HAL_Driver\Src\stm32f4xx_hal_tim_ex.o
 .debug_line    0x00004e58      0xbef Drivers\STM32F4xx_HAL_Driver\Src\stm32f4xx_hal_uart.o
 .debug_line    0x00005a47      0x411 Src\HGCodeFunction.o
 .debug_line    0x00005e58      0x529 Src\HGCodeParser.o
 .debug_line    0x00006381      0x744 Src\PWMStepMotor.o
 .debug_line    0x00006ac5      0x38b Src\StepMotorDriver.o
 .debug_line    0x00006e50      0x277 Src\dma.o
 .debug_line    0x000070c7      0x2bf Src\gpio.o
 .debug_line    0x00007386      0x315 Src\i2c.o
 .debug_line    0x0000769b      0x3dc Src\main.o
 .debug_line    0x00007a77      0x2f8 Src\stm32f4xx_hal_msp.o
 .debug_line    0x00007d6f      0x3df Src\stm32f4xx_it.o
 .debug_line    0x0000814e      0x275 Src\system_stm32f4xx.o
 .debug_line    0x000083c3      0x3b2 Src\tim.o
 .debug_line    0x00008775      0x39a Src\usart.o
 .debug_line    0x00008b0f       0x7f startup\startup_stm32f410rx.o

.debug_str      0x00000000     0x4c93
 .debug_str     0x00000000      0xd39 Drivers\STM32F4xx_HAL_Driver\Src\stm32f4xx_hal.o
                                0xdf9 (size before relaxing)
 .debug_str     0x00000d39      0x3c3 Drivers\STM32F4xx_HAL_Driver\Src\stm32f4xx_hal_cortex.o
                                0xeed (size before relaxing)
 .debug_str     0x000010fc      0x522 Drivers\STM32F4xx_HAL_Driver\Src\stm32f4xx_hal_dma.o
                                0xbd7 (size before relaxing)
 .debug_str     0x0000161e      0x1d8 Drivers\STM32F4xx_HAL_Driver\Src\stm32f4xx_hal_gpio.o
                                0x93a (size before relaxing)
 .debug_str     0x000017f6      0xa5a Drivers\STM32F4xx_HAL_Driver\Src\stm32f4xx_hal_i2c.o
                               0x139c (size before relaxing)
 .debug_str     0x00002250      0x2ce Drivers\STM32F4xx_HAL_Driver\Src\stm32f4xx_hal_rcc.o
                                0xb0c (size before relaxing)
 .debug_str     0x0000251e      0x17f Drivers\STM32F4xx_HAL_Driver\Src\stm32f4xx_hal_rcc_ex.o
                                0x9ef (size before relaxing)
 .debug_str     0x0000269d      0xef1 Drivers\STM32F4xx_HAL_Driver\Src\stm32f4xx_hal_tim.o
                               0x1816 (size before relaxing)
 .debug_str     0x0000358e      0x50d Drivers\STM32F4xx_HAL_Driver\Src\stm32f4xx_hal_tim_ex.o
                               0x10d6 (size before relaxing)
 .debug_str     0x00003a9b      0x6b9 Drivers\STM32F4xx_HAL_Driver\Src\stm32f4xx_hal_uart.o
                               0x1053 (size before relaxing)
 .debug_str     0x00004154      0x444 Src\HGCodeFunction.o
                               0x143f (size before relaxing)
 .debug_str     0x00004598       0xe6 Src\HGCodeParser.o
                                0xcd3 (size before relaxing)
 .debug_str     0x0000467e      0x337 Src\PWMStepMotor.o
                               0x1590 (size before relaxing)
 .debug_str     0x000049b5       0x23 Src\StepMotorDriver.o
                               0x12aa (size before relaxing)
 .debug_str     0x000049d8       0x19 Src\dma.o
                                0xa96 (size before relaxing)
 .debug_str     0x000049f1       0x1b Src\gpio.o
                                0xb5c (size before relaxing)
 .debug_str     0x00004a0c       0x38 Src\i2c.o
                                0xcf3 (size before relaxing)
 .debug_str     0x00004a44       0x77 Src\main.o
                               0x1711 (size before relaxing)
 .debug_str     0x00004abb       0x1b Src\stm32f4xx_hal_msp.o
                                0xb85 (size before relaxing)
 .debug_str     0x00004ad6      0x116 Src\stm32f4xx_it.o
                                0xd9f (size before relaxing)
 .debug_str     0x00004bec       0x45 Src\system_stm32f4xx.o
                                0x798 (size before relaxing)
 .debug_str     0x00004c31       0x48 Src\tim.o
                               0x1139 (size before relaxing)
 .debug_str     0x00004c79       0x1a Src\usart.o
                                0xffa (size before relaxing)

.comment        0x00000000       0x7c
 .comment       0x00000000       0x7c Drivers\STM32F4xx_HAL_Driver\Src\stm32f4xx_hal.o
                                 0x7d (size before relaxing)
 .comment       0x0000007c       0x7d Drivers\STM32F4xx_HAL_Driver\Src\stm32f4xx_hal_cortex.o
 .comment       0x0000007c       0x7d Drivers\STM32F4xx_HAL_Driver\Src\stm32f4xx_hal_dma.o
 .comment       0x0000007c       0x7d Drivers\STM32F4xx_HAL_Driver\Src\stm32f4xx_hal_gpio.o
 .comment       0x0000007c       0x7d Drivers\STM32F4xx_HAL_Driver\Src\stm32f4xx_hal_i2c.o
 .comment       0x0000007c       0x7d Drivers\STM32F4xx_HAL_Driver\Src\stm32f4xx_hal_rcc.o
 .comment       0x0000007c       0x7d Drivers\STM32F4xx_HAL_Driver\Src\stm32f4xx_hal_rcc_ex.o
 .comment       0x0000007c       0x7d Drivers\STM32F4xx_HAL_Driver\Src\stm32f4xx_hal_tim.o
 .comment       0x0000007c       0x7d Drivers\STM32F4xx_HAL_Driver\Src\stm32f4xx_hal_tim_ex.o
 .comment       0x0000007c       0x7d Drivers\STM32F4xx_HAL_Driver\Src\stm32f4xx_hal_uart.o
 .comment       0x0000007c       0x7d Src\HGCodeFunction.o
 .comment       0x0000007c       0x7d Src\HGCodeParser.o
 .comment       0x0000007c       0x7d Src\PWMStepMotor.o
 .comment       0x0000007c       0x7d Src\StepMotorDriver.o
 .comment       0x0000007c       0x7d Src\dma.o
 .comment       0x0000007c       0x7d Src\gpio.o
 .comment       0x0000007c       0x7d Src\i2c.o
 .comment       0x0000007c       0x7d Src\main.o
 .comment       0x0000007c       0x7d Src\stm32f4xx_hal_msp.o
 .comment       0x0000007c       0x7d Src\stm32f4xx_it.o
 .comment       0x0000007c       0x7d Src\system_stm32f4xx.o
 .comment       0x0000007c       0x7d Src\tim.o
 .comment       0x0000007c       0x7d Src\usart.o

.debug_frame    0x00000000     0x2a58
 .debug_frame   0x00000000      0x1d0 Drivers\STM32F4xx_HAL_Driver\Src\stm32f4xx_hal.o
 .debug_frame   0x000001d0      0x158 Drivers\STM32F4xx_HAL_Driver\Src\stm32f4xx_hal_cortex.o
 .debug_frame   0x00000328      0x150 Drivers\STM32F4xx_HAL_Driver\Src\stm32f4xx_hal_dma.o
 .debug_frame   0x00000478       0xd8 Drivers\STM32F4xx_HAL_Driver\Src\stm32f4xx_hal_gpio.o
 .debug_frame   0x00000550      0x684 Drivers\STM32F4xx_HAL_Driver\Src\stm32f4xx_hal_i2c.o
 .debug_frame   0x00000bd4      0x13c Drivers\STM32F4xx_HAL_Driver\Src\stm32f4xx_hal_rcc.o
 .debug_frame   0x00000d10       0xb8 Drivers\STM32F4xx_HAL_Driver\Src\stm32f4xx_hal_rcc_ex.o
 .debug_frame   0x00000dc8      0x85c Drivers\STM32F4xx_HAL_Driver\Src\stm32f4xx_hal_tim.o
 .debug_frame   0x00001624      0x330 Drivers\STM32F4xx_HAL_Driver\Src\stm32f4xx_hal_tim_ex.o
 .debug_frame   0x00001954      0x4a0 Drivers\STM32F4xx_HAL_Driver\Src\stm32f4xx_hal_uart.o
 .debug_frame   0x00001df4      0x188 Src\HGCodeFunction.o
 .debug_frame   0x00001f7c      0x13c Src\HGCodeParser.o
 .debug_frame   0x000020b8      0x33c Src\PWMStepMotor.o
 .debug_frame   0x000023f4       0xa0 Src\StepMotorDriver.o
 .debug_frame   0x00002494       0x28 Src\dma.o
 .debug_frame   0x000024bc       0x38 Src\gpio.o
 .debug_frame   0x000024f4       0x60 Src\i2c.o
 .debug_frame   0x00002554       0x58 Src\main.o
 .debug_frame   0x000025ac       0x38 Src\stm32f4xx_hal_msp.o
 .debug_frame   0x000025e4      0x118 Src\stm32f4xx_it.o
 .debug_frame   0x000026fc       0x38 Src\system_stm32f4xx.o
 .debug_frame   0x00002734       0xbc Src\tim.o
 .debug_frame   0x000027f0       0x9c Src\usart.o
 .debug_frame   0x0000288c       0x2c c:/program files (x86)/atollic/truestudio for stm32 9.3.0/armtools/bin/../lib/gcc/arm-atollic-eabi/6.3.1/../../../../arm-atollic-eabi/lib/armv7e-m/fpu\libc_nano.a(lib_a-init.o)
 .debug_frame   0x000028b8       0x20 c:/program files (x86)/atollic/truestudio for stm32 9.3.0/armtools/bin/../lib/gcc/arm-atollic-eabi/6.3.1/../../../../arm-atollic-eabi/lib/armv7e-m/fpu\libc_nano.a(lib_a-memset.o)
 .debug_frame   0x000028d8       0xac c:/program files (x86)/atollic/truestudio for stm32 9.3.0/armtools/bin/../lib/gcc/arm-atollic-eabi/6.3.1/armv7e-m/fpu\libgcc.a(_arm_addsubdf3.o)
 .debug_frame   0x00002984       0x50 c:/program files (x86)/atollic/truestudio for stm32 9.3.0/armtools/bin/../lib/gcc/arm-atollic-eabi/6.3.1/armv7e-m/fpu\libgcc.a(_arm_muldivdf3.o)
 .debug_frame   0x000029d4       0x24 c:/program files (x86)/atollic/truestudio for stm32 9.3.0/armtools/bin/../lib/gcc/arm-atollic-eabi/6.3.1/armv7e-m/fpu\libgcc.a(_arm_fixunsdfsi.o)
 .debug_frame   0x000029f8       0x2c c:/program files (x86)/atollic/truestudio for stm32 9.3.0/armtools/bin/../lib/gcc/arm-atollic-eabi/6.3.1/armv7e-m/fpu\libgcc.a(_aeabi_uldivmod.o)
 .debug_frame   0x00002a24       0x34 c:/program files (x86)/atollic/truestudio for stm32 9.3.0/armtools/bin/../lib/gcc/arm-atollic-eabi/6.3.1/armv7e-m/fpu\libgcc.a(_udivmoddi4.o)
