Archive member included to satisfy reference by file (symbol)

c:/program files (x86)/atollic/truestudio for stm32 9.3.0/armtools/bin/../lib/gcc/arm-atollic-eabi/6.3.1/../../../../arm-atollic-eabi/lib/armv7e-m/fpu\libc_nano.a(lib_a-errno.o)
                              Src\syscalls.o (__errno)
c:/program files (x86)/atollic/truestudio for stm32 9.3.0/armtools/bin/../lib/gcc/arm-atollic-eabi/6.3.1/../../../../arm-atollic-eabi/lib/armv7e-m/fpu\libc_nano.a(lib_a-impure.o)
                              c:/program files (x86)/atollic/truestudio for stm32 9.3.0/armtools/bin/../lib/gcc/arm-atollic-eabi/6.3.1/../../../../arm-atollic-eabi/lib/armv7e-m/fpu\libc_nano.a(lib_a-errno.o) (_impure_ptr)
c:/program files (x86)/atollic/truestudio for stm32 9.3.0/armtools/bin/../lib/gcc/arm-atollic-eabi/6.3.1/../../../../arm-atollic-eabi/lib/armv7e-m/fpu\libc_nano.a(lib_a-init.o)
                              startup\startup_stm32f446xx.o (__libc_init_array)
c:/program files (x86)/atollic/truestudio for stm32 9.3.0/armtools/bin/../lib/gcc/arm-atollic-eabi/6.3.1/../../../../arm-atollic-eabi/lib/armv7e-m/fpu\libc_nano.a(lib_a-malloc.o)
                              Src\neoPixel.o (malloc)
c:/program files (x86)/atollic/truestudio for stm32 9.3.0/armtools/bin/../lib/gcc/arm-atollic-eabi/6.3.1/../../../../arm-atollic-eabi/lib/armv7e-m/fpu\libc_nano.a(lib_a-memset.o)
                              Src\HGCodeParser.o (memset)
c:/program files (x86)/atollic/truestudio for stm32 9.3.0/armtools/bin/../lib/gcc/arm-atollic-eabi/6.3.1/../../../../arm-atollic-eabi/lib/armv7e-m/fpu\libc_nano.a(lib_a-nano-freer.o)
                              c:/program files (x86)/atollic/truestudio for stm32 9.3.0/armtools/bin/../lib/gcc/arm-atollic-eabi/6.3.1/../../../../arm-atollic-eabi/lib/armv7e-m/fpu\libc_nano.a(lib_a-malloc.o) (_free_r)
c:/program files (x86)/atollic/truestudio for stm32 9.3.0/armtools/bin/../lib/gcc/arm-atollic-eabi/6.3.1/../../../../arm-atollic-eabi/lib/armv7e-m/fpu\libc_nano.a(lib_a-nano-mallocr.o)
                              c:/program files (x86)/atollic/truestudio for stm32 9.3.0/armtools/bin/../lib/gcc/arm-atollic-eabi/6.3.1/../../../../arm-atollic-eabi/lib/armv7e-m/fpu\libc_nano.a(lib_a-malloc.o) (_malloc_r)
c:/program files (x86)/atollic/truestudio for stm32 9.3.0/armtools/bin/../lib/gcc/arm-atollic-eabi/6.3.1/../../../../arm-atollic-eabi/lib/armv7e-m/fpu\libc_nano.a(lib_a-sbrkr.o)
                              c:/program files (x86)/atollic/truestudio for stm32 9.3.0/armtools/bin/../lib/gcc/arm-atollic-eabi/6.3.1/../../../../arm-atollic-eabi/lib/armv7e-m/fpu\libc_nano.a(lib_a-nano-mallocr.o) (_sbrk_r)
c:/program files (x86)/atollic/truestudio for stm32 9.3.0/armtools/bin/../lib/gcc/arm-atollic-eabi/6.3.1/../../../../arm-atollic-eabi/lib/armv7e-m/fpu\libc_nano.a(lib_a-sprintf.o)
                              Src\StepMotorDriver.o (sprintf)
c:/program files (x86)/atollic/truestudio for stm32 9.3.0/armtools/bin/../lib/gcc/arm-atollic-eabi/6.3.1/../../../../arm-atollic-eabi/lib/armv7e-m/fpu\libc_nano.a(lib_a-strlen.o)
                              Src\main.o (strlen)
c:/program files (x86)/atollic/truestudio for stm32 9.3.0/armtools/bin/../lib/gcc/arm-atollic-eabi/6.3.1/../../../../arm-atollic-eabi/lib/armv7e-m/fpu\libc_nano.a(lib_a-mlock.o)
                              c:/program files (x86)/atollic/truestudio for stm32 9.3.0/armtools/bin/../lib/gcc/arm-atollic-eabi/6.3.1/../../../../arm-atollic-eabi/lib/armv7e-m/fpu\libc_nano.a(lib_a-nano-freer.o) (__malloc_lock)
c:/program files (x86)/atollic/truestudio for stm32 9.3.0/armtools/bin/../lib/gcc/arm-atollic-eabi/6.3.1/../../../../arm-atollic-eabi/lib/armv7e-m/fpu\libc_nano.a(lib_a-nano-svfprintf.o)
                              c:/program files (x86)/atollic/truestudio for stm32 9.3.0/armtools/bin/../lib/gcc/arm-atollic-eabi/6.3.1/../../../../arm-atollic-eabi/lib/armv7e-m/fpu\libc_nano.a(lib_a-sprintf.o) (_svfprintf_r)
c:/program files (x86)/atollic/truestudio for stm32 9.3.0/armtools/bin/../lib/gcc/arm-atollic-eabi/6.3.1/../../../../arm-atollic-eabi/lib/armv7e-m/fpu\libc_nano.a(lib_a-nano-vfprintf_i.o)
                              c:/program files (x86)/atollic/truestudio for stm32 9.3.0/armtools/bin/../lib/gcc/arm-atollic-eabi/6.3.1/../../../../arm-atollic-eabi/lib/armv7e-m/fpu\libc_nano.a(lib_a-nano-svfprintf.o) (_printf_i)
c:/program files (x86)/atollic/truestudio for stm32 9.3.0/armtools/bin/../lib/gcc/arm-atollic-eabi/6.3.1/../../../../arm-atollic-eabi/lib/armv7e-m/fpu\libc_nano.a(lib_a-reent.o)
                              c:/program files (x86)/atollic/truestudio for stm32 9.3.0/armtools/bin/../lib/gcc/arm-atollic-eabi/6.3.1/../../../../arm-atollic-eabi/lib/armv7e-m/fpu\libc_nano.a(lib_a-sbrkr.o) (errno)
c:/program files (x86)/atollic/truestudio for stm32 9.3.0/armtools/bin/../lib/gcc/arm-atollic-eabi/6.3.1/../../../../arm-atollic-eabi/lib/armv7e-m/fpu\libc_nano.a(lib_a-memchr.o)
[...]
Memory Configuration

Name             Origin             Length             Attributes
RAM              0x20000000         0x00020000         xrw
FLASH            0x08000000         0x00080000         xr
*default*        0x00000000         0xffffffff

Linker script and memory map

LOAD c:/program files (x86)/atollic/truestudio for stm32 9.3.0/armtools/bin/../lib/gcc/arm-atollic-eabi/6.3.1/armv7e-m/fpu/crti.o
LOAD c:/program files (x86)/atollic/truestudio for stm32 9.3.0/armtools/bin/../lib/gcc/arm-atollic-eabi/6.3.1/armv7e-m/fpu/crtbegin.o
LOAD Drivers\STM32F4xx_HAL_Driver\Src\stm32f4xx_hal.o
LOAD Drivers\STM32F4xx_HAL_Driver\Src\stm32f4xx_hal_cortex.o
LOAD Drivers\STM32F4xx_HAL_Driver\Src\stm32f4xx_hal_dma.o
LOAD Drivers\STM32F4xx_HAL_Driver\Src\stm32f4xx_hal_dma_ex.o
LOAD Drivers\STM32F4xx_HAL_Driver\Src\stm32f4xx_hal_exti.o
LOAD Drivers\STM32F4xx_HAL_Driver\Src\stm32f4xx_hal_flash.o
LOAD Drivers\STM32F4xx_HAL_Driver\Src\stm32f4xx_hal_flash_ex.o
LOAD Drivers\STM32F4xx_HAL_Driver\Src\stm32f4xx_hal_flash_ramfunc.o
LOAD Drivers\STM32F4xx_HAL_Driver\Src\stm32f4xx_hal_gpio.o
LOAD Drivers\STM32F4xx_HAL_Driver\Src\stm32f4xx_hal_pwr.o
LOAD Drivers\STM32F4xx_HAL_Driver\Src\stm32f4xx_hal_pwr_ex.o
LOAD Drivers\STM32F4xx_HAL_Driver\Src\stm32f4xx_hal_rcc.o
LOAD Drivers\STM32F4xx_HAL_Driver\Src\stm32f4xx_hal_rcc_ex.o
LOAD Drivers\STM32F4xx_HAL_Driver\Src\stm32f4xx_hal_tim.o
LOAD Drivers\STM32F4xx_HAL_Driver\Src\stm32f4xx_hal_tim_ex.o
LOAD Drivers\STM32F4xx_HAL_Driver\Src\stm32f4xx_hal_uart.o
LOAD Src\HGCodeFunction.o
LOAD Src\HGCodeParser.o
LOAD Src\PWMStepMotor.o
LOAD Src\StepMotorDriver.o
LOAD Src\dma.o
LOAD Src\gpio.o
LOAD Src\main.o
LOAD Src\neoPixel.o
LOAD Src\stm32f4xx_hal_msp.o
LOAD Src\stm32f4xx_it.o
LOAD Src\syscalls.o
LOAD Src\sysmem.o
LOAD Src\system_stm32f4xx.o
LOAD Src\tim.o
LOAD Src\usart.o
LOAD startup\startup_stm32f446xx.o
                0x00000080                malloc_getpagesize_P = 0x80
START GROUP
LOAD c:/program files (x86)/atollic/truestudio for stm32 9.3.0/armtools/bin/../lib/gcc/arm-atollic-eabi/6.3.1/../../../../arm-atollic-eabi/lib/armv7e-m/fpu\libc_nano.a
LOAD c:/program files (x86)/atollic/truestudio for stm32 9.3.0/armtools/bin/../lib/gcc/arm-atollic-eabi/6.3.1/../../../../arm-atollic-eabi/lib/armv7e-m/fpu\libm.a
END GROUP
START GROUP
LOAD c:/program files (x86)/atollic/truestudio for stm32 9.3.0/armtools/bin/../lib/gcc/arm-atollic-eabi/6.3.1/armv7e-m/fpu\libgcc.a
LOAD c:/program files (x86)/atollic/truestudio for stm32 9.3.0/armtools/bin/../lib/gcc/arm-atollic-eabi/6.3.1/../../../../arm-atollic-eabi/lib/armv7e-m/fpu\libc_nano.a
END GROUP
START GROUP
LOAD c:/program files (x86)/atollic/truestudio for stm32 9.3.0/armtools/bin/../lib/gcc/arm-atollic-eabi/6.3.1/armv7e-m/fpu\libgcc.a
LOAD c:/program files (x86)/atollic/truestudio for stm32 9.3.0/armtools/bin/../lib/gcc/arm-atollic-eabi/6.3.1/../../../../arm-atollic-eabi/lib/armv7e-m/fpu\libc_nano.a
LOAD c:/program files (x86)/atollic/truestudio for stm32 9.3.0/armtools/bin/../lib/gcc/arm-atollic-eabi/6.3.1/../../../../arm-atollic-eabi/lib/armv7e-m/fpu\libnosys.a
END GROUP
START GROUP
LOAD c:/program files (x86)/atollic/truestudio for stm32 9.3.0/armtools/bin/../lib/gcc/arm-atollic-eabi/6.3.1/armv7e-m/fpu\libgcc.a
LOAD c:/program files (x86)/atollic/truestudio for stm32 9.3.0/armtools/bin/../lib/gcc/arm-atollic-eabi/6.3.1/../../../../arm-atollic-eabi/lib/armv7e-m/fpu\libc_nano.a
LOAD c:/program files (x86)/atollic/truestudio for stm32 9.3.0/armtools/bin/../lib/gcc/arm-atollic-eabi/6.3.1/../../../../arm-atollic-eabi/lib/armv7e-m/fpu\libnosys.a
END GROUP
LOAD c:/program files (x86)/atollic/truestudio for stm32 9.3.0/armtools/bin/../lib/gcc/arm-atollic-eabi/6.3.1/armv7e-m/fpu/crtend.o
LOAD c:/program files (x86)/atollic/truestudio for stm32 9.3.0/armtools/bin/../lib/gcc/arm-atollic-eabi/6.3.1/armv7e-m/fpu/crtn.o
                0x20020000                _estack = 0x20020000
                0x00000200                _Min_Heap_Size = 0x200
                0x00000400                _Min_Stack_Size = 0x400

.isr_vector     0x08000000      0x1c4
                0x08000000                . = ALIGN (0x4)
 *(.isr_vector)
 .isr_vector    0x08000000      0x1c4 startup\startup_stm32f446xx.o
                0x08000000                g_pfnVectors
                0x080001c4                . = ALIGN (0x4)

.text           0x080001d0     0x4e3c
                0x080001d0                . = ALIGN (0x4)
 *(.text)
 .text          0x080001d0       0x40 c:/program files (x86)/atollic/truestudio for stm32 9.3.0/armtools/bin/../lib/gcc/arm-atollic-eabi/6.3.1/armv7e-m/fpu/crtbegin.o
 .text          0x08000210       0x10 c:/program files (x86)/atollic/truestudio for stm32 9.3.0/armtools/bin/../lib/gcc/arm-atollic-eabi/6.3.1/../../../../arm-atollic-eabi/lib/armv7e-m/fpu\libc_nano.a(lib_a-strlen.o)
                0x08000210                strlen
 .text          0x08000220       0xa0 c:/program files (x86)/atollic/truestudio for stm32 9.3.0/armtools/bin/../lib/gcc/arm-atollic-eabi/6.3.1/../../../../arm-atollic-eabi/lib/armv7e-m/fpu\libc_nano.a(lib_a-memchr.o)
                0x08000220                memchr
 .text          0x080002c0      0x370 c:/program files (x86)/atollic/truestudio for stm32 9.3.0/armtools/bin/../lib/gcc/arm-atollic-eabi/6.3.1/armv7e-m/fpu\libgcc.a(_arm_addsubdf3.o)
                0x080002c0                __aeabi_drsub
                0x080002c8                __aeabi_dsub
                0x080002c8                __subdf3
                0x080002cc                __aeabi_dadd
                0x080002cc                __adddf3
                0x08000544                __floatunsidf
                0x08000544                __aeabi_ui2d
                0x08000564                __floatsidf
                0x08000564                __aeabi_i2d
                0x08000588                __aeabi_f2d
                0x08000588                __extendsfdf2
                0x080005c4                __floatundidf
                0x080005c4                __aeabi_ul2d
                0x080005d4                __floatdidf
                0x080005d4                __aeabi_l2d
 .text          0x08000630      0x424 c:/program files (x86)/atollic/truestudio for stm32 9.3.0/armtools/bin/../lib/gcc/arm-atollic-eabi/6.3.1/armv7e-m/fpu\libgcc.a(_arm_muldivdf3.o)
                0x08000630                __aeabi_dmul
                0x08000630                __muldf3
                0x08000884                __divdf3
                0x08000884                __aeabi_ddiv
 .text          0x08000a54       0x50 c:/program files (x86)/atollic/truestudio for stm32 9.3.0/armtools/bin/../lib/gcc/arm-atollic-eabi/6.3.1/armv7e-m/fpu\libgcc.a(_arm_fixdfsi.o)
                0x08000a54                __aeabi_d2iz
                0x08000a54                __fixdfsi
 .text          0x08000aa4       0x40 c:/program files (x86)/atollic/truestudio for stm32 9.3.0/armtools/bin/../lib/gcc/arm-atollic-eabi/6.3.1/armv7e-m/fpu\libgcc.a(_arm_fixunsdfsi.o)
                0x08000aa4                __aeabi_d2uiz
                0x08000aa4                __fixunsdfsi
 .text          0x08000ae4       0x30 c:/program files (x86)/atollic/truestudio for stm32 9.3.0/armtools/bin/../lib/gcc/arm-atollic-eabi/6.3.1/armv7e-m/fpu\libgcc.a(_aeabi_uldivmod.o)
                0x08000ae4                __aeabi_uldivmod
 .text          0x08000b14      0x2dc c:/program files (x86)/atollic/truestudio for stm32 9.3.0/armtools/bin/../lib/gcc/arm-atollic-eabi/6.3.1/armv7e-m/fpu\libgcc.a(_udivmoddi4.o)
                0x08000b14                __udivmoddi4
 .text          0x08000df0        0x4 c:/program files (x86)/atollic/truestudio for stm32 9.3.0/armtools/bin/../lib/gcc/arm-atollic-eabi/6.3.1/armv7e-m/fpu\libgcc.a(_dvmd_tls.o)
                0x08000df0                __aeabi_idiv0
                0x08000df0                __aeabi_ldiv0
 *(.text*)
 .text.HAL_InitTick
                0x08000df4       0x48 Drivers\STM32F4xx_HAL_Driver\Src\stm32f4xx_hal.o
                0x08000df4                HAL_InitTick
 .text.HAL_Init
                0x08000e3c       0x34 Drivers\STM32F4xx_HAL_Driver\Src\stm32f4xx_hal.o
                0x08000e3c                HAL_Init
 .text.HAL_IncTick
                0x08000e70       0x18 Drivers\STM32F4xx_HAL_Driver\Src\stm32f4xx_hal.o
                0x08000e70                HAL_IncTick
 .text.HAL_GetTick
                0x08000e88        0xc Drivers\STM32F4xx_HAL_Driver\Src\stm32f4xx_hal.o
                0x08000e88                HAL_GetTick
 .text.HAL_Delay
                0x08000e94       0x28 Drivers\STM32F4xx_HAL_Driver\Src\stm32f4xx_hal.o
                0x08000e94                HAL_Delay
 .text.HAL_NVIC_SetPriorityGrouping
                0x08000ebc       0x24 Drivers\STM32F4xx_HAL_Driver\Src\stm32f4xx_hal_cortex.o
                0x08000ebc                HAL_NVIC_SetPriorityGrouping
 .text.HAL_NVIC_SetPriority
                0x08000ee0       0x68 Drivers\STM32F4xx_HAL_Driver\Src\stm32f4xx_hal_cortex.o
                0x08000ee0                HAL_NVIC_SetPriority
 .text.HAL_NVIC_EnableIRQ
                0x08000f48       0x1c Drivers\STM32F4xx_HAL_Driver\Src\stm32f4xx_hal_cortex.o
                0x08000f48                HAL_NVIC_EnableIRQ
 .text.HAL_SYSTICK_Config
                0x08000f64       0x2c Drivers\STM32F4xx_HAL_Driver\Src\stm32f4xx_hal_cortex.o
                0x08000f64                HAL_SYSTICK_Config
 .text.DMA_CalcBaseAndBitshift
                0x08000f90       0x2c Drivers\STM32F4xx_HAL_Driver\Src\stm32f4xx_hal_dma.o
 .text.HAL_DMA_Init
                0x08000fbc       0xfc Drivers\STM32F4xx_HAL_Driver\Src\stm32f4xx_hal_dma.o
                0x08000fbc                HAL_DMA_Init
 .text.HAL_DMA_Start_IT
                0x080010b8       0x7c Drivers\STM32F4xx_HAL_Driver\Src\stm32f4xx_hal_dma.o
                0x080010b8                HAL_DMA_Start_IT
 .text.HAL_DMA_Abort_IT
                0x08001134       0x24 Drivers\STM32F4xx_HAL_Driver\Src\stm32f4xx_hal_dma.o
                0x08001134                HAL_DMA_Abort_IT
 .text.HAL_DMA_IRQHandler
                0x08001158      0x174 Drivers\STM32F4xx_HAL_Driver\Src\stm32f4xx_hal_dma.o
                0x08001158                HAL_DMA_IRQHandler
 .text.HAL_GPIO_Init
                0x080012cc      0x1b4 Drivers\STM32F4xx_HAL_Driver\Src\stm32f4xx_hal_gpio.o
                0x080012cc                HAL_GPIO_Init
 .text.HAL_GPIO_ReadPin
                0x08001480        0xc Drivers\STM32F4xx_HAL_Driver\Src\stm32f4xx_hal_gpio.o
                0x08001480                HAL_GPIO_ReadPin
 .text.HAL_GPIO_WritePin
                0x0800148c        0xa Drivers\STM32F4xx_HAL_Driver\Src\stm32f4xx_hal_gpio.o
                0x0800148c                HAL_GPIO_WritePin
 *fill*         0x08001496        0x2 
 .text.HAL_GPIO_EXTI_IRQHandler
                0x08001498       0x18 Drivers\STM32F4xx_HAL_Driver\Src\stm32f4xx_hal_gpio.o
                0x08001498                HAL_GPIO_EXTI_IRQHandler
 .text.HAL_PWREx_EnableOverDrive
                0x080014b0       0x78 Drivers\STM32F4xx_HAL_Driver\Src\stm32f4xx_hal_pwr_ex.o
                0x080014b0                HAL_PWREx_EnableOverDrive
 .text.HAL_RCC_ClockConfig
                0x08001528      0x134 Drivers\STM32F4xx_HAL_Driver\Src\stm32f4xx_hal_rcc.o
                0x08001528                HAL_RCC_ClockConfig
 .text.HAL_RCC_GetPCLK1Freq
                0x0800165c       0x20 Drivers\STM32F4xx_HAL_Driver\Src\stm32f4xx_hal_rcc.o
                0x0800165c                HAL_RCC_GetPCLK1Freq
 .text.HAL_RCC_GetPCLK2Freq
                0x0800167c       0x20 Drivers\STM32F4xx_HAL_Driver\Src\stm32f4xx_hal_rcc.o
                0x0800167c                HAL_RCC_GetPCLK2Freq
 .text.HAL_RCC_GetSysClockFreq
                0x0800169c       0x90 Drivers\STM32F4xx_HAL_Driver\Src\stm32f4xx_hal_rcc_ex.o
                0x0800169c                HAL_RCC_GetSysClockFreq
 .text.HAL_RCC_OscConfig
                0x0800172c      0x334 Drivers\STM32F4xx_HAL_Driver\Src\stm32f4xx_hal_rcc_ex.o
                0x0800172c                HAL_RCC_OscConfig
 .text.TIM_OC1_SetConfig
                0x08001a60       0x64 Drivers\STM32F4xx_HAL_Driver\Src\stm32f4xx_hal_tim.o
 .text.TIM_OC3_SetConfig
                0x08001ac4       0x6c Drivers\STM32F4xx_HAL_Driver\Src\stm32f4xx_hal_tim.o
 .text.TIM_OC4_SetConfig
                0x08001b30       0x4c Drivers\STM32F4xx_HAL_Driver\Src\stm32f4xx_hal_tim.o
 .text.HAL_TIM_Base_Start_IT
                0x08001b7c       0x20 Drivers\STM32F4xx_HAL_Driver\Src\stm32f4xx_hal_tim.o
                0x08001b7c                HAL_TIM_Base_Start_IT
 .text.HAL_TIM_Base_Stop_IT
                0x08001b9c       0x2a Drivers\STM32F4xx_HAL_Driver\Src\stm32f4xx_hal_tim.o
                0x08001b9c                HAL_TIM_Base_Stop_IT
 .text.HAL_TIM_PeriodElapsedCallback
                0x08001bc6        0x2 Drivers\STM32F4xx_HAL_Driver\Src\stm32f4xx_hal_tim.o
                0x08001bc6                HAL_TIM_PeriodElapsedCallback
 .text.HAL_TIM_OC_DelayElapsedCallback
                0x08001bc8        0x2 Drivers\STM32F4xx_HAL_Driver\Src\stm32f4xx_hal_tim.o
                0x08001bc8                HAL_TIM_OC_DelayElapsedCallback
 .text.HAL_TIM_IC_CaptureCallback
                0x08001bca        0x2 Drivers\STM32F4xx_HAL_Driver\Src\stm32f4xx_hal_tim.o
                0x08001bca                HAL_TIM_IC_CaptureCallback
 .text.TIM_DMADelayPulseCplt
                0x08001bcc       0x3c Drivers\STM32F4xx_HAL_Driver\Src\stm32f4xx_hal_tim.o
                0x08001bcc                TIM_DMADelayPulseCplt
 .text.HAL_TIM_PWM_PulseFinishedHalfCpltCallback
                0x08001c08        0x2 Drivers\STM32F4xx_HAL_Driver\Src\stm32f4xx_hal_tim.o
                0x08001c08                HAL_TIM_PWM_PulseFinishedHalfCpltCallback
 .text.TIM_DMADelayPulseHalfCplt
                0x08001c0a       0x3c Drivers\STM32F4xx_HAL_Driver\Src\stm32f4xx_hal_tim.o
                0x08001c0a                TIM_DMADelayPulseHalfCplt
 .text.HAL_TIM_TriggerCallback
                0x08001c46        0x2 Drivers\STM32F4xx_HAL_Driver\Src\stm32f4xx_hal_tim.o
                0x08001c46                HAL_TIM_TriggerCallback
 .text.HAL_TIM_IRQHandler
                0x08001c48      0x144 Drivers\STM32F4xx_HAL_Driver\Src\stm32f4xx_hal_tim.o
                0x08001c48                HAL_TIM_IRQHandler
 .text.HAL_TIM_ErrorCallback
                0x08001d8c        0x2 Drivers\STM32F4xx_HAL_Driver\Src\stm32f4xx_hal_tim.o
                0x08001d8c                HAL_TIM_ErrorCallback
 .text.TIM_DMAError
                0x08001d8e       0x10 Drivers\STM32F4xx_HAL_Driver\Src\stm32f4xx_hal_tim.o
                0x08001d8e                TIM_DMAError
 *fill*         0x08001d9e        0x2 
 .text.TIM_Base_SetConfig
                0x08001da0       0xcc Drivers\STM32F4xx_HAL_Driver\Src\stm32f4xx_hal_tim.o
                0x08001da0                TIM_Base_SetConfig
 .text.HAL_TIM_Base_Init
                0x08001e6c       0x34 Drivers\STM32F4xx_HAL_Driver\Src\stm32f4xx_hal_tim.o
                0x08001e6c                HAL_TIM_Base_Init
 .text.HAL_TIM_PWM_Init
                0x08001ea0       0x34 Drivers\STM32F4xx_HAL_Driver\Src\stm32f4xx_hal_tim.o
                0x08001ea0                HAL_TIM_PWM_Init
 .text.TIM_OC2_SetConfig
                0x08001ed4       0x6c Drivers\STM32F4xx_HAL_Driver\Src\stm32f4xx_hal_tim.o
                0x08001ed4                TIM_OC2_SetConfig
 .text.HAL_TIM_PWM_ConfigChannel
                0x08001f40       0xc4 Drivers\STM32F4xx_HAL_Driver\Src\stm32f4xx_hal_tim.o
                0x08001f40                HAL_TIM_PWM_ConfigChannel
 .text.TIM_ETR_SetConfig
                0x08002004       0x14 Drivers\STM32F4xx_HAL_Driver\Src\stm32f4xx_hal_tim.o
                0x08002004                TIM_ETR_SetConfig
 .text.HAL_TIM_ConfigClockSource
                0x08002018      0x128 Drivers\STM32F4xx_HAL_Driver\Src\stm32f4xx_hal_tim.o
                0x08002018                HAL_TIM_ConfigClockSource
 .text.TIM_CCxChannelCmd
                0x08002140       0x1c Drivers\STM32F4xx_HAL_Driver\Src\stm32f4xx_hal_tim.o
                0x08002140                TIM_CCxChannelCmd
 .text.HAL_TIM_PWM_Start_IT
                0x0800215c       0x80 Drivers\STM32F4xx_HAL_Driver\Src\stm32f4xx_hal_tim.o
                0x0800215c                HAL_TIM_PWM_Start_IT
 .text.HAL_TIM_PWM_Stop_IT
                0x080021dc       0x9c Drivers\STM32F4xx_HAL_Driver\Src\stm32f4xx_hal_tim.o
                0x080021dc                HAL_TIM_PWM_Stop_IT
 .text.HAL_TIM_PWM_Start_DMA
                0x08002278      0x11c Drivers\STM32F4xx_HAL_Driver\Src\stm32f4xx_hal_tim.o
                0x08002278                HAL_TIM_PWM_Start_DMA
 .text.HAL_TIM_PWM_Stop_DMA
                0x08002394       0xb8 Drivers\STM32F4xx_HAL_Driver\Src\stm32f4xx_hal_tim.o
                0x08002394                HAL_TIM_PWM_Stop_DMA
 .text.HAL_TIMEx_MasterConfigSynchronization
                0x0800244c       0x3c Drivers\STM32F4xx_HAL_Driver\Src\stm32f4xx_hal_tim_ex.o
                0x0800244c                HAL_TIMEx_MasterConfigSynchronization
 .text.HAL_TIMEx_ConfigBreakDeadTime
                0x08002488       0x4c Drivers\STM32F4xx_HAL_Driver\Src\stm32f4xx_hal_tim_ex.o
                0x08002488                HAL_TIMEx_ConfigBreakDeadTime
 .text.HAL_TIMEx_CommutCallback
                0x080024d4        0x2 Drivers\STM32F4xx_HAL_Driver\Src\stm32f4xx_hal_tim_ex.o
                0x080024d4                HAL_TIMEx_CommutCallback
 .text.HAL_TIMEx_BreakCallback
                0x080024d6        0x2 Drivers\STM32F4xx_HAL_Driver\Src\stm32f4xx_hal_tim_ex.o
                0x080024d6                HAL_TIMEx_BreakCallback
 .text.UART_EndRxTransfer
                0x080024d8       0x1a Drivers\STM32F4xx_HAL_Driver\Src\stm32f4xx_hal_uart.o
 *fill*         0x080024f2        0x2 
 .text.UART_SetConfig
                0x080024f4      0x234 Drivers\STM32F4xx_HAL_Driver\Src\stm32f4xx_hal_uart.o
 .text.UART_WaitOnFlagUntilTimeout.constprop.3
                0x08002728       0x50 Drivers\STM32F4xx_HAL_Driver\Src\stm32f4xx_hal_uart.o
 .text.HAL_UART_Init
                0x08002778       0x5c Drivers\STM32F4xx_HAL_Driver\Src\stm32f4xx_hal_uart.o
                0x08002778                HAL_UART_Init
 .text.HAL_UART_Transmit
                0x080027d4       0xba Drivers\STM32F4xx_HAL_Driver\Src\stm32f4xx_hal_uart.o
                0x080027d4                HAL_UART_Transmit
 .text.HAL_UART_Transmit_IT
                0x0800288e       0x3e Drivers\STM32F4xx_HAL_Driver\Src\stm32f4xx_hal_uart.o
                0x0800288e                HAL_UART_Transmit_IT
 .text.HAL_UART_Receive_DMA
                0x080028cc       0x90 Drivers\STM32F4xx_HAL_Driver\Src\stm32f4xx_hal_uart.o
                0x080028cc                HAL_UART_Receive_DMA
 .text.HAL_UART_TxCpltCallback
                0x0800295c        0x2 Drivers\STM32F4xx_HAL_Driver\Src\stm32f4xx_hal_uart.o
                0x0800295c                HAL_UART_TxCpltCallback
 .text.HAL_UART_RxCpltCallback
                0x0800295e        0x2 Drivers\STM32F4xx_HAL_Driver\Src\stm32f4xx_hal_uart.o
                0x0800295e                HAL_UART_RxCpltCallback
 .text.UART_DMAReceiveCplt
                0x08002960       0x38 Drivers\STM32F4xx_HAL_Driver\Src\stm32f4xx_hal_uart.o
 .text.UART_Receive_IT
                0x08002998       0x7c Drivers\STM32F4xx_HAL_Driver\Src\stm32f4xx_hal_uart.o
 .text.HAL_UART_RxHalfCpltCallback
                0x08002a14        0x2 Drivers\STM32F4xx_HAL_Driver\Src\stm32f4xx_hal_uart.o
                0x08002a14                HAL_UART_RxHalfCpltCallback
 .text.UART_DMARxHalfCplt
                0x08002a16        0xa Drivers\STM32F4xx_HAL_Driver\Src\stm32f4xx_hal_uart.o
 .text.HAL_UART_ErrorCallback
                0x08002a20        0x2 Drivers\STM32F4xx_HAL_Driver\Src\stm32f4xx_hal_uart.o
                0x08002a20                HAL_UART_ErrorCallback
 .text.UART_DMAError
                0x08002a22       0x4e Drivers\STM32F4xx_HAL_Driver\Src\stm32f4xx_hal_uart.o
 .text.HAL_UART_IRQHandler
                0x08002a70      0x140 Drivers\STM32F4xx_HAL_Driver\Src\stm32f4xx_hal_uart.o
                0x08002a70                HAL_UART_IRQHandler
 .text.UART_DMAAbortOnError
                0x08002bb0       0x10 Drivers\STM32F4xx_HAL_Driver\Src\stm32f4xx_hal_uart.o
 .text.startHGCode
                0x08002bc0       0x1a Src\HGCodeFunction.o
                0x08002bc0                startHGCode
 *fill*         0x08002bda        0x2 
 .text.G01      0x08002bdc       0x24 Src\HGCodeFunction.o
                0x08002bdc                G01
 .text.G02      0x08002c00       0x30 Src\HGCodeFunction.o
                0x08002c00                G02
 .text.G03      0x08002c30       0x24 Src\HGCodeFunction.o
                0x08002c30                G03
 .text.G27      0x08002c54        0xc Src\HGCodeFunction.o
                0x08002c54                G27
 .text.G28      0x08002c60       0x5c Src\HGCodeFunction.o
                0x08002c60                G28
 .text.H10      0x08002cbc       0x10 Src\HGCodeFunction.o
                0x08002cbc                H10
 .text.H11      0x08002ccc       0x10 Src\HGCodeFunction.o
                0x08002ccc                H11
 .text.H20      0x08002cdc        0x2 Src\HGCodeFunction.o
                0x08002cdc                H20
 .text.H21      0x08002cde        0x2 Src\HGCodeFunction.o
                0x08002cde                H21
 .text.H30      0x08002ce0       0x50 Src\HGCodeFunction.o
                0x08002ce0                H30
 .text.H31      0x08002d30       0x50 Src\HGCodeFunction.o
                0x08002d30                H31
 .text.H32      0x08002d80       0x50 Src\HGCodeFunction.o
                0x08002d80                H32
 .text.H33      0x08002dd0       0x50 Src\HGCodeFunction.o
                0x08002dd0                H33
 .text.H40      0x08002e20        0x2 Src\HGCodeFunction.o
                0x08002e20                H40
 .text.H41      0x08002e22        0x2 Src\HGCodeFunction.o
                0x08002e22                H41
 .text.H42      0x08002e24        0x2 Src\HGCodeFunction.o
                0x08002e24                H42
 .text.H43      0x08002e26        0x2 Src\HGCodeFunction.o
                0x08002e26                H43
 .text.H50      0x08002e28       0x32 Src\HGCodeFunction.o
                0x08002e28                H50
 .text.H51      0x08002e5a       0x32 Src\HGCodeFunction.o
                0x08002e5a                H51
 .text.H60      0x08002e8c        0x2 Src\HGCodeFunction.o
                0x08002e8c                H60
 .text.H100     0x08002e8e        0x2 Src\HGCodeFunction.o
                0x08002e8e                H100
 .text.sendResponse
                0x08002e90       0x48 Src\HGCodeFunction.o
                0x08002e90                sendResponse
 .text.HGCodeInit
                0x08002ed8       0x38 Src\HGCodeParser.o
                0x08002ed8                HGCodeInit
 .text.HGCodeDMAStart
                0x08002f10       0x18 Src\HGCodeParser.o
                0x08002f10                HGCodeDMAStart
 .text.HGCodeCheckCommandBuffer
                0x08002f28       0x1c Src\HGCodeParser.o
                0x08002f28                HGCodeCheckCommandBuffer
 .text.HGCodeCheckDataBuffer
                0x08002f44       0x14 Src\HGCodeParser.o
                0x08002f44                HGCodeCheckDataBuffer
 .text.HGCodeDecodeCommand
                0x08002f58      0x280 Src\HGCodeParser.o
                0x08002f58                HGCodeDecodeCommand
 .text.HGCodeGetCommandData
                0x080031d8       0x40 Src\HGCodeParser.o
                0x080031d8                HGCodeGetCommandData
 .text.DecodeTimerInterruptHandler
                0x08003218       0x14 Src\HGCodeParser.o
                0x08003218                DecodeTimerInterruptHandler
 .text.STMotorInitHandler
                0x0800322c       0x4c Src\PWMStepMotor.o
                0x0800322c                STMotorInitHandler
 .text.STMotorInitParam
                0x08003278       0x2c Src\PWMStepMotor.o
                0x08003278                STMotorInitParam
 .text.STMotorSetMaxSpeed
                0x080032a4        0x6 Src\PWMStepMotor.o
                0x080032a4                STMotorSetMaxSpeed
 .text.STMotorSetMinSpeed
                0x080032aa        0x6 Src\PWMStepMotor.o
                0x080032aa                STMotorSetMinSpeed
 .text.STMotorSetAccelSpeed
                0x080032b0        0xc Src\PWMStepMotor.o
                0x080032b0                STMotorSetAccelSpeed
 .text.STMotorSetDecelSpeed
                0x080032bc        0xc Src\PWMStepMotor.o
                0x080032bc                STMotorSetDecelSpeed
 .text.STMotorCalcAccelSpeed
                0x080032c8       0x62 Src\PWMStepMotor.o
                0x080032c8                STMotorCalcAccelSpeed
 *fill*         0x0800332a        0x2 
 .text.STMotorSetFreq
                0x0800332c       0x64 Src\PWMStepMotor.o
                0x0800332c                STMotorSetFreq
 .text.STMotorStopFreq
                0x08003390       0x1c Src\PWMStepMotor.o
                0x08003390                STMotorStopFreq
 .text.STMotorMoveStart
                0x080033ac       0x2c Src\PWMStepMotor.o
                0x080033ac                STMotorMoveStart
 .text.STMotorGoStep
                0x080033d8       0x54 Src\PWMStepMotor.o
                0x080033d8                STMotorGoStep
 .text.STMotorGoSpeed
                0x0800342c       0x4c Src\PWMStepMotor.o
                0x0800342c                STMotorGoSpeed
 .text.STMotorAutoHome
                0x08003478       0x90 Src\PWMStepMotor.o
                0x08003478                STMotorAutoHome
 .text.STMotorGoMicro
                0x08003508       0x2c Src\PWMStepMotor.o
                0x08003508                STMotorGoMicro
 .text.STMotorIsActivate
                0x08003534        0x4 Src\PWMStepMotor.o
                0x08003534                STMotorIsActivate
 .text.STMotorGoHome
                0x08003538       0x24 Src\PWMStepMotor.o
                0x08003538                STMotorGoHome
 .text.STMotorCalcMicroToStep
                0x0800355c       0x18 Src\PWMStepMotor.o
                0x0800355c                STMotorCalcMicroToStep
 .text.STMotorPWMPulseInterruptHandle
                0x08003574      0x160 Src\PWMStepMotor.o
                0x08003574                STMotorPWMPulseInterruptHandle
 .text.STMotorEXTInterruptHandle
                0x080036d4       0x18 Src\PWMStepMotor.o
                0x080036d4                STMotorEXTInterruptHandle
 .text.FinishCallBack
                0x080036ec       0x7c Src\StepMotorDriver.o
                0x080036ec                FinishCallBack
 .text.SetDirectionGPIO
                0x08003768       0x1c Src\StepMotorDriver.o
                0x08003768                SetDirectionGPIO
 .text.SetEnableGPIO
                0x08003784       0x1c Src\StepMotorDriver.o
                0x08003784                SetEnableGPIO
 .text.PWMPulseInterruptHandle
                0x080037a0       0x18 Src\StepMotorDriver.o
                0x080037a0                PWMPulseInterruptHandle
 .text.EXTInterruptHandle
                0x080037b8       0x64 Src\StepMotorDriver.o
                0x080037b8                EXTInterruptHandle
 .text.MX_DMA_Init
                0x0800381c       0x44 Src\dma.o
                0x0800381c                MX_DMA_Init
 .text.MX_GPIO_Init
                0x08003860      0x100 Src\gpio.o
                0x08003860                MX_GPIO_Init
 .text.SystemClock_Config
                0x08003960       0x98 Src\main.o
                0x08003960                SystemClock_Config
 .text.startup.main
                0x080039f8      0x278 Src\main.o
                0x080039f8                main
 .text.Error_Handler
                0x08003c70        0x2 Src\main.o
                0x08003c70                Error_Handler
 .text.updateColor.part.1
                0x08003c72       0x38 Src\neoPixel.o
 .text.setNeoPixel
                0x08003caa       0x42 Src\neoPixel.o
                0x08003caa                setNeoPixel
 .text.converColorTo32
                0x08003cec        0xa Src\neoPixel.o
                0x08003cec                converColorTo32
 .text.setColor
                0x08003cf6       0x2e Src\neoPixel.o
                0x08003cf6                setColor
 .text.setColorArr
                0x08003d24       0x2e Src\neoPixel.o
                0x08003d24                setColorArr
 .text.updateColor
                0x08003d52       0x30 Src\neoPixel.o
                0x08003d52                updateColor
 .text.updateColorBuff
                0x08003d82       0x54 Src\neoPixel.o
                0x08003d82                updateColorBuff
 *fill*         0x08003dd6        0x2 
 .text.NPEXITHandle
                0x08003dd8       0x68 Src\neoPixel.o
                0x08003dd8                NPEXITHandle
 .text.HAL_MspInit
                0x08003e40       0x40 Src\stm32f4xx_hal_msp.o
                0x08003e40                HAL_MspInit
 .text.HAL_TIM_PWM_PulseFinishedCallback
                0x08003e80        0x4 Src\stm32f4xx_hal_msp.o
                0x08003e80                HAL_TIM_PWM_PulseFinishedCallback
 .text.NMI_Handler
                0x08003e84        0x2 Src\stm32f4xx_it.o
                0x08003e84                NMI_Handler
 .text.HardFault_Handler
                0x08003e86        0x2 Src\stm32f4xx_it.o
                0x08003e86                HardFault_Handler
 .text.MemManage_Handler
                0x08003e88        0x2 Src\stm32f4xx_it.o
                0x08003e88                MemManage_Handler
 .text.BusFault_Handler
                0x08003e8a        0x2 Src\stm32f4xx_it.o
                0x08003e8a                BusFault_Handler
 .text.UsageFault_Handler
                0x08003e8c        0x2 Src\stm32f4xx_it.o
                0x08003e8c                UsageFault_Handler
 .text.SVC_Handler
                0x08003e8e        0x2 Src\stm32f4xx_it.o
                0x08003e8e                SVC_Handler
 .text.DebugMon_Handler
                0x08003e90        0x2 Src\stm32f4xx_it.o
                0x08003e90                DebugMon_Handler
 .text.PendSV_Handler
                0x08003e92        0x2 Src\stm32f4xx_it.o
                0x08003e92                PendSV_Handler
 .text.SysTick_Handler
                0x08003e94        0x4 Src\stm32f4xx_it.o
                0x08003e94                SysTick_Handler
 .text.DMA1_Stream4_IRQHandler
                0x08003e98        0xc Src\stm32f4xx_it.o
                0x08003e98                DMA1_Stream4_IRQHandler
 .text.DMA1_Stream5_IRQHandler
                0x08003ea4        0xc Src\stm32f4xx_it.o
                0x08003ea4                DMA1_Stream5_IRQHandler
 .text.EXTI9_5_IRQHandler
                0x08003eb0       0x20 Src\stm32f4xx_it.o
                0x08003eb0                EXTI9_5_IRQHandler
 .text.TIM1_TRG_COM_TIM11_IRQHandler
                0x08003ed0       0x88 Src\stm32f4xx_it.o
                0x08003ed0                TIM1_TRG_COM_TIM11_IRQHandler
 .text.TIM1_CC_IRQHandler
                0x08003f58        0xc Src\stm32f4xx_it.o
                0x08003f58                TIM1_CC_IRQHandler
 .text.TIM1_UP_TIM10_IRQHandler
                0x08003f64        0x4 Src\stm32f4xx_it.o
                0x08003f64                TIM1_UP_TIM10_IRQHandler
 .text.TIM1_BRK_TIM9_IRQHandler
                0x08003f68        0x4 Src\stm32f4xx_it.o
                0x08003f68                TIM1_BRK_TIM9_IRQHandler
 .text.TIM3_IRQHandler
                0x08003f6c        0xc Src\stm32f4xx_it.o
                0x08003f6c                TIM3_IRQHandler
 .text.USART2_IRQHandler
                0x08003f78        0xc Src\stm32f4xx_it.o
                0x08003f78                USART2_IRQHandler
 .text.USART3_IRQHandler
                0x08003f84        0xc Src\stm32f4xx_it.o
                0x08003f84                USART3_IRQHandler
 .text.TIM8_UP_TIM13_IRQHandler
                0x08003f90        0xc Src\stm32f4xx_it.o
                0x08003f90                TIM8_UP_TIM13_IRQHandler
 .text.TIM6_DAC_IRQHandler
                0x08003f9c       0x14 Src\stm32f4xx_it.o
                0x08003f9c                TIM6_DAC_IRQHandler
 .text.TIM7_IRQHandler
                0x08003fb0       0x1c Src\stm32f4xx_it.o
                0x08003fb0                TIM7_IRQHandler
 .text.HAL_GPIO_EXTI_Callback
                0x08003fcc        0x6 Src\stm32f4xx_it.o
                0x08003fcc                HAL_GPIO_EXTI_Callback
 *fill*         0x08003fd2        0x2 
 .text._sbrk    0x08003fd4       0x34 Src\sysmem.o
                0x08003fd4                _sbrk
 .text.SystemInit
                0x08004008       0x4c Src\system_stm32f4xx.o
                0x08004008                SystemInit
 .text.MX_TIM6_Init
                0x08004054       0x48 Src\tim.o
                0x08004054                MX_TIM6_Init
 .text.MX_TIM7_Init
                0x0800409c       0x48 Src\tim.o
                0x0800409c                MX_TIM7_Init
 .text.MX_TIM11_Init
                0x080040e4       0x34 Src\tim.o
                0x080040e4                MX_TIM11_Init
 .text.HAL_TIM_PWM_MspInit
                0x08004118       0x6c Src\tim.o
                0x08004118                HAL_TIM_PWM_MspInit
 .text.HAL_TIM_Base_MspInit
                0x08004184      0x140 Src\tim.o
                0x08004184                HAL_TIM_Base_MspInit
 .text.HAL_TIM_MspPostInit
                0x080042c4       0xbc Src\tim.o
                0x080042c4                HAL_TIM_MspPostInit
 .text.MX_TIM1_Init
                0x08004380       0xa4 Src\tim.o
                0x08004380                MX_TIM1_Init
 .text.MX_TIM3_Init
                0x08004424       0x9c Src\tim.o
                0x08004424                MX_TIM3_Init
 .text.MX_TIM13_Init
                0x080044c0       0x68 Src\tim.o
                0x080044c0                MX_TIM13_Init
 .text.MX_USART2_UART_Init
                0x08004528       0x38 Src\usart.o
                0x08004528                MX_USART2_UART_Init
 .text.MX_USART3_UART_Init
                0x08004560       0x38 Src\usart.o
                0x08004560                MX_USART3_UART_Init
 .text.HAL_UART_MspInit
                0x08004598      0x15c Src\usart.o
                0x08004598                HAL_UART_MspInit
 .text.Reset_Handler
                0x080046f4       0x50 startup\startup_stm32f446xx.o
                0x080046f4                Reset_Handler
 .text.Default_Handler
                0x08004744        0x2 startup\startup_stm32f446xx.o
                0x08004744                RTC_Alarm_IRQHandler
                0x08004744                EXTI2_IRQHandler
                0x08004744                TIM8_CC_IRQHandler
                0x08004744                FMPI2C1_EV_IRQHandler
                0x08004744                SPI4_IRQHandler
                0x08004744                DMA2_Stream5_IRQHandler
                0x08004744                PVD_IRQHandler
                0x08004744                SDIO_IRQHandler
                0x08004744                TAMP_STAMP_IRQHandler
                0x08004744                CAN2_RX1_IRQHandler
                0x08004744                EXTI3_IRQHandler
                0x08004744                TIM8_TRG_COM_TIM14_IRQHandler
                0x08004744                I2C3_ER_IRQHandler
                0x08004744                EXTI0_IRQHandler
                0x08004744                I2C2_EV_IRQHandler
                0x08004744                DMA1_Stream2_IRQHandler
                0x08004744                CAN1_RX0_IRQHandler
                0x08004744                FPU_IRQHandler
                0x08004744                OTG_HS_WKUP_IRQHandler
                0x08004744                CAN2_SCE_IRQHandler
                0x08004744                DMA2_Stream2_IRQHandler
                0x08004744                SPI1_IRQHandler
                0x08004744                DCMI_IRQHandler
                0x08004744                CAN2_RX0_IRQHandler
                0x08004744                DMA2_Stream3_IRQHandler
                0x08004744                SAI2_IRQHandler
                0x08004744                USART6_IRQHandler
                0x08004744                CAN1_RX1_IRQHandler
                0x08004744                UART5_IRQHandler
                0x08004744                DMA2_Stream0_IRQHandler
                0x08004744                TIM4_IRQHandler
                0x08004744                QUADSPI_IRQHandler
                0x08004744                I2C1_EV_IRQHandler
                0x08004744                DMA1_Stream6_IRQHandler
                0x08004744                DMA1_Stream1_IRQHandler
                0x08004744                UART4_IRQHandler
                0x08004744                RCC_IRQHandler
                0x08004744                TIM8_BRK_TIM12_IRQHandler
                0x08004744                Default_Handler
                0x08004744                CEC_IRQHandler
                0x08004744                EXTI15_10_IRQHandler
                0x08004744                ADC_IRQHandler
                0x08004744                DMA1_Stream7_IRQHandler
                0x08004744                CAN2_TX_IRQHandler
                0x08004744                TIM5_IRQHandler
                0x08004744                DMA2_Stream7_IRQHandler
                0x08004744                I2C3_EV_IRQHandler
                0x08004744                RTC_WKUP_IRQHandler
                0x08004744                SPDIF_RX_IRQHandler
                0x08004744                SPI2_IRQHandler
                0x08004744                OTG_HS_EP1_IN_IRQHandler
                0x08004744                DMA1_Stream0_IRQHandler
                0x08004744                CAN1_TX_IRQHandler
                0x08004744                FMPI2C1_ER_IRQHandler
                0x08004744                EXTI4_IRQHandler
                0x08004744                OTG_HS_EP1_OUT_IRQHandler
                0x08004744                WWDG_IRQHandler
                0x08004744                TIM2_IRQHandler
                0x08004744                OTG_FS_WKUP_IRQHandler
                0x08004744                OTG_HS_IRQHandler
                0x08004744                EXTI1_IRQHandler
                0x08004744                I2C2_ER_IRQHandler
                0x08004744                DMA2_Stream1_IRQHandler
                0x08004744                CAN1_SCE_IRQHandler
                0x08004744                FLASH_IRQHandler
                0x08004744                DMA2_Stream4_IRQHandler
                0x08004744                USART1_IRQHandler
                0x08004744                OTG_FS_IRQHandler
                0x08004744                SPI3_IRQHandler
                0x08004744                I2C1_ER_IRQHandler
                0x08004744                FMC_IRQHandler
                0x08004744                DMA2_Stream6_IRQHandler
                0x08004744                SAI1_IRQHandler
                0x08004744                DMA1_Stream3_IRQHandler
 *fill*         0x08004746        0x2 
 .text.__errno  0x08004748        0xc c:/program files (x86)/atollic/truestudio for stm32 9.3.0/armtools/bin/../lib/gcc/arm-atollic-eabi/6.3.1/../../../../arm-atollic-eabi/lib/armv7e-m/fpu\libc_nano.a(lib_a-errno.o)
                0x08004748                __errno
 .text.__libc_init_array
                0x08004754       0x48 c:/program files (x86)/atollic/truestudio for stm32 9.3.0/armtools/bin/../lib/gcc/arm-atollic-eabi/6.3.1/../../../../arm-atollic-eabi/lib/armv7e-m/fpu\libc_nano.a(lib_a-init.o)
                0x08004754                __libc_init_array
 .text.malloc   0x0800479c       0x10 c:/program files (x86)/atollic/truestudio for stm32 9.3.0/armtools/bin/../lib/gcc/arm-atollic-eabi/6.3.1/../../../../arm-atollic-eabi/lib/armv7e-m/fpu\libc_nano.a(lib_a-malloc.o)
                0x0800479c                malloc
 .text.memset   0x080047ac       0x10 c:/program files (x86)/atollic/truestudio for stm32 9.3.0/armtools/bin/../lib/gcc/arm-atollic-eabi/6.3.1/../../../../arm-atollic-eabi/lib/armv7e-m/fpu\libc_nano.a(lib_a-memset.o)
                0x080047ac                memset
 .text._free_r  0x080047bc       0x9c c:/program files (x86)/atollic/truestudio for stm32 9.3.0/armtools/bin/../lib/gcc/arm-atollic-eabi/6.3.1/../../../../arm-atollic-eabi/lib/armv7e-m/fpu\libc_nano.a(lib_a-nano-freer.o)
                0x080047bc                _free_r
 .text._malloc_r
                0x08004858       0xbc c:/program files (x86)/atollic/truestudio for stm32 9.3.0/armtools/bin/../lib/gcc/arm-atollic-eabi/6.3.1/../../../../arm-atollic-eabi/lib/armv7e-m/fpu\libc_nano.a(lib_a-nano-mallocr.o)
                0x08004858                _malloc_r
 .text._sbrk_r  0x08004914       0x20 c:/program files (x86)/atollic/truestudio for stm32 9.3.0/armtools/bin/../lib/gcc/arm-atollic-eabi/6.3.1/../../../../arm-atollic-eabi/lib/armv7e-m/fpu\libc_nano.a(lib_a-sbrkr.o)
                0x08004914                _sbrk_r
 .text.sprintf  0x08004934       0x48 c:/program files (x86)/atollic/truestudio for stm32 9.3.0/armtools/bin/../lib/gcc/arm-atollic-eabi/6.3.1/../../../../arm-atollic-eabi/lib/armv7e-m/fpu\libc_nano.a(lib_a-sprintf.o)
                0x08004934                siprintf
                0x08004934                sprintf
 .text.__malloc_lock
                0x0800497c        0x2 c:/program files (x86)/atollic/truestudio for stm32 9.3.0/armtools/bin/../lib/gcc/arm-atollic-eabi/6.3.1/../../../../arm-atollic-eabi/lib/armv7e-m/fpu\libc_nano.a(lib_a-mlock.o)
                0x0800497c                __malloc_lock
 .text.__malloc_unlock
                0x0800497e        0x2 c:/program files (x86)/atollic/truestudio for stm32 9.3.0/armtools/bin/../lib/gcc/arm-atollic-eabi/6.3.1/../../../../arm-atollic-eabi/lib/armv7e-m/fpu\libc_nano.a(lib_a-mlock.o)
                0x0800497e                __malloc_unlock
 .text.__ssputs_r
                0x08004980       0xb6 c:/program files (x86)/atollic/truestudio for stm32 9.3.0/armtools/bin/../lib/gcc/arm-atollic-eabi/6.3.1/../../../../arm-atollic-eabi/lib/armv7e-m/fpu\libc_nano.a(lib_a-nano-svfprintf.o)
                0x08004980                __ssputs_r
 *fill*         0x08004a36        0x2 
 .text._svfprintf_r
                0x08004a38      0x1e8 c:/program files (x86)/atollic/truestudio for stm32 9.3.0/armtools/bin/../lib/gcc/arm-atollic-eabi/6.3.1/../../../../arm-atollic-eabi/lib/armv7e-m/fpu\libc_nano.a(lib_a-nano-svfprintf.o)
                0x08004a38                _svfiprintf_r
                0x08004a38                _svfprintf_r
 .text._printf_common
                0x08004c20       0xec c:/program files (x86)/atollic/truestudio for stm32 9.3.0/armtools/bin/../lib/gcc/arm-atollic-eabi/6.3.1/../../../../arm-atollic-eabi/lib/armv7e-m/fpu\libc_nano.a(lib_a-nano-vfprintf_i.o)
                0x08004c20                _printf_common
 .text._printf_i
                0x08004d0c      0x240 c:/program files (x86)/atollic/truestudio for stm32 9.3.0/armtools/bin/../lib/gcc/arm-atollic-eabi/6.3.1/../../../../arm-atollic-eabi/lib/armv7e-m/fpu\libc_nano.a(lib_a-nano-vfprintf_i.o)
                0x08004d0c                _printf_i
 .text.memcpy   0x08004f4c       0x16 c:/program files (x86)/atollic/truestudio for stm32 9.3.0/armtools/bin/../lib/gcc/arm-atollic-eabi/6.3.1/../../../../arm-atollic-eabi/lib/armv7e-m/fpu\libc_nano.a(lib_a-memcpy-stub.o)
                0x08004f4c                memcpy
 .text.memmove  0x08004f62       0x34 c:/program files (x86)/atollic/truestudio for stm32 9.3.0/armtools/bin/../lib/gcc/arm-atollic-eabi/6.3.1/../../../../arm-atollic-eabi/lib/armv7e-m/fpu\libc_nano.a(lib_a-memmove.o)
                0x08004f62                memmove
 .text._realloc_r
                0x08004f96       0x4c c:/program files (x86)/atollic/truestudio for stm32 9.3.0/armtools/bin/../lib/gcc/arm-atollic-eabi/6.3.1/../../../../arm-atollic-eabi/lib/armv7e-m/fpu\libc_nano.a(lib_a-nano-reallocr.o)
                0x08004f96                _realloc_r
 .text._malloc_usable_size_r
                0x08004fe2       0x12 c:/program files (x86)/atollic/truestudio for stm32 9.3.0/armtools/bin/../lib/gcc/arm-atollic-eabi/6.3.1/../../../../arm-atollic-eabi/lib/armv7e-m/fpu\libc_nano.a(lib_a-nano-msizer.o)
                0x08004fe2                _malloc_usable_size_r
 *(.glue_7)
 .glue_7        0x08004ff4        0x0 linker stubs
 *(.glue_7t)
 .glue_7t       0x08004ff4        0x0 linker stubs
 *(.eh_frame)
 .eh_frame      0x08004ff4        0x0 c:/program files (x86)/atollic/truestudio for stm32 9.3.0/armtools/bin/../lib/gcc/arm-atollic-eabi/6.3.1/armv7e-m/fpu/crtbegin.o
 *(.init)
 .init          0x08004ff4        0x4 c:/program files (x86)/atollic/truestudio for stm32 9.3.0/armtools/bin/../lib/gcc/arm-atollic-eabi/6.3.1/armv7e-m/fpu/crti.o
                0x08004ff4                _init
 .init          0x08004ff8        0x8 c:/program files (x86)/atollic/truestudio for stm32 9.3.0/armtools/bin/../lib/gcc/arm-atollic-eabi/6.3.1/armv7e-m/fpu/crtn.o
 *(.fini)
 .fini          0x08005000        0x4 c:/program files (x86)/atollic/truestudio for stm32 9.3.0/armtools/bin/../lib/gcc/arm-atollic-eabi/6.3.1/armv7e-m/fpu/crti.o
                0x08005000                _fini
 .fini          0x08005004        0x8 c:/program files (x86)/atollic/truestudio for stm32 9.3.0/armtools/bin/../lib/gcc/arm-atollic-eabi/6.3.1/armv7e-m/fpu/crtn.o
                0x0800500c                . = ALIGN (0x4)
                0x0800500c                _etext = .

.vfp11_veneer   0x0800500c        0x0
 .vfp11_veneer  0x0800500c        0x0 linker stubs

.v4_bx          0x0800500c        0x0
 .v4_bx         0x0800500c        0x0 linker stubs

.iplt           0x0800500c        0x0
 .iplt          0x0800500c        0x0 c:/program files (x86)/atollic/truestudio for stm32 9.3.0/armtools/bin/../lib/gcc/arm-atollic-eabi/6.3.1/armv7e-m/fpu/crtbegin.o

.rodata         0x0800500c      0x110
                0x0800500c                . = ALIGN (0x4)
 *(.rodata)
 *(.rodata*)
 .rodata.flagBitshiftOffset.8035
                0x0800500c        0x8 Drivers\STM32F4xx_HAL_Driver\Src\stm32f4xx_hal_dma.o
 .rodata.G28.str1.1
                0x08005014        0xe Src\HGCodeFunction.o
 .rodata.HGCodeDecodeCommand.str1.1
                0x08005022       0x11 Src\HGCodeParser.o
 .rodata.STMotorAutoHome.str1.1
                0x08005033        0xe Src\PWMStepMotor.o
 .rodata.EXTInterruptHandle.str1.1
                0x08005033       0x22 Src\StepMotorDriver.o
 .rodata.FinishCallBack.str1.1
                0x08005055       0x35 Src\StepMotorDriver.o
 .rodata.main.str1.1
                0x0800508a       0x45 Src\main.o
 .rodata.AHBPrescTable
                0x080050cf       0x10 Src\system_stm32f4xx.o
                0x080050cf                AHBPrescTable
 .rodata.APBPrescTable
                0x080050df        0x8 Src\system_stm32f4xx.o
                0x080050df                APBPrescTable
 .rodata._svfprintf_r.str1.1
                0x080050e7       0x11 c:/program files (x86)/atollic/truestudio for stm32 9.3.0/armtools/bin/../lib/gcc/arm-atollic-eabi/6.3.1/../../../../arm-atollic-eabi/lib/armv7e-m/fpu\libc_nano.a(lib_a-nano-svfprintf.o)
 .rodata._printf_i.str1.1
                0x080050f8       0x22 c:/program files (x86)/atollic/truestudio for stm32 9.3.0/armtools/bin/../lib/gcc/arm-atollic-eabi/6.3.1/../../../../arm-atollic-eabi/lib/armv7e-m/fpu\libc_nano.a(lib_a-nano-vfprintf_i.o)
                0x0800511c                . = ALIGN (0x4)
 *fill*         0x0800511a        0x2 

.ARM.extab
 *(.ARM.extab* .gnu.linkonce.armextab.*)

.ARM            0x0800511c        0x8
                0x0800511c                __exidx_start = .
 *(.ARM.exidx*)
 .ARM.exidx     0x0800511c        0x8 c:/program files (x86)/atollic/truestudio for stm32 9.3.0/armtools/bin/../lib/gcc/arm-atollic-eabi/6.3.1/armv7e-m/fpu\libgcc.a(_udivmoddi4.o)
                0x08005124                __exidx_end = .

.rel.dyn        0x08005124        0x0
 .rel.iplt      0x08005124        0x0 c:/program files (x86)/atollic/truestudio for stm32 9.3.0/armtools/bin/../lib/gcc/arm-atollic-eabi/6.3.1/armv7e-m/fpu/crtbegin.o

.preinit_array  0x08005124        0x0
                0x08005124                PROVIDE (__preinit_array_start, .)
 *(.preinit_array*)
                0x08005124                PROVIDE (__preinit_array_end, .)

.init_array     0x08005124        0x4
                0x08005124                PROVIDE (__init_array_start, .)
 *(SORT(.init_array.*))
 *(.init_array*)
 .init_array    0x08005124        0x4 c:/program files (x86)/atollic/truestudio for stm32 9.3.0/armtools/bin/../lib/gcc/arm-atollic-eabi/6.3.1/armv7e-m/fpu/crtbegin.o
                0x08005128                PROVIDE (__init_array_end, .)

.fini_array     0x08005128        0x4
                [!provide]                PROVIDE (__fini_array_start, .)
 *(SORT(.fini_array.*))
 *(.fini_array*)
 .fini_array    0x08005128        0x4 c:/program files (x86)/atollic/truestudio for stm32 9.3.0/armtools/bin/../lib/gcc/arm-atollic-eabi/6.3.1/armv7e-m/fpu/crtbegin.o
                [!provide]                PROVIDE (__fini_array_end, .)
                0x0800512c                _sidata = LOADADDR (.data)

.data           0x20000000       0x90 load address 0x0800512c
                0x20000000                . = ALIGN (0x4)
                0x20000000                _sdata = .
 *(.data)
 *(.data*)
 .data.uwTickFreq
                0x20000000        0x1 Drivers\STM32F4xx_HAL_Driver\Src\stm32f4xx_hal.o
                0x20000000                uwTickFreq
 *fill*         0x20000001        0x3 
 .data.uwTickPrio
                0x20000004        0x4 Drivers\STM32F4xx_HAL_Driver\Src\stm32f4xx_hal.o
                0x20000004                uwTickPrio
 .data.STMotorDeviceControl
                0x20000008       0x1c Src\StepMotorDriver.o
                0x20000008                STMotorDeviceControl
 .data.neoPixel_P
                0x20000024        0x4 Src\neoPixel.o
                0x20000024                neoPixel_P
 .data.SystemCoreClock
                0x20000028        0x4 Src\system_stm32f4xx.o
                0x20000028                SystemCoreClock
 .data._impure_ptr
                0x2000002c        0x4 c:/program files (x86)/atollic/truestudio for stm32 9.3.0/armtools/bin/../lib/gcc/arm-atollic-eabi/6.3.1/../../../../arm-atollic-eabi/lib/armv7e-m/fpu\libc_nano.a(lib_a-impure.o)
                0x2000002c                _impure_ptr
 .data.impure_data
                0x20000030       0x60 c:/program files (x86)/atollic/truestudio for stm32 9.3.0/armtools/bin/../lib/gcc/arm-atollic-eabi/6.3.1/../../../../arm-atollic-eabi/lib/armv7e-m/fpu\libc_nano.a(lib_a-impure.o)
                0x20000090                . = ALIGN (0x4)
                0x20000090                _edata = .

.igot.plt       0x20000090        0x0 load address 0x080051bc
 .igot.plt      0x20000090        0x0 c:/program files (x86)/atollic/truestudio for stm32 9.3.0/armtools/bin/../lib/gcc/arm-atollic-eabi/6.3.1/armv7e-m/fpu/crtbegin.o
                0x20000090                . = ALIGN (0x4)

.bss            0x20000090      0x8b4 load address 0x080051bc
                0x20000090                _sbss = .
                0x20000090                __bss_start__ = _sbss
 *(.bss)
 .bss           0x20000090       0x1c c:/program files (x86)/atollic/truestudio for stm32 9.3.0/armtools/bin/../lib/gcc/arm-atollic-eabi/6.3.1/armv7e-m/fpu/crtbegin.o
 *(.bss*)
 .bss.HGCodeBuffer
                0x200000ac      0x1f4 Src\HGCodeParser.o
                0x200000ac                HGCodeBuffer
 .bss.HGCodeControl
                0x200002a0      0x24c Src\HGCodeParser.o
                0x200002a0                HGCodeControl
 .bss.deviceCount
                0x200004ec        0x1 Src\PWMStepMotor.o
                0x200004ec                deviceCount
 .bss.endStopSignal
                0x200004ed        0x1 Src\PWMStepMotor.o
                0x200004ed                endStopSignal
 *fill*         0x200004ee        0x2 
 .bss.neoPixel  0x200004f0       0x1c Src\neoPixel.o
                0x200004f0                neoPixel
 .bss.count     0x2000050c        0x4 Src\stm32f4xx_it.o
                0x2000050c                count
 .bss.heap_end.6250
                0x20000510        0x4 Src\sysmem.o
 .bss.__malloc_free_list
                0x20000514        0x4 c:/program files (x86)/atollic/truestudio for stm32 9.3.0/armtools/bin/../lib/gcc/arm-atollic-eabi/6.3.1/../../../../arm-atollic-eabi/lib/armv7e-m/fpu\libc_nano.a(lib_a-nano-mallocr.o)
                0x20000514                __malloc_free_list
 .bss.__malloc_sbrk_start
                0x20000518        0x4 c:/program files (x86)/atollic/truestudio for stm32 9.3.0/armtools/bin/../lib/gcc/arm-atollic-eabi/6.3.1/../../../../arm-atollic-eabi/lib/armv7e-m/fpu\libc_nano.a(lib_a-nano-mallocr.o)
                0x20000518                __malloc_sbrk_start
 *(COMMON)
 COMMON         0x2000051c        0x4 Drivers\STM32F4xx_HAL_Driver\Src\stm32f4xx_hal.o
                0x2000051c                uwTick
 COMMON         0x20000520      0x160 Src\StepMotorDriver.o
                0x20000520                STMotorDevices
 COMMON         0x20000680      0x1e0 Src\tim.o
                0x20000680                htim3
                0x200006c0                htim13
                0x20000700                htim11
                0x20000740                hdma_tim3_ch1_trig
                0x200007a0                htim6
                0x200007e0                htim1
                0x20000820                htim7
 COMMON         0x20000860       0xe0 Src\usart.o
                0x20000860                hdma_usart2_rx
                0x200008c0                huart3
                0x20000900                huart2
 COMMON         0x20000940        0x4 c:/program files (x86)/atollic/truestudio for stm32 9.3.0/armtools/bin/../lib/gcc/arm-atollic-eabi/6.3.1/../../../../arm-atollic-eabi/lib/armv7e-m/fpu\libc_nano.a(lib_a-reent.o)
                0x20000940                errno
                0x20000944                . = ALIGN (0x4)
                0x20000944                _ebss = .
                0x20000944                __bss_end__ = _ebss

._user_heap_stack
                0x20000944      0x600 load address 0x080051bc
                0x20000944                . = ALIGN (0x4)
                0x20000944                PROVIDE (end, .)
                [!provide]                PROVIDE (_end, .)
                0x20000b44                . = (. + _Min_Heap_Size)
 *fill*         0x20000944      0x200 
                0x20000f44                . = (. + _Min_Stack_Size)
 *fill*         0x20000b44      0x400 
                0x20000f44                . = ALIGN (0x4)

/DISCARD/
 libc.a(*)
 libm.a(*)
 libgcc.a(*)

.ARM.attributes
                0x00000000       0x30
 *(.ARM.attributes)
 .ARM.attributes
                0x00000000       0x22 c:/program files (x86)/atollic/truestudio for stm32 9.3.0/armtools/bin/../lib/gcc/arm-atollic-eabi/6.3.1/armv7e-m/fpu/crti.o
 .ARM.attributes
                0x00000022       0x34 c:/program files (x86)/atollic/truestudio for stm32 9.3.0/armtools/bin/../lib/gcc/arm-atollic-eabi/6.3.1/armv7e-m/fpu/crtbegin.o
 .ARM.attributes
                0x00000056       0x39 Drivers\STM32F4xx_HAL_Driver\Src\stm32f4xx_hal.o
 .ARM.attributes
                0x0000008f       0x39 Drivers\STM32F4xx_HAL_Driver\Src\stm32f4xx_hal_cortex.o
 .ARM.attributes
                0x000000c8       0x39 Drivers\STM32F4xx_HAL_Driver\Src\stm32f4xx_hal_dma.o
 .ARM.attributes
                0x00000101       0x39 Drivers\STM32F4xx_HAL_Driver\Src\stm32f4xx_hal_gpio.o
 .ARM.attributes
                0x0000013a       0x39 Drivers\STM32F4xx_HAL_Driver\Src\stm32f4xx_hal_pwr_ex.o
 .ARM.attributes
                0x00000173       0x39 Drivers\STM32F4xx_HAL_Driver\Src\stm32f4xx_hal_rcc.o
 .ARM.attributes
                0x000001ac       0x39 Drivers\STM32F4xx_HAL_Driver\Src\stm32f4xx_hal_rcc_ex.o
 .ARM.attributes
                0x000001e5       0x39 Drivers\STM32F4xx_HAL_Driver\Src\stm32f4xx_hal_tim.o
 .ARM.attributes
                0x0000021e       0x39 Drivers\STM32F4xx_HAL_Driver\Src\stm32f4xx_hal_tim_ex.o
 .ARM.attributes
                0x00000257       0x39 Drivers\STM32F4xx_HAL_Driver\Src\stm32f4xx_hal_uart.o
 .ARM.attributes
                0x00000290       0x39 Src\HGCodeFunction.o
 .ARM.attributes
                0x000002c9       0x39 Src\HGCodeParser.o
 .ARM.attributes
                0x00000302       0x39 Src\PWMStepMotor.o
 .ARM.attributes
                0x0000033b       0x39 Src\StepMotorDriver.o
 .ARM.attributes
                0x00000374       0x39 Src\dma.o
 .ARM.attributes
                0x000003ad       0x39 Src\gpio.o
 .ARM.attributes
                0x000003e6       0x39 Src\main.o
 .ARM.attributes
                0x0000041f       0x39 Src\neoPixel.o
 .ARM.attributes
                0x00000458       0x39 Src\stm32f4xx_hal_msp.o
 .ARM.attributes
                0x00000491       0x39 Src\stm32f4xx_it.o
 .ARM.attributes
                0x000004ca       0x39 Src\sysmem.o
 .ARM.attributes
                0x00000503       0x39 Src\system_stm32f4xx.o
 .ARM.attributes
                0x0000053c       0x39 Src\tim.o
 .ARM.attributes
                0x00000575       0x39 Src\usart.o
 .ARM.attributes
                0x000005ae       0x21 startup\startup_stm32f446xx.o
 .ARM.attributes
                0x000005cf       0x34 c:/program files (x86)/atollic/truestudio for stm32 9.3.0/armtools/bin/../lib/gcc/arm-atollic-eabi/6.3.1/../../../../arm-atollic-eabi/lib/armv7e-m/fpu\libc_nano.a(lib_a-errno.o)
 .ARM.attributes
                0x00000603       0x34 c:/program files (x86)/atollic/truestudio for stm32 9.3.0/armtools/bin/../lib/gcc/arm-atollic-eabi/6.3.1/../../../../arm-atollic-eabi/lib/armv7e-m/fpu\libc_nano.a(lib_a-impure.o)
 .ARM.attributes
                0x00000637       0x34 c:/program files (x86)/atollic/truestudio for stm32 9.3.0/armtools/bin/../lib/gcc/arm-atollic-eabi/6.3.1/../../../../arm-atollic-eabi/lib/armv7e-m/fpu\libc_nano.a(lib_a-init.o)
 .ARM.attributes
                0x0000066b       0x34 c:/program files (x86)/atollic/truestudio for stm32 9.3.0/armtools/bin/../lib/gcc/arm-atollic-eabi/6.3.1/../../../../arm-atollic-eabi/lib/armv7e-m/fpu\libc_nano.a(lib_a-malloc.o)
 .ARM.attributes
                0x0000069f       0x34 c:/program files (x86)/atollic/truestudio for stm32 9.3.0/armtools/bin/../lib/gcc/arm-atollic-eabi/6.3.1/../../../../arm-atollic-eabi/lib/armv7e-m/fpu\libc_nano.a(lib_a-memset.o)
 .ARM.attributes
                0x000006d3       0x34 c:/program files (x86)/atollic/truestudio for stm32 9.3.0/armtools/bin/../lib/gcc/arm-atollic-eabi/6.3.1/../../../../arm-atollic-eabi/lib/armv7e-m/fpu\libc_nano.a(lib_a-nano-freer.o)
 .ARM.attributes
                0x00000707       0x34 c:/program files (x86)/atollic/truestudio for stm32 9.3.0/armtools/bin/../lib/gcc/arm-atollic-eabi/6.3.1/../../../../arm-atollic-eabi/lib/armv7e-m/fpu\libc_nano.a(lib_a-nano-mallocr.o)
 .ARM.attributes
                0x0000073b       0x34 c:/program files (x86)/atollic/truestudio for stm32 9.3.0/armtools/bin/../lib/gcc/arm-atollic-eabi/6.3.1/../../../../arm-atollic-eabi/lib/armv7e-m/fpu\libc_nano.a(lib_a-sbrkr.o)
 .ARM.attributes
                0x0000076f       0x34 c:/program files (x86)/atollic/truestudio for stm32 9.3.0/armtools/bin/../lib/gcc/arm-atollic-eabi/6.3.1/../../../../arm-atollic-eabi/lib/armv7e-m/fpu\libc_nano.a(lib_a-sprintf.o)
 .ARM.attributes
                0x000007a3       0x1b c:/program files (x86)/atollic/truestudio for stm32 9.3.0/armtools/bin/../lib/gcc/arm-atollic-eabi/6.3.1/../../../../arm-atollic-eabi/lib/armv7e-m/fpu\libc_nano.a(lib_a-strlen.o)
 .ARM.attributes
                0x000007be       0x34 c:/program files (x86)/atollic/truestudio for stm32 9.3.0/armtools/bin/../lib/gcc/arm-atollic-eabi/6.3.1/../../../../arm-atollic-eabi/lib/armv7e-m/fpu\libc_nano.a(lib_a-mlock.o)
 .ARM.attributes
                0x000007f2       0x34 c:/program files (x86)/atollic/truestudio for stm32 9.3.0/armtools/bin/../lib/gcc/arm-atollic-eabi/6.3.1/../../../../arm-atollic-eabi/lib/armv7e-m/fpu\libc_nano.a(lib_a-nano-svfprintf.o)
 .ARM.attributes
                0x00000826       0x34 c:/program files (x86)/atollic/truestudio for stm32 9.3.0/armtools/bin/../lib/gcc/arm-atollic-eabi/6.3.1/../../../../arm-atollic-eabi/lib/armv7e-m/fpu\libc_nano.a(lib_a-nano-vfprintf_i.o)
 .ARM.attributes
                0x0000085a       0x34 c:/program files (x86)/atollic/truestudio for stm32 9.3.0/armtools/bin/../lib/gcc/arm-atollic-eabi/6.3.1/../../../../arm-atollic-eabi/lib/armv7e-m/fpu\libc_nano.a(lib_a-reent.o)
 .ARM.attributes
                0x0000088e       0x20 c:/program files (x86)/atollic/truestudio for stm32 9.3.0/armtools/bin/../lib/gcc/arm-atollic-eabi/6.3.1/../../../../arm-atollic-eabi/lib/armv7e-m/fpu\libc_nano.a(lib_a-memchr.o)
 .ARM.attributes
                0x000008ae       0x34 c:/program files (x86)/atollic/truestudio for stm32 9.3.0/armtools/bin/../lib/gcc/arm-atollic-eabi/6.3.1/../../../../arm-atollic-eabi/lib/armv7e-m/fpu\libc_nano.a(lib_a-memcpy-stub.o)
 .ARM.attributes
                0x000008e2       0x34 c:/program files (x86)/atollic/truestudio for stm32 9.3.0/armtools/bin/../lib/gcc/arm-atollic-eabi/6.3.1/../../../../arm-atollic-eabi/lib/armv7e-m/fpu\libc_nano.a(lib_a-memmove.o)
 .ARM.attributes
                0x00000916       0x34 c:/program files (x86)/atollic/truestudio for stm32 9.3.0/armtools/bin/../lib/gcc/arm-atollic-eabi/6.3.1/../../../../arm-atollic-eabi/lib/armv7e-m/fpu\libc_nano.a(lib_a-nano-reallocr.o)
 .ARM.attributes
                0x0000094a       0x34 c:/program files (x86)/atollic/truestudio for stm32 9.3.0/armtools/bin/../lib/gcc/arm-atollic-eabi/6.3.1/../../../../arm-atollic-eabi/lib/armv7e-m/fpu\libc_nano.a(lib_a-nano-msizer.o)
 .ARM.attributes
                0x0000097e       0x22 c:/program files (x86)/atollic/truestudio for stm32 9.3.0/armtools/bin/../lib/gcc/arm-atollic-eabi/6.3.1/armv7e-m/fpu\libgcc.a(_arm_addsubdf3.o)
 .ARM.attributes
                0x000009a0       0x22 c:/program files (x86)/atollic/truestudio for stm32 9.3.0/armtools/bin/../lib/gcc/arm-atollic-eabi/6.3.1/armv7e-m/fpu\libgcc.a(_arm_muldivdf3.o)
 .ARM.attributes
                0x000009c2       0x22 c:/program files (x86)/atollic/truestudio for stm32 9.3.0/armtools/bin/../lib/gcc/arm-atollic-eabi/6.3.1/armv7e-m/fpu\libgcc.a(_arm_fixdfsi.o)
 .ARM.attributes
                0x000009e4       0x22 c:/program files (x86)/atollic/truestudio for stm32 9.3.0/armtools/bin/../lib/gcc/arm-atollic-eabi/6.3.1/armv7e-m/fpu\libgcc.a(_arm_fixunsdfsi.o)
 .ARM.attributes
                0x00000a06       0x22 c:/program files (x86)/atollic/truestudio for stm32 9.3.0/armtools/bin/../lib/gcc/arm-atollic-eabi/6.3.1/armv7e-m/fpu\libgcc.a(_aeabi_uldivmod.o)
 .ARM.attributes
                0x00000a28       0x34 c:/program files (x86)/atollic/truestudio for stm32 9.3.0/armtools/bin/../lib/gcc/arm-atollic-eabi/6.3.1/armv7e-m/fpu\libgcc.a(_udivmoddi4.o)
 .ARM.attributes
                0x00000a5c       0x22 c:/program files (x86)/atollic/truestudio for stm32 9.3.0/armtools/bin/../lib/gcc/arm-atollic-eabi/6.3.1/armv7e-m/fpu\libgcc.a(_dvmd_tls.o)
 .ARM.attributes
                0x00000a7e       0x22 c:/program files (x86)/atollic/truestudio for stm32 9.3.0/armtools/bin/../lib/gcc/arm-atollic-eabi/6.3.1/armv7e-m/fpu/crtn.o
OUTPUT(KinematicFW_F446.elf elf32-littlearm)

.debug_info     0x00000000    0x1c153
 .debug_info    0x00000000      0xa41 Drivers\STM32F4xx_HAL_Driver\Src\stm32f4xx_hal.o
 .debug_info    0x00000a41      0xf57 Drivers\STM32F4xx_HAL_Driver\Src\stm32f4xx_hal_cortex.o
 .debug_info    0x00001998      0xa4c Drivers\STM32F4xx_HAL_Driver\Src\stm32f4xx_hal_dma.o
 .debug_info    0x000023e4      0x7c3 Drivers\STM32F4xx_HAL_Driver\Src\stm32f4xx_hal_gpio.o
 .debug_info    0x00002ba7      0x7c3 Drivers\STM32F4xx_HAL_Driver\Src\stm32f4xx_hal_pwr_ex.o
 .debug_info    0x0000336a      0xa97 Drivers\STM32F4xx_HAL_Driver\Src\stm32f4xx_hal_rcc.o
 .debug_info    0x00003e01      0xbe8 Drivers\STM32F4xx_HAL_Driver\Src\stm32f4xx_hal_rcc_ex.o
 .debug_info    0x000049e9     0x34cf Drivers\STM32F4xx_HAL_Driver\Src\stm32f4xx_hal_tim.o
 .debug_info    0x00007eb8     0x12fe Drivers\STM32F4xx_HAL_Driver\Src\stm32f4xx_hal_tim_ex.o
 .debug_info    0x000091b6     0x16c9 Drivers\STM32F4xx_HAL_Driver\Src\stm32f4xx_hal_uart.o
 .debug_info    0x0000a87f     0x203b Src\HGCodeFunction.o
 .debug_info    0x0000c8ba     0x1408 Src\HGCodeParser.o
 .debug_info    0x0000dcc2     0x233a Src\PWMStepMotor.o
 .debug_info    0x0000fffc     0x1b5f Src\StepMotorDriver.o
 .debug_info    0x00011b5b      0x5e8 Src\dma.o
 .debug_info    0x00012143      0x81a Src\gpio.o
 .debug_info    0x0001295d     0x22aa Src\main.o
 .debug_info    0x00014c07     0x160c Src\neoPixel.o
 .debug_info    0x00016213     0x11a4 Src\stm32f4xx_hal_msp.o
 .debug_info    0x000173b7     0x1aef Src\stm32f4xx_it.o
 .debug_info    0x00018ea6      0x939 Src\sysmem.o
 .debug_info    0x000197df      0x53e Src\system_stm32f4xx.o
 .debug_info    0x00019d1d     0x15c7 Src\tim.o
 .debug_info    0x0001b2e4      0xdf7 Src\usart.o
 .debug_info    0x0001c0db       0x78 startup\startup_stm32f446xx.o

.debug_abbrev   0x00000000     0x3bf4
 .debug_abbrev  0x00000000      0x23d Drivers\STM32F4xx_HAL_Driver\Src\stm32f4xx_hal.o
 .debug_abbrev  0x0000023d      0x314 Drivers\STM32F4xx_HAL_Driver\Src\stm32f4xx_hal_cortex.o
 .debug_abbrev  0x00000551      0x2e8 Drivers\STM32F4xx_HAL_Driver\Src\stm32f4xx_hal_dma.o
 .debug_abbrev  0x00000839      0x1ef Drivers\STM32F4xx_HAL_Driver\Src\stm32f4xx_hal_gpio.o
 .debug_abbrev  0x00000a28      0x1be Drivers\STM32F4xx_HAL_Driver\Src\stm32f4xx_hal_pwr_ex.o
 .debug_abbrev  0x00000be6      0x2cb Drivers\STM32F4xx_HAL_Driver\Src\stm32f4xx_hal_rcc.o
 .debug_abbrev  0x00000eb1      0x20d Drivers\STM32F4xx_HAL_Driver\Src\stm32f4xx_hal_rcc_ex.o
 .debug_abbrev  0x000010be      0x324 Drivers\STM32F4xx_HAL_Driver\Src\stm32f4xx_hal_tim.o
 .debug_abbrev  0x000013e2      0x29c Drivers\STM32F4xx_HAL_Driver\Src\stm32f4xx_hal_tim_ex.o
 .debug_abbrev  0x0000167e      0x2fb Drivers\STM32F4xx_HAL_Driver\Src\stm32f4xx_hal_uart.o
 .debug_abbrev  0x00001979      0x30c Src\HGCodeFunction.o
 .debug_abbrev  0x00001c85      0x399 Src\HGCodeParser.o
 .debug_abbrev  0x0000201e      0x3a2 Src\PWMStepMotor.o
 .debug_abbrev  0x000023c0      0x30c Src\StepMotorDriver.o
 .debug_abbrev  0x000026cc      0x139 Src\dma.o
 .debug_abbrev  0x00002805      0x18d Src\gpio.o
 .debug_abbrev  0x00002992      0x2cd Src\main.o
 .debug_abbrev  0x00002c5f      0x37d Src\neoPixel.o
 .debug_abbrev  0x00002fdc      0x227 Src\stm32f4xx_hal_msp.o
 .debug_abbrev  0x00003203      0x2b5 Src\stm32f4xx_it.o
 .debug_abbrev  0x000034b8      0x1e5 Src\sysmem.o
 .debug_abbrev  0x0000369d      0x10e Src\system_stm32f4xx.o
 .debug_abbrev  0x000037ab      0x246 Src\tim.o
 .debug_abbrev  0x000039f1      0x1f1 Src\usart.o
 .debug_abbrev  0x00003be2       0x12 startup\startup_stm32f446xx.o

.debug_loc      0x00000000     0x8eb2
 .debug_loc     0x00000000      0x11b Drivers\STM32F4xx_HAL_Driver\Src\stm32f4xx_hal.o
 .debug_loc     0x0000011b      0x4fb Drivers\STM32F4xx_HAL_Driver\Src\stm32f4xx_hal_cortex.o
 .debug_loc     0x00000616      0x727 Drivers\STM32F4xx_HAL_Driver\Src\stm32f4xx_hal_dma.o
 .debug_loc     0x00000d3d      0x378 Drivers\STM32F4xx_HAL_Driver\Src\stm32f4xx_hal_gpio.o
 .debug_loc     0x000010b5      0x15d Drivers\STM32F4xx_HAL_Driver\Src\stm32f4xx_hal_pwr_ex.o
 .debug_loc     0x00001212      0x336 Drivers\STM32F4xx_HAL_Driver\Src\stm32f4xx_hal_rcc.o
 .debug_loc     0x00001548      0xa31 Drivers\STM32F4xx_HAL_Driver\Src\stm32f4xx_hal_rcc_ex.o
 .debug_loc     0x00001f79     0x3009 Drivers\STM32F4xx_HAL_Driver\Src\stm32f4xx_hal_tim.o
 .debug_loc     0x00004f82      0xa7c Drivers\STM32F4xx_HAL_Driver\Src\stm32f4xx_hal_tim_ex.o
 .debug_loc     0x000059fe     0x1335 Drivers\STM32F4xx_HAL_Driver\Src\stm32f4xx_hal_uart.o
 .debug_loc     0x00006d33      0x421 Src\HGCodeFunction.o
 .debug_loc     0x00007154      0x2a5 Src\HGCodeParser.o
 .debug_loc     0x000073f9      0xdbc Src\PWMStepMotor.o
 .debug_loc     0x000081b5      0x1f5 Src\StepMotorDriver.o
 .debug_loc     0x000083aa       0xa1 Src\main.o
 .debug_loc     0x0000844b      0x6d3 Src\neoPixel.o
 .debug_loc     0x00008b1e       0x21 Src\stm32f4xx_hal_msp.o
 .debug_loc     0x00008b3f       0x21 Src\stm32f4xx_it.o
 .debug_loc     0x00008b60       0x4a Src\sysmem.o
 .debug_loc     0x00008baa      0x11c Src\system_stm32f4xx.o
 .debug_loc     0x00008cc6      0x15a Src\tim.o
 .debug_loc     0x00008e20       0x92 Src\usart.o

.debug_aranges  0x00000000      0xe28
 .debug_aranges
                0x00000000       0xe8 Drivers\STM32F4xx_HAL_Driver\Src\stm32f4xx_hal.o
 .debug_aranges
                0x000000e8       0xa8 Drivers\STM32F4xx_HAL_Driver\Src\stm32f4xx_hal_cortex.o
 .debug_aranges
                0x00000190       0x80 Drivers\STM32F4xx_HAL_Driver\Src\stm32f4xx_hal_dma.o
 .debug_aranges
                0x00000210       0x58 Drivers\STM32F4xx_HAL_Driver\Src\stm32f4xx_hal_gpio.o
 .debug_aranges
                0x00000268       0x60 Drivers\STM32F4xx_HAL_Driver\Src\stm32f4xx_hal_pwr_ex.o
 .debug_aranges
                0x000002c8       0x88 Drivers\STM32F4xx_HAL_Driver\Src\stm32f4xx_hal_rcc.o
 .debug_aranges
                0x00000350       0x78 Drivers\STM32F4xx_HAL_Driver\Src\stm32f4xx_hal_rcc_ex.o
 .debug_aranges
                0x000003c8      0x278 Drivers\STM32F4xx_HAL_Driver\Src\stm32f4xx_hal_tim.o
 .debug_aranges
                0x00000640       0xf8 Drivers\STM32F4xx_HAL_Driver\Src\stm32f4xx_hal_tim_ex.o
 .debug_aranges
                0x00000738      0x170 Drivers\STM32F4xx_HAL_Driver\Src\stm32f4xx_hal_uart.o
 .debug_aranges
                0x000008a8       0xa0 Src\HGCodeFunction.o
 .debug_aranges
                0x00000948       0x68 Src\HGCodeParser.o
 .debug_aranges
                0x000009b0      0x150 Src\PWMStepMotor.o
 .debug_aranges
                0x00000b00       0x50 Src\StepMotorDriver.o
 .debug_aranges
                0x00000b50       0x20 Src\dma.o
 .debug_aranges
                0x00000b70       0x20 Src\gpio.o
 .debug_aranges
                0x00000b90       0x30 Src\main.o
 .debug_aranges
                0x00000bc0       0x80 Src\neoPixel.o
 .debug_aranges
                0x00000c40       0x28 Src\stm32f4xx_hal_msp.o
 .debug_aranges
                0x00000c68       0xa8 Src\stm32f4xx_it.o
 .debug_aranges
                0x00000d10       0x20 Src\sysmem.o
 .debug_aranges
                0x00000d30       0x28 Src\system_stm32f4xx.o
 .debug_aranges
                0x00000d58       0x70 Src\tim.o
 .debug_aranges
                0x00000dc8       0x38 Src\usart.o
 .debug_aranges
                0x00000e00       0x28 startup\startup_stm32f446xx.o

.debug_ranges   0x00000000     0x1230
 .debug_ranges  0x00000000       0xd8 Drivers\STM32F4xx_HAL_Driver\Src\stm32f4xx_hal.o
 .debug_ranges  0x000000d8      0x128 Drivers\STM32F4xx_HAL_Driver\Src\stm32f4xx_hal_cortex.o
 .debug_ranges  0x00000200       0xc8 Drivers\STM32F4xx_HAL_Driver\Src\stm32f4xx_hal_dma.o
 .debug_ranges  0x000002c8       0x68 Drivers\STM32F4xx_HAL_Driver\Src\stm32f4xx_hal_gpio.o
 .debug_ranges  0x00000330       0xb0 Drivers\STM32F4xx_HAL_Driver\Src\stm32f4xx_hal_pwr_ex.o
 .debug_ranges  0x000003e0       0xb0 Drivers\STM32F4xx_HAL_Driver\Src\stm32f4xx_hal_rcc.o
 .debug_ranges  0x00000490       0x80 Drivers\STM32F4xx_HAL_Driver\Src\stm32f4xx_hal_rcc_ex.o
 .debug_ranges  0x00000510      0x340 Drivers\STM32F4xx_HAL_Driver\Src\stm32f4xx_hal_tim.o
 .debug_ranges  0x00000850       0xe8 Drivers\STM32F4xx_HAL_Driver\Src\stm32f4xx_hal_tim_ex.o
 .debug_ranges  0x00000938      0x178 Drivers\STM32F4xx_HAL_Driver\Src\stm32f4xx_hal_uart.o
 .debug_ranges  0x00000ab0       0xc0 Src\HGCodeFunction.o
 .debug_ranges  0x00000b70       0xa8 Src\HGCodeParser.o
 .debug_ranges  0x00000c18      0x170 Src\PWMStepMotor.o
 .debug_ranges  0x00000d88       0x60 Src\StepMotorDriver.o
 .debug_ranges  0x00000de8       0x30 Src\dma.o
 .debug_ranges  0x00000e18       0x40 Src\gpio.o
 .debug_ranges  0x00000e58       0x70 Src\main.o
 .debug_ranges  0x00000ec8       0xe8 Src\neoPixel.o
 .debug_ranges  0x00000fb0       0x30 Src\stm32f4xx_hal_msp.o
 .debug_ranges  0x00000fe0       0x98 Src\stm32f4xx_it.o
 .debug_ranges  0x00001078       0x10 Src\sysmem.o
 .debug_ranges  0x00001088       0x18 Src\system_stm32f4xx.o
 .debug_ranges  0x000010a0      0x118 Src\tim.o
 .debug_ranges  0x000011b8       0x58 Src\usart.o
 .debug_ranges  0x00001210       0x20 startup\startup_stm32f446xx.o

.debug_line     0x00000000     0x7ac1
 .debug_line    0x00000000      0x41b Drivers\STM32F4xx_HAL_Driver\Src\stm32f4xx_hal.o
 .debug_line    0x0000041b      0x456 Drivers\STM32F4xx_HAL_Driver\Src\stm32f4xx_hal_cortex.o
 .debug_line    0x00000871      0x56f Drivers\STM32F4xx_HAL_Driver\Src\stm32f4xx_hal_dma.o
 .debug_line    0x00000de0      0x3d7 Drivers\STM32F4xx_HAL_Driver\Src\stm32f4xx_hal_gpio.o
 .debug_line    0x000011b7      0x334 Drivers\STM32F4xx_HAL_Driver\Src\stm32f4xx_hal_pwr_ex.o
 .debug_line    0x000014eb      0x4f4 Drivers\STM32F4xx_HAL_Driver\Src\stm32f4xx_hal_rcc.o
 .debug_line    0x000019df      0x6f3 Drivers\STM32F4xx_HAL_Driver\Src\stm32f4xx_hal_rcc_ex.o
 .debug_line    0x000020d2     0x1183 Drivers\STM32F4xx_HAL_Driver\Src\stm32f4xx_hal_tim.o
 .debug_line    0x00003255      0x67d Drivers\STM32F4xx_HAL_Driver\Src\stm32f4xx_hal_tim_ex.o
 .debug_line    0x000038d2      0xb76 Drivers\STM32F4xx_HAL_Driver\Src\stm32f4xx_hal_uart.o
 .debug_line    0x00004448      0x551 Src\HGCodeFunction.o
 .debug_line    0x00004999      0x442 Src\HGCodeParser.o
 .debug_line    0x00004ddb      0x7b1 Src\PWMStepMotor.o
 .debug_line    0x0000558c      0x445 Src\StepMotorDriver.o
 .debug_line    0x000059d1      0x1e4 Src\dma.o
 .debug_line    0x00005bb5      0x224 Src\gpio.o
 .debug_line    0x00005dd9      0x4fd Src\main.o
 .debug_line    0x000062d6      0x464 Src\neoPixel.o
 .debug_line    0x0000673a      0x377 Src\stm32f4xx_hal_msp.o
 .debug_line    0x00006ab1      0x509 Src\stm32f4xx_it.o
 .debug_line    0x00006fba      0x156 Src\sysmem.o
 .debug_line    0x00007110      0x1de Src\system_stm32f4xx.o
 .debug_line    0x000072ee      0x445 Src\tim.o
 .debug_line    0x00007733      0x30f Src\usart.o
 .debug_line    0x00007a42       0x7f startup\startup_stm32f446xx.o

.debug_str      0x00000000     0x4dc4
 .debug_str     0x00000000      0xb98 Drivers\STM32F4xx_HAL_Driver\Src\stm32f4xx_hal.o
                                0xc1b (size before relaxing)
 .debug_str     0x00000b98      0x4a1 Drivers\STM32F4xx_HAL_Driver\Src\stm32f4xx_hal_cortex.o
                                0xcc1 (size before relaxing)
 .debug_str     0x00001039      0x527 Drivers\STM32F4xx_HAL_Driver\Src\stm32f4xx_hal_dma.o
                                0x7cc (size before relaxing)
 .debug_str     0x00001560      0x1d8 Drivers\STM32F4xx_HAL_Driver\Src\stm32f4xx_hal_gpio.o
                                0x56b (size before relaxing)
 .debug_str     0x00001738      0x164 Drivers\STM32F4xx_HAL_Driver\Src\stm32f4xx_hal_pwr_ex.o
                                0x556 (size before relaxing)
 .debug_str     0x0000189c      0x2e2 Drivers\STM32F4xx_HAL_Driver\Src\stm32f4xx_hal_rcc.o
                                0x743 (size before relaxing)
 .debug_str     0x00001b7e      0x33f Drivers\STM32F4xx_HAL_Driver\Src\stm32f4xx_hal_rcc_ex.o
                                0x846 (size before relaxing)
 .debug_str     0x00001ebd      0xff6 Drivers\STM32F4xx_HAL_Driver\Src\stm32f4xx_hal_tim.o
                               0x1523 (size before relaxing)
 .debug_str     0x00002eb3      0x548 Drivers\STM32F4xx_HAL_Driver\Src\stm32f4xx_hal_tim_ex.o
                                0xd3b (size before relaxing)
 .debug_str     0x000033fb      0x6d3 Drivers\STM32F4xx_HAL_Driver\Src\stm32f4xx_hal_uart.o
                                0xc6e (size before relaxing)
 .debug_str     0x00003ace      0x9cb Src\HGCodeFunction.o
                               0x17ff (size before relaxing)
 .debug_str     0x00004499      0x129 Src\HGCodeParser.o
                                0xd21 (size before relaxing)
 .debug_str     0x000045c2      0x2ec Src\PWMStepMotor.o
                               0x1873 (size before relaxing)
 .debug_str     0x000048ae       0x5b Src\StepMotorDriver.o
                               0x1656 (size before relaxing)
 .debug_str     0x00004909       0x19 Src\dma.o
                                0x89c (size before relaxing)
 .debug_str     0x00004922       0x1b Src\gpio.o
                                0x962 (size before relaxing)
 .debug_str     0x0000493d       0xbf Src\main.o
                               0x19d5 (size before relaxing)
 .debug_str     0x000049fc       0xbb Src\neoPixel.o
                                0xca1 (size before relaxing)
 .debug_str     0x00004ab7       0x1b Src\stm32f4xx_hal_msp.o
                                0xcee (size before relaxing)
 .debug_str     0x00004ad2      0x1f1 Src\stm32f4xx_it.o
                               0x17de (size before relaxing)
 .debug_str     0x00004cc3       0x5a Src\sysmem.o
                                0x617 (size before relaxing)
 .debug_str     0x00004d1d       0x45 Src\system_stm32f4xx.o
                                0x3cf (size before relaxing)
 .debug_str     0x00004d62       0x48 Src\tim.o
                               0x111b (size before relaxing)
 .debug_str     0x00004daa       0x1a Src\usart.o
                                0xe15 (size before relaxing)

.comment        0x00000000       0x7c
 .comment       0x00000000       0x7c Drivers\STM32F4xx_HAL_Driver\Src\stm32f4xx_hal.o
                                 0x7d (size before relaxing)
 .comment       0x0000007c       0x7d Drivers\STM32F4xx_HAL_Driver\Src\stm32f4xx_hal_cortex.o
 .comment       0x0000007c       0x7d Drivers\STM32F4xx_HAL_Driver\Src\stm32f4xx_hal_dma.o
 .comment       0x0000007c       0x7d Drivers\STM32F4xx_HAL_Driver\Src\stm32f4xx_hal_gpio.o
 .comment       0x0000007c       0x7d Drivers\STM32F4xx_HAL_Driver\Src\stm32f4xx_hal_pwr_ex.o
 .comment       0x0000007c       0x7d Drivers\STM32F4xx_HAL_Driver\Src\stm32f4xx_hal_rcc.o
 .comment       0x0000007c       0x7d Drivers\STM32F4xx_HAL_Driver\Src\stm32f4xx_hal_rcc_ex.o
 .comment       0x0000007c       0x7d Drivers\STM32F4xx_HAL_Driver\Src\stm32f4xx_hal_tim.o
 .comment       0x0000007c       0x7d Drivers\STM32F4xx_HAL_Driver\Src\stm32f4xx_hal_tim_ex.o
 .comment       0x0000007c       0x7d Drivers\STM32F4xx_HAL_Driver\Src\stm32f4xx_hal_uart.o
 .comment       0x0000007c       0x7d Src\HGCodeFunction.o
 .comment       0x0000007c       0x7d Src\HGCodeParser.o
 .comment       0x0000007c       0x7d Src\PWMStepMotor.o
 .comment       0x0000007c       0x7d Src\StepMotorDriver.o
 .comment       0x0000007c       0x7d Src\dma.o
 .comment       0x0000007c       0x7d Src\gpio.o
 .comment       0x0000007c       0x7d Src\main.o
 .comment       0x0000007c       0x7d Src\neoPixel.o
 .comment       0x0000007c       0x7d Src\stm32f4xx_hal_msp.o
 .comment       0x0000007c       0x7d Src\stm32f4xx_it.o
 .comment       0x0000007c       0x7d Src\sysmem.o
 .comment       0x0000007c       0x7d Src\system_stm32f4xx.o
 .comment       0x0000007c       0x7d Src\tim.o
 .comment       0x0000007c       0x7d Src\usart.o

.debug_frame    0x00000000     0x2de4
 .debug_frame   0x00000000      0x1f0 Drivers\STM32F4xx_HAL_Driver\Src\stm32f4xx_hal.o
 .debug_frame   0x000001f0      0x158 Drivers\STM32F4xx_HAL_Driver\Src\stm32f4xx_hal_cortex.o
 .debug_frame   0x00000348      0x150 Drivers\STM32F4xx_HAL_Driver\Src\stm32f4xx_hal_dma.o
 .debug_frame   0x00000498       0xd8 Drivers\STM32F4xx_HAL_Driver\Src\stm32f4xx_hal_gpio.o
 .debug_frame   0x00000570       0xf4 Drivers\STM32F4xx_HAL_Driver\Src\stm32f4xx_hal_pwr_ex.o
 .debug_frame   0x00000664      0x13c Drivers\STM32F4xx_HAL_Driver\Src\stm32f4xx_hal_rcc.o
 .debug_frame   0x000007a0      0x150 Drivers\STM32F4xx_HAL_Driver\Src\stm32f4xx_hal_rcc_ex.o
 .debug_frame   0x000008f0      0x928 Drivers\STM32F4xx_HAL_Driver\Src\stm32f4xx_hal_tim.o
 .debug_frame   0x00001218      0x360 Drivers\STM32F4xx_HAL_Driver\Src\stm32f4xx_hal_tim_ex.o
 .debug_frame   0x00001578      0x4a0 Drivers\STM32F4xx_HAL_Driver\Src\stm32f4xx_hal_uart.o
 .debug_frame   0x00001a18      0x2c8 Src\HGCodeFunction.o
 .debug_frame   0x00001ce0       0xe4 Src\HGCodeParser.o
 .debug_frame   0x00001dc4      0x354 Src\PWMStepMotor.o
 .debug_frame   0x00002118       0xc0 Src\StepMotorDriver.o
 .debug_frame   0x000021d8       0x2c Src\dma.o
 .debug_frame   0x00002204       0x38 Src\gpio.o
 .debug_frame   0x0000223c       0x68 Src\main.o
 .debug_frame   0x000022a4      0x184 Src\neoPixel.o
 .debug_frame   0x00002428       0x38 Src\stm32f4xx_hal_msp.o
 .debug_frame   0x00002460      0x1bc Src\stm32f4xx_it.o
 .debug_frame   0x0000261c       0x28 Src\sysmem.o
 .debug_frame   0x00002644       0x38 Src\system_stm32f4xx.o
 .debug_frame   0x0000267c      0x164 Src\tim.o
 .debug_frame   0x000027e0       0x9c Src\usart.o
 .debug_frame   0x0000287c       0x20 c:/program files (x86)/atollic/truestudio for stm32 9.3.0/armtools/bin/../lib/gcc/arm-atollic-eabi/6.3.1/../../../../arm-atollic-eabi/lib/armv7e-m/fpu\libc_nano.a(lib_a-errno.o)
 .debug_frame   0x0000289c       0x2c c:/program files (x86)/atollic/truestudio for stm32 9.3.0/armtools/bin/../lib/gcc/arm-atollic-eabi/6.3.1/../../../../arm-atollic-eabi/lib/armv7e-m/fpu\libc_nano.a(lib_a-init.o)
 .debug_frame   0x000028c8       0x30 c:/program files (x86)/atollic/truestudio for stm32 9.3.0/armtools/bin/../lib/gcc/arm-atollic-eabi/6.3.1/../../../../arm-atollic-eabi/lib/armv7e-m/fpu\libc_nano.a(lib_a-malloc.o)
 .debug_frame   0x000028f8       0x20 c:/program files (x86)/atollic/truestudio for stm32 9.3.0/armtools/bin/../lib/gcc/arm-atollic-eabi/6.3.1/../../../../arm-atollic-eabi/lib/armv7e-m/fpu\libc_nano.a(lib_a-memset.o)
 .debug_frame   0x00002918       0x38 c:/program files (x86)/atollic/truestudio for stm32 9.3.0/armtools/bin/../lib/gcc/arm-atollic-eabi/6.3.1/../../../../arm-atollic-eabi/lib/armv7e-m/fpu\libc_nano.a(lib_a-nano-freer.o)
 .debug_frame   0x00002950       0x2c c:/program files (x86)/atollic/truestudio for stm32 9.3.0/armtools/bin/../lib/gcc/arm-atollic-eabi/6.3.1/../../../../arm-atollic-eabi/lib/armv7e-m/fpu\libc_nano.a(lib_a-nano-mallocr.o)
 .debug_frame   0x0000297c       0x2c c:/program files (x86)/atollic/truestudio for stm32 9.3.0/armtools/bin/../lib/gcc/arm-atollic-eabi/6.3.1/../../../../arm-atollic-eabi/lib/armv7e-m/fpu\libc_nano.a(lib_a-sbrkr.o)
 .debug_frame   0x000029a8       0x70 c:/program files (x86)/atollic/truestudio for stm32 9.3.0/armtools/bin/../lib/gcc/arm-atollic-eabi/6.3.1/../../../../arm-atollic-eabi/lib/armv7e-m/fpu\libc_nano.a(lib_a-sprintf.o)
 .debug_frame   0x00002a18       0x30 c:/program files (x86)/atollic/truestudio for stm32 9.3.0/armtools/bin/../lib/gcc/arm-atollic-eabi/6.3.1/../../../../arm-atollic-eabi/lib/armv7e-m/fpu\libc_nano.a(lib_a-mlock.o)
 .debug_frame   0x00002a48       0x90 c:/program files (x86)/atollic/truestudio for stm32 9.3.0/armtools/bin/../lib/gcc/arm-atollic-eabi/6.3.1/../../../../arm-atollic-eabi/lib/armv7e-m/fpu\libc_nano.a(lib_a-nano-svfprintf.o)
 .debug_frame   0x00002ad8       0x60 c:/program files (x86)/atollic/truestudio for stm32 9.3.0/armtools/bin/../lib/gcc/arm-atollic-eabi/6.3.1/../../../../arm-atollic-eabi/lib/armv7e-m/fpu\libc_nano.a(lib_a-nano-vfprintf_i.o)
 .debug_frame   0x00002b38       0x5c c:/program files (x86)/atollic/truestudio for stm32 9.3.0/armtools/bin/../lib/gcc/arm-atollic-eabi/6.3.1/../../../../arm-atollic-eabi/lib/armv7e-m/fpu\libc_nano.a(lib_a-reent.o)
 .debug_frame   0x00002b94       0x28 c:/program files (x86)/atollic/truestudio for stm32 9.3.0/armtools/bin/../lib/gcc/arm-atollic-eabi/6.3.1/../../../../arm-atollic-eabi/lib/armv7e-m/fpu\libc_nano.a(lib_a-memcpy-stub.o)
 .debug_frame   0x00002bbc       0x28 c:/program files (x86)/atollic/truestudio for stm32 9.3.0/armtools/bin/../lib/gcc/arm-atollic-eabi/6.3.1/../../../../arm-atollic-eabi/lib/armv7e-m/fpu\libc_nano.a(lib_a-memmove.o)
 .debug_frame   0x00002be4       0x3c c:/program files (x86)/atollic/truestudio for stm32 9.3.0/armtools/bin/../lib/gcc/arm-atollic-eabi/6.3.1/../../../../arm-atollic-eabi/lib/armv7e-m/fpu\libc_nano.a(lib_a-nano-reallocr.o)
 .debug_frame   0x00002c20       0x20 c:/program files (x86)/atollic/truestudio for stm32 9.3.0/armtools/bin/../lib/gcc/arm-atollic-eabi/6.3.1/../../../../arm-atollic-eabi/lib/armv7e-m/fpu\libc_nano.a(lib_a-nano-msizer.o)
 .debug_frame   0x00002c40       0xac c:/program files (x86)/atollic/truestudio for stm32 9.3.0/armtools/bin/../lib/gcc/arm-atollic-eabi/6.3.1/armv7e-m/fpu\libgcc.a(_arm_addsubdf3.o)
 .debug_frame   0x00002cec       0x50 c:/program files (x86)/atollic/truestudio for stm32 9.3.0/armtools/bin/../lib/gcc/arm-atollic-eabi/6.3.1/armv7e-m/fpu\libgcc.a(_arm_muldivdf3.o)
 .debug_frame   0x00002d3c       0x24 c:/program files (x86)/atollic/truestudio for stm32 9.3.0/armtools/bin/../lib/gcc/arm-atollic-eabi/6.3.1/armv7e-m/fpu\libgcc.a(_arm_fixdfsi.o)
 .debug_frame   0x00002d60       0x24 c:/program files (x86)/atollic/truestudio for stm32 9.3.0/armtools/bin/../lib/gcc/arm-atollic-eabi/6.3.1/armv7e-m/fpu\libgcc.a(_arm_fixunsdfsi.o)
 .debug_frame   0x00002d84       0x2c c:/program files (x86)/atollic/truestudio for stm32 9.3.0/armtools/bin/../lib/gcc/arm-atollic-eabi/6.3.1/armv7e-m/fpu\libgcc.a(_aeabi_uldivmod.o)
 .debug_frame   0x00002db0       0x34 c:/program files (x86)/atollic/truestudio for stm32 9.3.0/armtools/bin/../lib/gcc/arm-atollic-eabi/6.3.1/armv7e-m/fpu\libgcc.a(_udivmoddi4.o)
