HGCodeFunction.c:15:6:startHGCode	32	static
HGCodeFunction.c:65:6:G01	16	static
HGCodeFunction.c:90:6:G02	4	static
HGCodeFunction.c:93:6:G04	4	static
HGCodeFunction.c:96:6:G05	4	static
HGCodeFunction.c:99:6:G27	8	static
HGCodeFunction.c:103:6:G28	8	static
HGCodeFunction.c:109:6:G30	4	static
HGCodeFunction.c:112:6:G31	4	static
HGCodeFunction.c:115:6:G99	4	static
HGCodeFunction.c:118:6:H01	4	static
HGCodeFunction.c:121:6:H05	4	static
HGCodeFunction.c:124:6:H10	8	static
HGCodeFunction.c:128:6:H11	8	static
HGCodeFunction.c:132:6:H20	8	static
HGCodeFunction.c:136:6:H21	8	static
HGCodeFunction.c:140:6:H100	8	static
