HGCodeFunction.c:61:6:G01	8	static
HGCodeFunction.c:67:6:G02	0	static
HGCodeFunction.c:70:6:G04	0	static
HGCodeFunction.c:73:6:G05	0	static
HGCodeFunction.c:76:6:G27	8	static
HGCodeFunction.c:80:6:G28	8	static
HGCodeFunction.c:87:6:G30	0	static
HGCodeFunction.c:90:6:G31	0	static
HGCodeFunction.c:93:6:G99	0	static
HGCodeFunction.c:96:6:H01	0	static
HGCodeFunction.c:99:6:H05	0	static
HGCodeFunction.c:102:6:H10	8	static
HGCodeFunction.c:106:6:H11	8	static
HGCodeFunction.c:110:6:H20	8	static
HGCodeFunction.c:114:6:H21	8	static
HGCodeFunction.c:15:6:startHGCode	16	static
