HGCodeFunction.c:17:6:startHGCode	8	static
HGCodeFunction.c:24:6:G01	8	static
HGCodeFunction.c:35:6:G02	16	static
HGCodeFunction.c:47:6:G03	8	static
HGCodeFunction.c:58:6:G04	0	static
HGCodeFunction.c:61:6:G05	0	static
HGCodeFunction.c:64:6:G27	0	static
HGCodeFunction.c:68:6:G28	8	static
HGCodeFunction.c:78:6:G30	0	static
HGCodeFunction.c:81:6:G31	0	static
HGCodeFunction.c:84:6:G99	0	static
HGCodeFunction.c:87:6:H01	0	static
HGCodeFunction.c:90:6:H05	0	static
HGCodeFunction.c:94:6:H10	0	static
HGCodeFunction.c:98:6:H11	0	static
HGCodeFunction.c:102:6:H20	0	static
HGCodeFunction.c:106:6:H21	0	static
HGCodeFunction.c:113:6:H30	16	static
HGCodeFunction.c:122:6:H31	16	static
HGCodeFunction.c:132:6:H32	16	static
HGCodeFunction.c:142:6:H33	16	static
HGCodeFunction.c:151:6:H40	0	static
HGCodeFunction.c:159:6:H41	0	static
HGCodeFunction.c:166:6:H42	0	static
HGCodeFunction.c:173:6:H43	0	static
HGCodeFunction.c:180:6:H44	0	static
HGCodeFunction.c:188:6:H50	16	static
HGCodeFunction.c:195:6:H51	16	static
HGCodeFunction.c:203:6:H60	0	static
HGCodeFunction.c:208:6:H100	0	static
HGCodeFunction.c:220:6:sendResponse	24	static
