HGCodeParser.c:16:6:HGCodeInit	16	static
HGCodeParser.c:34:6:HGCodeDMAStart	8	static
HGCodeParser.c:38:8:HGCodeCheckCommandBuffer	4	static
HGCodeParser.c:46:8:HGCodeCheckDataBuffer	8	static
HGCodeParser.c:54:6:HGCodeDecodeCommand	56	static
HGCodeParser.c:151:10:HGCodeGetCommandCount	4	static
HGCodeParser.c:155:22:HGCodeGetCommandData	16	static
HGCodeParser.c:170:6:HGCodePutData	32	static
HGCodeParser.c:200:9:HGCodeCharToInt	32	static
HGCodeParser.c:210:8:HGCodeCharToDouble	56	static
HGCodeParser.c:229:6:DecodeTimerInterruptHandler	8	static
