HGCodeFunction.c:63:6:G01	8	static
HGCodeFunction.c:69:6:G02	0	static
HGCodeFunction.c:72:6:G04	0	static
HGCodeFunction.c:75:6:G05	0	static
HGCodeFunction.c:78:6:G27	8	static
HGCodeFunction.c:82:6:G28	8	static
HGCodeFunction.c:89:6:G30	0	static
HGCodeFunction.c:92:6:G31	0	static
HGCodeFunction.c:95:6:G99	0	static
HGCodeFunction.c:98:6:H01	0	static
HGCodeFunction.c:101:6:H05	0	static
HGCodeFunction.c:104:6:H10	8	static
HGCodeFunction.c:108:6:H11	8	static
HGCodeFunction.c:112:6:H20	8	static
HGCodeFunction.c:116:6:H21	8	static
HGCodeFunction.c:120:6:H100	8	static
HGCodeFunction.c:15:6:startHGCode	16	static
