HGCodeFunction.c:17:6:startHGCode	8	static
HGCodeFunction.c:24:6:G01	8	static
HGCodeFunction.c:35:6:G02	16	static
HGCodeFunction.c:47:6:G04	0	static
HGCodeFunction.c:50:6:G05	0	static
HGCodeFunction.c:53:6:G27	0	static
HGCodeFunction.c:57:6:G28	8	static
HGCodeFunction.c:67:6:G30	0	static
HGCodeFunction.c:70:6:G31	0	static
HGCodeFunction.c:73:6:G99	0	static
HGCodeFunction.c:76:6:H01	0	static
HGCodeFunction.c:79:6:H05	0	static
HGCodeFunction.c:82:6:H10	0	static
HGCodeFunction.c:86:6:H11	0	static
HGCodeFunction.c:90:6:H20	0	static
HGCodeFunction.c:94:6:H21	0	static
HGCodeFunction.c:98:6:H30	8	static
HGCodeFunction.c:107:6:H31	8	static
HGCodeFunction.c:117:6:H32	8	static
HGCodeFunction.c:127:6:H33	8	static
HGCodeFunction.c:137:6:H40	0	static
HGCodeFunction.c:145:6:H41	0	static
HGCodeFunction.c:152:6:H42	0	static
HGCodeFunction.c:159:6:H43	0	static
HGCodeFunction.c:166:6:H44	0	static
HGCodeFunction.c:174:6:H50	16	static
HGCodeFunction.c:183:6:H51	16	static
HGCodeFunction.c:191:6:H60	0	static
HGCodeFunction.c:196:6:H100	0	static
HGCodeFunction.c:208:6:sendResponse	24	static
