neoPixel.c:47:6:updateColor.part.1	8	static
neoPixel.c:13:6:setNeoPixel	32	static
neoPixel.c:26:10:converColorTo32	0	static
neoPixel.c:29:6:setColor	20	static
neoPixel.c:35:6:setColorArr	16	static
neoPixel.c:47:6:updateColor	8	static
neoPixel.c:41:6:updateColorBlack	16	static
neoPixel.c:61:6:updateColorBuff	16	static
neoPixel.c:75:10:getNDTR	0	static
neoPixel.c:79:6:setMode	0	static
neoPixel.c:93:6:setModeClear	0	static
neoPixel.c:96:6:freeNeoPixel	0	static
neoPixel.c:100:6:NPEXITHandle	1168	static
