PWMStepMotor.c:20:6:STMotorInitControl	0	static
PWMStepMotor.c:25:6:STMotorInitHandler	16	static
PWMStepMotor.c:45:6:STMotorInitParam	8	static
PWMStepMotor.c:63:10:STMotorGetPosition	0	static
PWMStepMotor.c:66:10:STMotorGetCurSpeed	0	static
PWMStepMotor.c:69:10:STMotorGetMaxSpeed	0	static
PWMStepMotor.c:72:10:STMotorGetMinSpeed	0	static
PWMStepMotor.c:75:9:STMotorGetMicroStep	0	static
PWMStepMotor.c:79:9:STMotorGetMotorStep	0	static
PWMStepMotor.c:83:9:STMotorGetScrewPitch	0	static
PWMStepMotor.c:87:10:STMotorGetDeviceNum	0	static
PWMStepMotor.c:91:10:STMotorSetDeviceNum	0	static
PWMStepMotor.c:94:10:STMotorSetMaxSpeed	0	static
PWMStepMotor.c:102:10:STMotorSetMinSpeed	0	static
PWMStepMotor.c:109:10:STMotorSetAccelSpeed	0	static
PWMStepMotor.c:116:10:STMotorSetDecelSpeed	0	static
PWMStepMotor.c:124:10:STMotorCalcAccelSpeed	16	static
PWMStepMotor.c:172:10:STMotorSetFreq	16	static
PWMStepMotor.c:184:10:STMotorStopFreq	8	static
PWMStepMotor.c:218:10:STMotorMoveStart	8	static
PWMStepMotor.c:191:10:STMotorGoStep	16	static
PWMStepMotor.c:237:10:STMotorGoSpeed	16	static
PWMStepMotor.c:264:10:STMotorAutoHome	16	static
PWMStepMotor.c:299:10:STMotorGoMicro	16	static
PWMStepMotor.c:302:10:STMotorGoRotation	16	static
PWMStepMotor.c:306:10:STMotorHardStop	0	static
PWMStepMotor.c:309:10:STMotorSoftStop	0	static
PWMStepMotor.c:313:10:STMotorWaitingActivate	16	static
PWMStepMotor.c:326:9:STMotorIsActivate	0	static
PWMStepMotor.c:330:10:STMotorGoHome	8	static
PWMStepMotor.c:338:10:STMotorSetHome	0	static
PWMStepMotor.c:344:8:STMotorCalcStepToRotation	8	static
PWMStepMotor.c:347:9:STMotorCalcRotationToStep	8	static
PWMStepMotor.c:351:9:STMotorCalcRotationToMicro	8	static
PWMStepMotor.c:354:8:STMotorCalcMicroToRotation	8	static
PWMStepMotor.c:358:9:STMotorCalcStepToMilli	0	static
PWMStepMotor.c:361:9:STMotorCalcMicroToStep	8	static
PWMStepMotor.c:365:10:STMotorPWMPulseInterruptHandle	24	static
PWMStepMotor.c:473:10:STMotorEXTInterruptHandle	0	static
