PWMStepMotor.c:20:6:STMotorInitControl	0	static
PWMStepMotor.c:25:6:STMotorInitHandler	16	static
PWMStepMotor.c:41:6:STMotorInitParam	8	static
PWMStepMotor.c:57:10:STMotorGetPosition	0	static
PWMStepMotor.c:60:10:STMotorGetCurSpeed	0	static
PWMStepMotor.c:63:10:STMotorGetMaxSpeed	0	static
PWMStepMotor.c:66:10:STMotorGetMinSpeed	0	static
PWMStepMotor.c:69:9:STMotorGetMicroStep	0	static
PWMStepMotor.c:73:9:STMotorGetMotorStep	0	static
PWMStepMotor.c:77:9:STMotorGetScrewPitch	0	static
PWMStepMotor.c:81:10:STMotorGetDeviceNum	0	static
PWMStepMotor.c:94:10:STMotorSetMaxSpeed	0	static
PWMStepMotor.c:97:10:STMotorSetMinSpeed	0	static
PWMStepMotor.c:100:10:STMotorSetcurSpeed	0	static
PWMStepMotor.c:103:10:STMotorSetDeviceNum	0	static
PWMStepMotor.c:107:10:STMotorCalcAccelSpeed	16	static
PWMStepMotor.c:147:10:STMotorSetFreq	16	static
PWMStepMotor.c:158:10:STMotorStopFreq	16	static
PWMStepMotor.c:166:10:STMotorMoveStart	16	static
PWMStepMotor.c:187:10:STMotorGoStep	16	static
PWMStepMotor.c:209:10:STMotorGoSpeed	24	static
PWMStepMotor.c:236:10:STMotorAutoHome	8	static
PWMStepMotor.c:247:10:STMotorGoMilli	8	static
PWMStepMotor.c:250:10:STMotorGoRotation	8	static
PWMStepMotor.c:254:10:STMotorHardStop	0	static
PWMStepMotor.c:258:10:STMotorSoftStop	0	static
PWMStepMotor.c:262:10:STMotorWaitingActivate	16	static
PWMStepMotor.c:276:10:STMotorGoHome	8	static
PWMStepMotor.c:281:10:STMotorSetHome	0	static
PWMStepMotor.c:287:8:STMotorCalcStepToRotation	8	static
PWMStepMotor.c:291:10:STMotorCalcRotationToStep	8	static
PWMStepMotor.c:296:8:STMotorCalcRotationToMilli	8	static
PWMStepMotor.c:300:8:STMotorCalcMilliToRotation	8	static
PWMStepMotor.c:305:8:STMotorCalcStepToMilli	8	static
PWMStepMotor.c:309:10:STMotorCalcMilliToStep	8	static
PWMStepMotor.c:317:10:STMotorPWMPulseInterruptHandle	24	static
PWMStepMotor.c:421:10:STMotorEXTInterruptHandle	8	static
