PWMStepMotor.c:20:6:STMotorInitControl	0	static
PWMStepMotor.c:25:6:STMotorInitHandler	16	static
PWMStepMotor.c:45:6:STMotorInitParam	8	static
PWMStepMotor.c:61:10:STMotorGetPosition	0	static
PWMStepMotor.c:64:10:STMotorGetCurSpeed	0	static
PWMStepMotor.c:67:10:STMotorGetMaxSpeed	0	static
PWMStepMotor.c:70:10:STMotorGetMinSpeed	0	static
PWMStepMotor.c:73:9:STMotorGetMicroStep	0	static
PWMStepMotor.c:77:9:STMotorGetMotorStep	0	static
PWMStepMotor.c:81:9:STMotorGetScrewPitch	0	static
PWMStepMotor.c:85:10:STMotorGetDeviceNum	0	static
PWMStepMotor.c:88:10:STMotorSetMaxSpeed	0	static
PWMStepMotor.c:91:10:STMotorSetMinSpeed	0	static
PWMStepMotor.c:94:10:STMotorSetcurSpeed	0	static
PWMStepMotor.c:97:10:STMotorSetDeviceNum	0	static
PWMStepMotor.c:100:10:STMotorSetAccelSpeed	0	static
PWMStepMotor.c:103:10:STMotorSetDecelSpeed	0	static
PWMStepMotor.c:107:10:STMotorCalcAccelSpeed	16	static
PWMStepMotor.c:150:10:STMotorSetFreq	16	static
PWMStepMotor.c:162:10:STMotorStopFreq	8	static
PWMStepMotor.c:196:10:STMotorMoveStart	8	static
PWMStepMotor.c:169:10:STMotorGoStep	16	static
PWMStepMotor.c:215:10:STMotorGoSpeed	16	static
PWMStepMotor.c:242:10:STMotorAutoHome	16	static
PWMStepMotor.c:277:10:STMotorGoMicro	8	static
PWMStepMotor.c:280:10:STMotorGoRotation	8	static
PWMStepMotor.c:284:10:STMotorHardStop	0	static
PWMStepMotor.c:287:10:STMotorSoftStop	0	static
PWMStepMotor.c:291:10:STMotorWaitingActivate	16	static
PWMStepMotor.c:304:9:STMotorIsActivate	0	static
PWMStepMotor.c:308:10:STMotorGoHome	8	static
PWMStepMotor.c:316:10:STMotorSetHome	0	static
PWMStepMotor.c:322:8:STMotorCalcStepToRotation	8	static
PWMStepMotor.c:325:9:STMotorCalcRotationToStep	8	static
PWMStepMotor.c:329:9:STMotorCalcRotationToMicro	8	static
PWMStepMotor.c:332:8:STMotorCalcMicroToRotation	8	static
PWMStepMotor.c:336:9:STMotorCalcStepToMilli	0	static
PWMStepMotor.c:339:9:STMotorCalcMicroToStep	8	static
PWMStepMotor.c:343:10:STMotorPWMPulseInterruptHandle	24	static
PWMStepMotor.c:453:10:STMotorEXTInterruptHandle	0	static
