stm32f4xx_it.c:89:6:NMI_Handler	0	static
stm32f4xx_it.c:102:6:HardFault_Handler	0	static
stm32f4xx_it.c:117:6:MemManage_Handler	0	static
stm32f4xx_it.c:132:6:BusFault_Handler	0	static
stm32f4xx_it.c:147:6:UsageFault_Handler	0	static
stm32f4xx_it.c:162:6:SVC_Handler	0	static
stm32f4xx_it.c:175:6:DebugMon_Handler	0	static
stm32f4xx_it.c:188:6:PendSV_Handler	0	static
stm32f4xx_it.c:201:6:SysTick_Handler	0	static
stm32f4xx_it.c:222:6:EXTI0_IRQHandler	8	static
stm32f4xx_it.c:236:6:EXTI3_IRQHandler	0	static
stm32f4xx_it.c:250:6:DMA1_Stream5_IRQHandler	0	static
stm32f4xx_it.c:264:6:TIM5_IRQHandler	0	static
stm32f4xx_it.c:278:6:TIM6_DAC_IRQHandler	8	static
